Component: ARM Compiler 5.06 update 7 (build 960) Tool: armlink [4d3601]

==============================================================================

Section Cross References

    main.o(i.main) refers to model_log.o(i.log_init) for log_init
    main.o(i.main) refers to nrf_log_frontend.o(i.nrf_log_frontend_std_0) for nrf_log_frontend_std_0
    main.o(i.main) refers to hal_timer.o(i.apptimer_init) for apptimer_init
    main.o(i.main) refers to model_calendar.o(i.app_timer_init_calendar) for app_timer_init_calendar
    main.o(i.main) refers to model_data_trs.o(i.app_timer_init_data_trs) for app_timer_init_data_trs
    main.o(i.main) refers to power.o(i.power_management_init) for power_management_init
    main.o(i.main) refers to user_hardware.o(i.watchdog_module_init) for watchdog_module_init
    main.o(i.main) refers to model_ble.o(i.ble_init) for ble_init
    main.o(i.main) refers to power.o(i.power_reset_reason_get) for power_reset_reason_get
    main.o(i.main) refers to memseta.o(.text) for __aeabi_memset
    main.o(i.main) refers to model_bond.o(i.local_addr_get) for local_addr_get
    main.o(i.main) refers to nrf_log_frontend.o(i.nrf_log_frontend_std_6) for nrf_log_frontend_std_6
    main.o(i.main) refers to model_bond.o(i.is_bonded) for is_bonded
    main.o(i.main) refers to nrf_log_frontend.o(i.nrf_log_frontend_std_1) for nrf_log_frontend_std_1
    main.o(i.main) refers to model_calendar.o(i.app_timer_start_calendar) for app_timer_start_calendar
    main.o(i.main) refers to user_hardware.o(i.peri_on_board_init) for peri_on_board_init
    main.o(i.main) refers to model_ble.o(i.advertising_start) for advertising_start
    main.o(i.main) refers to power.o(i.IDLE_ENTER) for IDLE_ENTER
    main.o(i.main) refers to model_cmd_act.o(i.cmd_queue_pop) for cmd_queue_pop
    main.o(i.main) refers to nrf_log_frontend.o(i.nrf_log_frontend_hexdump) for nrf_log_frontend_hexdump
    main.o(i.main) refers to model_cmd_act.o(i.cmd_jump) for cmd_jump
    main.o(i.main) refers to model_cmd_act.o(i.rsp_queue_pop) for rsp_queue_pop
    main.o(i.main) refers to model_cmd_act.o(i.rsp_jump) for rsp_jump
    main.o(i.main) refers to model_data_trs.o(i.data_sending_procedure) for data_sending_procedure
    main.o(i.main) refers to power.o(i.SHUTDOWN_TO) for SHUTDOWN_TO
    main.o(i.main) refers to nrf_log_frontend.o(log_const_data) for m_nrf_log_app_logs_data_const
    main.o(i.main) refers to user_hardware.o(.data) for g_door_event_number
    main.o(i.main) refers to main.o(.data) for g_sm
    main.o(i.main) refers to main.o(.constdata) for .constdata
    main.o(.data) refers to main.o(.conststring) for .conststring
    event_id.o(.data) refers to event_id.o(.conststring) for .conststring
    model_ble.o(i.advertising_init) refers to memseta.o(.text) for __aeabi_memclr4
    model_ble.o(i.advertising_init) refers to ble_advdata.o(i.ble_advdata_encode) for ble_advdata_encode
    model_ble.o(i.advertising_init) refers to app_error_handler_keil.o(.emb_text) for app_error_handler
    model_ble.o(i.advertising_init) refers to model_ble.o(.data) for m_adv_uuids
    model_ble.o(i.advertising_start) refers to app_error_handler_keil.o(.emb_text) for app_error_handler
    model_ble.o(i.advertising_start) refers to nrf_log_frontend.o(i.nrf_log_frontend_std_0) for nrf_log_frontend_std_0
    model_ble.o(i.advertising_start) refers to model_ble.o(.data) for m_adv_handle
    model_ble.o(i.advertising_start) refers to nrf_log_frontend.o(log_const_data) for m_nrf_log_app_logs_data_const
    model_ble.o(i.app_timer_handler_auth_timeout) refers to nrf_log_frontend.o(i.nrf_log_frontend_std_0) for nrf_log_frontend_std_0
    model_ble.o(i.app_timer_handler_auth_timeout) refers to app_error_handler_keil.o(.emb_text) for app_error_handler
    model_ble.o(i.app_timer_handler_auth_timeout) refers to nrf_log_frontend.o(log_const_data) for m_nrf_log_app_logs_data_const
    model_ble.o(i.app_timer_handler_auth_timeout) refers to main.o(.data) for g_sm
    model_ble.o(i.assert_nrf_callback) refers to app_error_handler_keil.o(.emb_text) for app_error_handler
    model_ble.o(i.auth_request) refers to memcpya.o(.text) for __aeabi_memcpy4
    model_ble.o(i.auth_request) refers to model_ble.o(i.ble_data_send) for ble_data_send
    model_ble.o(i.ble_data_send) refers to ble_nus.o(i.ble_nus_data_send) for ble_nus_data_send
    model_ble.o(i.ble_data_send) refers to model_ble.o(.data) for m_nus
    model_ble.o(i.ble_evt_handler) refers to ble_conn_state.o(i.ble_conn_state_role) for ble_conn_state_role
    model_ble.o(i.ble_evt_handler) refers to ble_conn_state.o(i.ble_conn_state_peripheral_conn_count) for ble_conn_state_peripheral_conn_count
    model_ble.o(i.ble_evt_handler) refers to nrf_log_frontend.o(i.nrf_log_frontend_std_2) for nrf_log_frontend_std_2
    model_ble.o(i.ble_evt_handler) refers to nrf_log_frontend.o(i.nrf_log_frontend_std_1) for nrf_log_frontend_std_1
[...]
    0x0002ee9a   0x0002ee9a   0x00000020   Code   RO         4057    i.mutex_lock_status_get  pm_buffer.o
    0x0002eeba   0x0002eeba   0x00000020   Code   RO         4058    i.mutex_unlock      pm_buffer.o
    0x0002eeda   0x0002eeda   0x000000c8   Code   RO         1926    i.name_encode       ble_advdata.o
    0x0002efa2   0x0002efa2   0x00000002   PAD
    0x0002efa4   0x0002efa4   0x00000020   Code   RO         4312    i.new_context_get   security_manager.o
    0x0002efc4   0x0002efc4   0x00000032   Code   RO         4313    i.new_evt           security_manager.o
    0x0002eff6   0x0002eff6   0x00000034   Code   RO         3527    i.next_id_get       peer_id.o
    0x0002f02a   0x0002f02a   0x00000002   PAD
    0x0002f02c   0x0002f02c   0x00000034   Code   RO        10565    i.nrf52_errata_136  system_nrf52.o
    0x0002f060   0x0002f060   0x00000034   Code   RO        10653    i.nrf52_errata_249  system_nrf52.o
    0x0002f094   0x0002f094   0x00000034   Code   RO        10668    i.nrf52_errata_36   system_nrf52.o
    0x0002f0c8   0x0002f0c8   0x00000034   Code   RO        10691    i.nrf52_errata_66   system_nrf52.o
    0x0002f0fc   0x0002f0fc   0x00000016   Code   RO         7584    i.nrf_atfifo_clear  nrf_atfifo.o
    0x0002f112   0x0002f112   0x00000028   Code   RO         7586    i.nrf_atfifo_init   nrf_atfifo.o
    0x0002f13a   0x0002f13a   0x0000001c   Code   RO         7587    i.nrf_atfifo_item_alloc  nrf_atfifo.o
    0x0002f156   0x0002f156   0x0000001c   Code   RO         7588    i.nrf_atfifo_item_free  nrf_atfifo.o
    0x0002f172   0x0002f172   0x0000001c   Code   RO         7589    i.nrf_atfifo_item_get  nrf_atfifo.o
    0x0002f18e   0x0002f18e   0x0000001c   Code   RO         7590    i.nrf_atfifo_item_put  nrf_atfifo.o
    0x0002f1aa   0x0002f1aa   0x0000001e   Code   RO         7655    i.nrf_atflags_clear  nrf_atflags.o
    0x0002f1c8   0x0002f1c8   0x0000002e   Code   RO         7657    i.nrf_atflags_fetch_set  nrf_atflags.o
    0x0002f1f6   0x0002f1f6   0x00000060   Code   RO         7659    i.nrf_atflags_find_and_set_flag  nrf_atflags.o
    0x0002f256   0x0002f256   0x0000001e   Code   RO         7660    i.nrf_atflags_get   nrf_atflags.o
    0x0002f274   0x0002f274   0x0000001e   Code   RO         7662    i.nrf_atflags_set   nrf_atflags.o
    0x0002f292   0x0002f292   0x0000000e   Code   RO         7723    i.nrf_atomic_flag_clear_fetch  nrf_atomic.o
    0x0002f2a0   0x0002f2a0   0x0000000e   Code   RO         7724    i.nrf_atomic_flag_set  nrf_atomic.o
    0x0002f2ae   0x0002f2ae   0x0000000e   Code   RO         7725    i.nrf_atomic_flag_set_fetch  nrf_atomic.o
    0x0002f2bc   0x0002f2bc   0x00000016   Code   RO         7726    i.nrf_atomic_u32_add  nrf_atomic.o
    0x0002f2d2   0x0002f2d2   0x00000016   Code   RO         7727    i.nrf_atomic_u32_and  nrf_atomic.o
    0x0002f2e8   0x0002f2e8   0x00000016   Code   RO         7729    i.nrf_atomic_u32_fetch_add  nrf_atomic.o
    0x0002f2fe   0x0002f2fe   0x00000016   Code   RO         7730    i.nrf_atomic_u32_fetch_and  nrf_atomic.o
    0x0002f314   0x0002f314   0x00000016   Code   RO         7731    i.nrf_atomic_u32_fetch_or  nrf_atomic.o
    0x0002f32a   0x0002f32a   0x00000016   Code   RO         7732    i.nrf_atomic_u32_fetch_store  nrf_atomic.o
    0x0002f340   0x0002f340   0x00000016   Code   RO         7736    i.nrf_atomic_u32_or  nrf_atomic.o
    0x0002f356   0x0002f356   0x00000016   Code   RO         7738    i.nrf_atomic_u32_sub  nrf_atomic.o
    0x0002f36c   0x0002f36c   0x00000052   Code   RO         7860    i.nrf_balloc_alloc  nrf_balloc.o
    0x0002f3be   0x0002f3be   0x00000010   Code   RO         7861    i.nrf_balloc_block2idx  nrf_balloc.o
    0x0002f3ce   0x0002f3ce   0x00000030   Code   RO         7862    i.nrf_balloc_free   nrf_balloc.o
    0x0002f3fe   0x0002f3fe   0x0000000c   Code   RO         7863    i.nrf_balloc_idx2block  nrf_balloc.o
    0x0002f40a   0x0002f40a   0x0000003c   Code   RO         7864    i.nrf_balloc_init   nrf_balloc.o
    0x0002f446   0x0002f446   0x00000016   Code   RO         5055    i.nrf_bitmask_bit_is_set  nrfx_gpiote.o
    0x0002f45c   0x0002f45c   0x0000001e   Code   RO         3018    i.nrf_ble_gatt_att_mtu_periph_set  nrf_ble_gatt.o
    0x0002f47a   0x0002f47a   0x00000034   Code   RO         3022    i.nrf_ble_gatt_init  nrf_ble_gatt.o
    0x0002f4ae   0x0002f4ae   0x00000002   PAD
    0x0002f4b0   0x0002f4b0   0x0000012c   Code   RO         3023    i.nrf_ble_gatt_on_ble_evt  nrf_ble_gatt.o
    0x0002f5dc   0x0002f5dc   0x00000020   Code   RO         3137    i.nrf_ble_qwr_conn_handle_assign  nrf_ble_qwr.o
    0x0002f5fc   0x0002f5fc   0x00000032   Code   RO         3138    i.nrf_ble_qwr_init  nrf_ble_qwr.o
    0x0002f62e   0x0002f62e   0x0000007c   Code   RO         3139    i.nrf_ble_qwr_on_ble_evt  nrf_ble_qwr.o
    0x0002f6aa   0x0002f6aa   0x00000012   Code   RO         4887    i.nrf_clock_event_check  nrfx_clock.o
    0x0002f6bc   0x0002f6bc   0x00000012   Code   RO         4888    i.nrf_clock_event_clear  nrfx_clock.o
    0x0002f6ce   0x0002f6ce   0x00000002   PAD
    0x0002f6d0   0x0002f6d0   0x0000000c   Code   RO         4889    i.nrf_clock_int_disable  nrfx_clock.o
    0x0002f6dc   0x0002f6dc   0x00000008   Code   RO         4891    i.nrf_clock_task_trigger  nrfx_clock.o
    0x0002f6e4   0x0002f6e4   0x0000004c   Code   RO         4530    i.nrf_drv_clock_init  nrf_drv_clock.o
    0x0002f730   0x0002f730   0x00000030   Code   RO         4534    i.nrf_drv_clock_lfclk_release  nrf_drv_clock.o
    0x0002f760   0x0002f760   0x0000008c   Code   RO         4692    i.nrf_drv_uart_init  nrf_drv_uart.o
    0x0002f7ec   0x0002f7ec   0x0000002a   Code   RO         7907    i.nrf_fprintf       nrf_fprintf.o
    0x0002f816   0x0002f816   0x0000001c   Code   RO         7908    i.nrf_fprintf_buffer_flush  nrf_fprintf.o
    0x0002f832   0x0002f832   0x000001f0   Code   RO         7948    i.nrf_fprintf_fmt   nrf_fprintf_format.o
    0x0002fa22   0x0002fa22   0x00000002   PAD
    0x0002fa24   0x0002fa24   0x00000170   Code   RO         7994    i.nrf_fstorage_erase  nrf_fstorage.o
    0x0002fb94   0x0002fb94   0x000000ac   Code   RO         7995    i.nrf_fstorage_init  nrf_fstorage.o
    0x0002fc40   0x0002fc40   0x0000001c   Code   RO         8088    i.nrf_fstorage_sdh_req_handler  nrf_fstorage_sd.o
    0x0002fc5c   0x0002fc5c   0x0000002c   Code   RO         8089    i.nrf_fstorage_sdh_state_handler  nrf_fstorage_sd.o
    0x0002fc88   0x0002fc88   0x0000008c   Code   RO         8090    i.nrf_fstorage_sys_evt_handler  nrf_fstorage_sd.o
    0x0002fd14   0x0002fd14   0x00000264   Code   RO         8001    i.nrf_fstorage_write  nrf_fstorage.o
    0x0002ff78   0x0002ff78   0x00000034   Code   RO         5056    i.nrf_gpio_cfg      nrfx_gpiote.o
    0x0002ffac   0x0002ffac   0x00000034   Code   RO         5481    i.nrf_gpio_cfg      nrfx_uart.o
    0x0002ffe0   0x0002ffe0   0x00000034   Code   RO         5732    i.nrf_gpio_cfg      nrfx_uarte.o
    0x00030014   0x00030014   0x00000018   Code   RO         5057    i.nrf_gpio_cfg_default  nrfx_gpiote.o
    0x0003002c   0x0003002c   0x00000018   Code   RO         5482    i.nrf_gpio_cfg_default  nrfx_uart.o
    0x00030044   0x00030044   0x00000018   Code   RO         5733    i.nrf_gpio_cfg_default  nrfx_uarte.o
    0x0003005c   0x0003005c   0x0000001a   Code   RO         5483    i.nrf_gpio_cfg_input  nrfx_uart.o
    0x00030076   0x00030076   0x0000001a   Code   RO         5734    i.nrf_gpio_cfg_input  nrfx_uarte.o
    0x00030090   0x00030090   0x00000018   Code   RO         5484    i.nrf_gpio_cfg_output  nrfx_uart.o
    0x000300a8   0x000300a8   0x00000018   Code   RO         5735    i.nrf_gpio_cfg_output  nrfx_uarte.o
    0x000300c0   0x000300c0   0x0000003a   Code   RO         5058    i.nrf_gpio_cfg_sense_set  nrfx_gpiote.o
    0x000300fa   0x000300fa   0x00000002   PAD
    0x000300fc   0x000300fc   0x00000034   Code   RO         5059    i.nrf_gpio_latches_read_and_clear  nrfx_gpiote.o
    0x00030130   0x00030130   0x0000001a   Code   RO          384    i.nrf_gpio_pin_clear  model_ble.o
    0x0003014a   0x0003014a   0x0000001a   Code   RO          692    i.nrf_gpio_pin_clear  user_hardware.o
    0x00030164   0x00030164   0x00000020   Code   RO          385    i.nrf_gpio_pin_port_decode  model_ble.o
    0x00030184   0x00030184   0x00000020   Code   RO          693    i.nrf_gpio_pin_port_decode  user_hardware.o
    0x000301a4   0x000301a4   0x00000020   Code   RO         5061    i.nrf_gpio_pin_port_decode  nrfx_gpiote.o
    0x000301c4   0x000301c4   0x00000020   Code   RO         5485    i.nrf_gpio_pin_port_decode  nrfx_uart.o
    0x000301e4   0x000301e4   0x00000020   Code   RO         5736    i.nrf_gpio_pin_port_decode  nrfx_uarte.o
    0x00030204   0x00030204   0x00000030   Code   RO         5062    i.nrf_gpio_pin_present_check  nrfx_gpiote.o
    0x00030234   0x00030234   0x0000001a   Code   RO          694    i.nrf_gpio_pin_read  user_hardware.o
    0x0003024e   0x0003024e   0x0000001a   Code   RO         5063    i.nrf_gpio_pin_read  nrfx_gpiote.o
    0x00030268   0x00030268   0x0000001a   Code   RO          386    i.nrf_gpio_pin_set  model_ble.o
    0x00030282   0x00030282   0x0000001a   Code   RO          695    i.nrf_gpio_pin_set  user_hardware.o
    0x0003029c   0x0003029c   0x0000001a   Code   RO         5486    i.nrf_gpio_pin_set  nrfx_uart.o
    0x000302b6   0x000302b6   0x0000001a   Code   RO         5737    i.nrf_gpio_pin_set  nrfx_uarte.o
    0x000302d0   0x000302d0   0x0000000c   Code   RO         5065    i.nrf_gpiote_event_addr_get  nrfx_gpiote.o
    0x000302dc   0x000302dc   0x0000001c   Code   RO         5066    i.nrf_gpiote_event_clear  nrfx_gpiote.o
    0x000302f8   0x000302f8   0x00000016   Code   RO         5067    i.nrf_gpiote_event_is_set  nrfx_gpiote.o
    0x0003030e   0x0003030e   0x00000002   PAD
    0x00030310   0x00030310   0x0000000c   Code   RO         5068    i.nrf_gpiote_int_enable  nrfx_gpiote.o
    0x0003031c   0x0003031c   0x00000010   Code   RO         5070    i.nrf_gpiote_te_default  nrfx_gpiote.o
    0x0003032c   0x0003032c   0x00000054   Code   RO         9594    i.nrf_log_backend_add  nrf_log_frontend.o
    0x00030380   0x00030380   0x00000008   Code   RO         9541    i.nrf_log_backend_enable  nrf_log_default_backends.o
    0x00030388   0x00030388   0x00000002   Code   RO         9366    i.nrf_log_backend_rtt_flush  nrf_log_backend_rtt.o
    0x0003038a   0x0003038a   0x00000008   Code   RO         9367    i.nrf_log_backend_rtt_init  nrf_log_backend_rtt.o
    0x00030392   0x00030392   0x00000002   Code   RO         9368    i.nrf_log_backend_rtt_panic_set  nrf_log_backend_rtt.o
    0x00030394   0x00030394   0x00000020   Code   RO         9369    i.nrf_log_backend_rtt_put  nrf_log_backend_rtt.o
    0x000303b4   0x000303b4   0x000000f2   Code   RO         9434    i.nrf_log_backend_serial_put  nrf_log_backend_serial.o
    0x000304a6   0x000304a6   0x00000002   Code   RO         9468    i.nrf_log_backend_uart_flush  nrf_log_backend_uart.o
    0x000304a8   0x000304a8   0x0000000c   Code   RO         9469    i.nrf_log_backend_uart_init  nrf_log_backend_uart.o
    0x000304b4   0x000304b4   0x00000038   Code   RO         9470    i.nrf_log_backend_uart_panic_set  nrf_log_backend_uart.o
    0x000304ec   0x000304ec   0x00000020   Code   RO         9471    i.nrf_log_backend_uart_put  nrf_log_backend_uart.o
    0x0003050c   0x0003050c   0x00000038   Code   RO         9596    i.nrf_log_color_id_get  nrf_log_frontend.o
    0x00030544   0x00030544   0x00000038   Code   RO         9542    i.nrf_log_default_backends_init  nrf_log_default_backends.o
    0x0003057c   0x0003057c   0x0000031c   Code   RO         9597    i.nrf_log_frontend_dequeue  nrf_log_frontend.o
    0x00030898   0x00030898   0x000000e8   Code   RO         9598    i.nrf_log_frontend_hexdump  nrf_log_frontend.o
    0x00030980   0x00030980   0x00000014   Code   RO         9599    i.nrf_log_frontend_std_0  nrf_log_frontend.o
    0x00030994   0x00030994   0x00000018   Code   RO         9600    i.nrf_log_frontend_std_1  nrf_log_frontend.o
    0x000309ac   0x000309ac   0x00000020   Code   RO         9601    i.nrf_log_frontend_std_2  nrf_log_frontend.o
    0x000309cc   0x000309cc   0x00000028   Code   RO         9602    i.nrf_log_frontend_std_3  nrf_log_frontend.o
    0x000309f4   0x000309f4   0x0000002c   Code   RO         9603    i.nrf_log_frontend_std_4  nrf_log_frontend.o
    0x00030a20   0x00030a20   0x00000038   Code   RO         9604    i.nrf_log_frontend_std_5  nrf_log_frontend.o
    0x00030a58   0x00030a58   0x0000003c   Code   RO         9605    i.nrf_log_frontend_std_6  nrf_log_frontend.o
    0x00030a94   0x00030a94   0x000000bc   Code   RO         9790    i.nrf_log_hexdump_entry_process  nrf_log_str_formatter.o
    0x00030b50   0x00030b50   0x00000048   Code   RO         9606    i.nrf_log_init      nrf_log_frontend.o
    0x00030b98   0x00030b98   0x00000014   Code   RO         9607    i.nrf_log_module_cnt_get  nrf_log_frontend.o
    0x00030bac   0x00030bac   0x00000024   Code   RO         9611    i.nrf_log_module_name_get  nrf_log_frontend.o
    0x00030bd0   0x00030bd0   0x00000034   Code   RO         9612    i.nrf_log_panic     nrf_log_frontend.o
    0x00030c04   0x00030c04   0x000000c8   Code   RO         9791    i.nrf_log_std_entry_process  nrf_log_str_formatter.o
    0x00030ccc   0x00030ccc   0x0000007a   Code   RO         8219    i.nrf_memobj_alloc  nrf_memobj.o
    0x00030d46   0x00030d46   0x00000040   Code   RO         8220    i.nrf_memobj_free   nrf_memobj.o
    0x00030d86   0x00030d86   0x00000010   Code   RO         8221    i.nrf_memobj_get    nrf_memobj.o
    0x00030d96   0x00030d96   0x0000000c   Code   RO         8222    i.nrf_memobj_pool_init  nrf_memobj.o
    0x00030da2   0x00030da2   0x0000001e   Code   RO         8223    i.nrf_memobj_put    nrf_memobj.o
    0x00030dc0   0x00030dc0   0x00000022   Code   RO         8224    i.nrf_memobj_read   nrf_memobj.o
    0x00030de2   0x00030de2   0x00000022   Code   RO         8225    i.nrf_memobj_write  nrf_memobj.o
    0x00030e04   0x00030e04   0x00000016   Code   RO         2567    i.nrf_mtx_unlock    gatt_cache_manager.o
    0x00030e1a   0x00030e1a   0x00000016   Code   RO         8296    i.nrf_mtx_unlock    nrf_pwr_mgmt.o
    0x00030e30   0x00030e30   0x00000040   Code   RO         8298    i.nrf_pwr_mgmt_init  nrf_pwr_mgmt.o
    0x00030e70   0x00030e70   0x0000006c   Code   RO         8299    i.nrf_pwr_mgmt_run  nrf_pwr_mgmt.o
    0x00030edc   0x00030edc   0x00000064   Code   RO         8300    i.nrf_pwr_mgmt_shutdown  nrf_pwr_mgmt.o
    0x00030f40   0x00030f40   0x0000009c   Code   RO         8944    i.nrf_queue_generic_pop  nrf_queue.o
    0x00030fdc   0x00030fdc   0x00000016   Code   RO         8946    i.nrf_queue_is_empty  nrf_queue.o
    0x00030ff2   0x00030ff2   0x00000020   Code   RO         8947    i.nrf_queue_is_full  nrf_queue.o
    0x00031012   0x00031012   0x00000010   Code   RO         8950    i.nrf_queue_next_idx  nrf_queue.o
    0x00031022   0x00031022   0x000000cc   Code   RO         8952    i.nrf_queue_push    nrf_queue.o
    0x000310ee   0x000310ee   0x00000002   PAD
    0x000310f0   0x000310f0   0x00000038   Code   RO          387    i.nrf_qwr_error_handler  model_ble.o
    0x00031128   0x00031128   0x0000001c   Code   RO         8378    i.nrf_ringbuf_init  nrf_ringbuf.o
    0x00031144   0x00031144   0x0000000c   Code   RO         6897    i.nrf_rtc_cc_get    drv_rtc.o
    0x00031150   0x00031150   0x0000000a   Code   RO         6898    i.nrf_rtc_cc_set    drv_rtc.o
    0x0003115a   0x0003115a   0x00000008   Code   RO         6899    i.nrf_rtc_counter_get  drv_rtc.o
    0x00031162   0x00031162   0x0000000e   Code   RO         6900    i.nrf_rtc_event_clear  drv_rtc.o
    0x00031170   0x00031170   0x00000006   Code   RO         6901    i.nrf_rtc_event_disable  drv_rtc.o
    0x00031176   0x00031176   0x00000006   Code   RO         6902    i.nrf_rtc_event_enable  drv_rtc.o
    0x0003117c   0x0003117c   0x00000006   Code   RO         6903    i.nrf_rtc_int_disable  drv_rtc.o
    0x00031182   0x00031182   0x00000006   Code   RO         6904    i.nrf_rtc_int_enable  drv_rtc.o
    0x00031188   0x00031188   0x00000006   Code   RO         6905    i.nrf_rtc_task_trigger  drv_rtc.o
    0x0003118e   0x0003118e   0x00000002   PAD
    0x00031190   0x00031190   0x00000010   Code   RO         5962    i.nrf_saadc_buffer_init  nrfx_saadc.o
    0x000311a0   0x000311a0   0x00000018   Code   RO         5963    i.nrf_saadc_channel_input_set  nrfx_saadc.o
    0x000311b8   0x000311b8   0x00000014   Code   RO         5964    i.nrf_saadc_event_check  nrfx_saadc.o
    0x000311cc   0x000311cc   0x00000018   Code   RO         5965    i.nrf_saadc_event_clear  nrfx_saadc.o
    0x000311e4   0x000311e4   0x0000000c   Code   RO         5966    i.nrf_saadc_int_disable  nrfx_saadc.o
    0x000311f0   0x000311f0   0x0000000c   Code   RO         5967    i.nrf_saadc_int_enable  nrfx_saadc.o
    0x000311fc   0x000311fc   0x0000000c   Code   RO         5969    i.nrf_saadc_task_trigger  nrfx_saadc.o
    0x00031208   0x00031208   0x00000018   Code   RO         9195    i.nrf_sdh_ble_app_ram_start_get  nrf_sdh_ble.o
    0x00031220   0x00031220   0x0000019c   Code   RO         9196    i.nrf_sdh_ble_default_cfg_set  nrf_sdh_ble.o
    0x000313bc   0x000313bc   0x0000014c   Code   RO         9197    i.nrf_sdh_ble_enable  nrf_sdh_ble.o
    0x00031508   0x00031508   0x000000bc   Code   RO         9198    i.nrf_sdh_ble_evts_poll  nrf_sdh_ble.o
    0x000315c4   0x000315c4   0x00000064   Code   RO         9066    i.nrf_sdh_disable_request  nrf_sdh.o
    0x00031628   0x00031628   0x00000084   Code   RO         9067    i.nrf_sdh_enable_request  nrf_sdh.o
    0x000316ac   0x000316ac   0x00000030   Code   RO         9068    i.nrf_sdh_evts_poll  nrf_sdh.o
    0x000316dc   0x000316dc   0x0000000c   Code   RO         9069    i.nrf_sdh_is_enabled  nrf_sdh.o
    0x000316e8   0x000316e8   0x00000028   Code   RO         9071    i.nrf_sdh_request_continue  nrf_sdh.o
    0x00031710   0x00031710   0x00000098   Code   RO         9254    i.nrf_sdh_soc_evts_poll  nrf_sdh_soc.o
    0x000317a8   0x000317a8   0x00000006   Code   RO         9074    i.nrf_section_iter_get  nrf_sdh.o
    0x000317ae   0x000317ae   0x00000014   Code   RO         8436    i.nrf_section_iter_init  nrf_section_iter.o
    0x000317c2   0x000317c2   0x0000002e   Code   RO         8437    i.nrf_section_iter_item_set  nrf_section_iter.o
    0x000317f0   0x000317f0   0x0000002e   Code   RO         8438    i.nrf_section_iter_next  nrf_section_iter.o
    0x0003181e   0x0003181e   0x00000028   Code   RO         8471    i.nrf_sortlist_add  nrf_sortlist.o
    0x00031846   0x00031846   0x00000008   Code   RO         8473    i.nrf_sortlist_peek  nrf_sortlist.o
    0x0003184e   0x0003184e   0x00000018   Code   RO         8474    i.nrf_sortlist_pop  nrf_sortlist.o
    0x00031866   0x00031866   0x00000026   Code   RO         8475    i.nrf_sortlist_remove  nrf_sortlist.o
    0x0003188c   0x0003188c   0x00000040   Code   RO         8527    i.nrf_strerror_find  nrf_strerror.o
    0x000318cc   0x000318cc   0x0000001c   Code   RO         8528    i.nrf_strerror_get  nrf_strerror.o
    0x000318e8   0x000318e8   0x0000000e   Code   RO         6123    i.nrf_timer_compare_event_get  nrfx_timer.o
    0x000318f6   0x000318f6   0x0000000a   Code   RO         6124    i.nrf_timer_compare_int_get  nrfx_timer.o
    0x00031900   0x00031900   0x0000000e   Code   RO         6125    i.nrf_timer_event_clear  nrfx_timer.o
    0x0003190e   0x0003190e   0x00000006   Code   RO         6126    i.nrf_timer_int_disable  nrfx_timer.o
    0x00031914   0x00031914   0x00000006   Code   RO         6127    i.nrf_timer_int_enable  nrfx_timer.o
    0x0003191a   0x0003191a   0x0000000c   Code   RO         6128    i.nrf_timer_shorts_disable  nrfx_timer.o
    0x00031926   0x00031926   0x00000006   Code   RO         6129    i.nrf_timer_task_trigger  nrfx_timer.o
    0x0003192c   0x0003192c   0x0000000c   Code   RO         5487    i.nrf_uart_errorsrc_get_and_clear  nrfx_uart.o
    0x00031938   0x00031938   0x0000000e   Code   RO         5488    i.nrf_uart_event_check  nrfx_uart.o
    0x00031946   0x00031946   0x0000000e   Code   RO         5489    i.nrf_uart_event_clear  nrfx_uart.o
    0x00031954   0x00031954   0x0000000c   Code   RO         5490    i.nrf_uart_hwfc_pins_set  nrfx_uart.o
    0x00031960   0x00031960   0x00000006   Code   RO         5491    i.nrf_uart_int_disable  nrfx_uart.o
    0x00031966   0x00031966   0x00000006   Code   RO         5492    i.nrf_uart_int_enable  nrfx_uart.o
    0x0003196c   0x0003196c   0x00000012   Code   RO         5493    i.nrf_uart_int_enable_check  nrfx_uart.o
    0x0003197e   0x0003197e   0x00000006   Code   RO         5494    i.nrf_uart_task_trigger  nrfx_uart.o
    0x00031984   0x00031984   0x0000000e   Code   RO         5495    i.nrf_uart_txrx_pins_set  nrfx_uart.o
    0x00031992   0x00031992   0x0000000c   Code   RO         5738    i.nrf_uarte_errorsrc_get_and_clear  nrfx_uarte.o
    0x0003199e   0x0003199e   0x0000000e   Code   RO         5739    i.nrf_uarte_event_check  nrfx_uarte.o
    0x000319ac   0x000319ac   0x0000000e   Code   RO         5740    i.nrf_uarte_event_clear  nrfx_uarte.o
    0x000319ba   0x000319ba   0x0000000c   Code   RO         5741    i.nrf_uarte_hwfc_pins_set  nrfx_uarte.o
    0x000319c6   0x000319c6   0x00000006   Code   RO         5742    i.nrf_uarte_int_disable  nrfx_uarte.o
    0x000319cc   0x000319cc   0x00000006   Code   RO         5743    i.nrf_uarte_int_enable  nrfx_uarte.o
    0x000319d2   0x000319d2   0x0000000a   Code   RO         5744    i.nrf_uarte_rx_amount_get  nrfx_uarte.o
    0x000319dc   0x000319dc   0x0000000c   Code   RO         5745    i.nrf_uarte_shorts_disable  nrfx_uarte.o
    0x000319e8   0x000319e8   0x00000006   Code   RO         5746    i.nrf_uarte_task_trigger  nrfx_uarte.o
    0x000319ee   0x000319ee   0x0000000a   Code   RO         5747    i.nrf_uarte_tx_amount_get  nrfx_uarte.o
    0x000319f8   0x000319f8   0x0000000e   Code   RO         5748    i.nrf_uarte_txrx_pins_set  nrfx_uarte.o
    0x00031a06   0x00031a06   0x00000002   PAD
    0x00031a08   0x00031a08   0x00000014   Code   RO         6291    i.nrf_wdt_reload_request_set  nrfx_wdt.o
    0x00031a1c   0x00031a1c   0x00000014   Code   RO         4537    i.nrf_wdt_started   nrf_drv_clock.o
    0x00031a30   0x00031a30   0x00000014   Code   RO         4896    i.nrfx_clock_enable  nrfx_clock.o
    0x00031a44   0x00031a44   0x00000020   Code   RO         4899    i.nrfx_clock_init   nrfx_clock.o
    0x00031a64   0x00031a64   0x0000002c   Code   RO         4902    i.nrfx_clock_lfclk_stop  nrfx_clock.o
    0x00031a90   0x00031a90   0x00000018   Code   RO         5970    i.nrfx_coredep_delay_us  nrfx_saadc.o
    0x00031aa8   0x00031aa8   0x00000018   Code   RO         6906    i.nrfx_coredep_delay_us  drv_rtc.o
    0x00031ac0   0x00031ac0   0x00000008   Code   RO         4904    i.nrfx_get_irq_number  nrfx_clock.o
    0x00031ac8   0x00031ac8   0x00000008   Code   RO         5071    i.nrfx_get_irq_number  nrfx_gpiote.o
    0x00031ad0   0x00031ad0   0x00000008   Code   RO         5496    i.nrfx_get_irq_number  nrfx_uart.o
    0x00031ad8   0x00031ad8   0x00000008   Code   RO         5749    i.nrfx_get_irq_number  nrfx_uarte.o
    0x00031ae0   0x00031ae0   0x00000008   Code   RO         6130    i.nrfx_get_irq_number  nrfx_timer.o
    0x00031ae8   0x00031ae8   0x00000054   Code   RO         5076    i.nrfx_gpiote_in_event_disable  nrfx_gpiote.o
    0x00031b3c   0x00031b3c   0x000000ac   Code   RO         5077    i.nrfx_gpiote_in_event_enable  nrfx_gpiote.o
    0x00031be8   0x00031be8   0x000000f8   Code   RO         5079    i.nrfx_gpiote_in_init  nrfx_gpiote.o
    0x00031ce0   0x00031ce0   0x00000050   Code   RO         5081    i.nrfx_gpiote_in_uninit  nrfx_gpiote.o
    0x00031d30   0x00031d30   0x000000d8   Code   RO         5082    i.nrfx_gpiote_init  nrfx_gpiote.o
    0x00031e08   0x00031e08   0x00000014   Code   RO         5083    i.nrfx_gpiote_is_init  nrfx_gpiote.o
    0x00031e1c   0x00031e1c   0x00000014   Code   RO         5750    i.nrfx_is_in_ram    nrfx_uarte.o
    0x00031e30   0x00031e30   0x000000b0   Code   RO         4905    i.nrfx_power_clock_irq_init  nrfx_clock.o
    0x00031ee0   0x00031ee0   0x0000004e   Code   RO         5425    i.nrfx_prs_acquire  nrfx_prs.o
    0x00031f2e   0x00031f2e   0x00000016   Code   RO         5426    i.nrfx_prs_release  nrfx_prs.o
    0x00031f44   0x00031f44   0x000000ac   Code   RO         5974    i.nrfx_saadc_channel_init  nrfx_saadc.o
    0x00031ff0   0x00031ff0   0x000000f8   Code   RO         5976    i.nrfx_saadc_init   nrfx_saadc.o
    0x000320e8   0x000320e8   0x000000fc   Code   RO         5980    i.nrfx_saadc_sample_convert  nrfx_saadc.o
    0x000321e4   0x000321e4   0x00000048   Code   RO         6133    i.nrfx_timer_compare  nrfx_timer.o
    0x0003222c   0x0003222c   0x00000024   Code   RO         6136    i.nrfx_timer_disable  nrfx_timer.o
    0x00032250   0x00032250   0x00000024   Code   RO         6137    i.nrfx_timer_enable  nrfx_timer.o
    0x00032274   0x00032274   0x00000042   Code   RO         6138    i.nrfx_timer_extended_compare  nrfx_timer.o
    0x000322b6   0x000322b6   0x00000002   PAD
    0x000322b8   0x000322b8   0x000000fc   Code   RO         6140    i.nrfx_timer_init   nrfx_timer.o
    0x000323b4   0x000323b4   0x00000020   Code   RO         6141    i.nrfx_timer_is_enabled  nrfx_timer.o
    0x000323d4   0x000323d4   0x00000014   Code   RO         5497    i.nrfx_uart_0_irq_handler  nrfx_uart.o
    0x000323e8   0x000323e8   0x00000088   Code   RO         5499    i.nrfx_uart_init    nrfx_uart.o
    0x00032470   0x00032470   0x0000008c   Code   RO         5505    i.nrfx_uart_tx      nrfx_uart.o
    0x000324fc   0x000324fc   0x00000024   Code   RO         5507    i.nrfx_uart_tx_in_progress  nrfx_uart.o
    0x00032520   0x00032520   0x00000044   Code   RO         5508    i.nrfx_uart_uninit  nrfx_uart.o
    0x00032564   0x00032564   0x00000014   Code   RO         5751    i.nrfx_uarte_0_irq_handler  nrfx_uarte.o
    0x00032578   0x00032578   0x00000080   Code   RO         5753    i.nrfx_uarte_init   nrfx_uarte.o
    0x000325f8   0x000325f8   0x000000c0   Code   RO         5757    i.nrfx_uarte_tx     nrfx_uarte.o
    0x000326b8   0x000326b8   0x00000020   Code   RO         5759    i.nrfx_uarte_tx_in_progress  nrfx_uarte.o
    0x000326d8   0x000326d8   0x00000094   Code   RO         5760    i.nrfx_uarte_uninit  nrfx_uarte.o
    0x0003276c   0x0003276c   0x00000054   Code   RO         6292    i.nrfx_wdt_channel_alloc  nrfx_wdt.o
    0x000327c0   0x000327c0   0x0000000c   Code   RO         6293    i.nrfx_wdt_channel_feed  nrfx_wdt.o
    0x000327cc   0x000327cc   0x00000024   Code   RO         6294    i.nrfx_wdt_enable   nrfx_wdt.o
    0x000327f0   0x000327f0   0x000000c8   Code   RO         6296    i.nrfx_wdt_init     nrfx_wdt.o
    0x000328b8   0x000328b8   0x0000022c   Code   RO          388    i.nus_data_handler  model_ble.o
    0x00032ae4   0x00032ae4   0x00000014   Code   RO        10837    i.nvmc_config       system_nrf52.o
    0x00032af8   0x00032af8   0x00000010   Code   RO        10838    i.nvmc_wait         system_nrf52.o
    0x00032b08   0x00032b08   0x00000014   Code   RO         6624    i.on_compare1_evt   app_timer2.o
    0x00032b1c   0x00032b1c   0x00000020   Code   RO         6625    i.on_compare_evt    app_timer2.o
    0x00032b3c   0x00032b3c   0x0000004c   Code   RO          389    i.on_conn_params_evt  model_ble.o
    0x00032b88   0x00032b88   0x00000030   Code   RO         2199    i.on_conn_params_update  ble_conn_params.o
    0x00032bb8   0x00032bb8   0x00000070   Code   RO         2200    i.on_connect        ble_conn_params.o
    0x00032c28   0x00032c28   0x000000d4   Code   RO         9291    i.on_connect        ble_nus.o
    0x00032cfc   0x00032cfc   0x0000013c   Code   RO         3024    i.on_connected_evt  nrf_ble_gatt.o
    0x00032e38   0x00032e38   0x00000150   Code   RO         3025    i.on_data_length_update_evt  nrf_ble_gatt.o
    0x00032f88   0x00032f88   0x00000090   Code   RO         3026    i.on_data_length_update_request_evt  nrf_ble_gatt.o
    0x00033018   0x00033018   0x00000032   Code   RO         2201    i.on_disconnect     ble_conn_params.o
    0x0003304a   0x0003304a   0x00000014   Code   RO         3027    i.on_disconnected_evt  nrf_ble_gatt.o
    0x0003305e   0x0003305e   0x00000002   PAD
    0x00033060   0x00033060   0x0000017c   Code   RO         3028    i.on_exchange_mtu_request_evt  nrf_ble_gatt.o
    0x000331dc   0x000331dc   0x000000c0   Code   RO         3029    i.on_exchange_mtu_rsp_evt  nrf_ble_gatt.o
    0x0003329c   0x0003329c   0x000000a8   Code   RO         9292    i.on_hvx_tx_complete  ble_nus.o
    0x00033344   0x00033344   0x00000024   Code   RO         8091    i.on_operation_failure  nrf_fstorage_sd.o
    0x00033368   0x00033368   0x00000060   Code   RO         8092    i.on_operation_success  nrf_fstorage_sd.o
    0x000333c8   0x000333c8   0x0000001c   Code   RO         6626    i.on_overflow_evt   app_timer2.o
    0x000333e4   0x000333e4   0x0000006a   Code   RO         3140    i.on_rw_authorize_request  nrf_ble_qwr.o
    0x0003344e   0x0003344e   0x00000002   Code   RO         3141    i.on_user_mem_release  nrf_ble_qwr.o
    0x00033450   0x00033450   0x00000020   Code   RO         3142    i.on_user_mem_request  nrf_ble_qwr.o
    0x00033470   0x00033470   0x00000058   Code   RO         2202    i.on_write          ble_conn_params.o
    0x000334c8   0x000334c8   0x000000f4   Code   RO         9293    i.on_write          ble_nus.o
    0x000335bc   0x000335bc   0x00000008   Code   RO         1174    i.pack_bigendian16  data_transfer.o
    0x000335c4   0x000335c4   0x0000001a   Code   RO         1175    i.pack_bigendian32  data_transfer.o
    0x000335de   0x000335de   0x00000002   PAD
    0x000335e0   0x000335e0   0x00000034   Code   RO         7137    i.page_can_tag      fds.o
    0x00033614   0x00033614   0x00000048   Code   RO         7138    i.page_from_record  fds.o
    0x0003365c   0x0003365c   0x00000034   Code   RO         7139    i.page_has_space    fds.o
    0x00033690   0x00033690   0x00000030   Code   RO         7140    i.page_identify     fds.o
    0x000336c0   0x000336c0   0x0000001c   Code   RO         7141    i.page_offsets_update  fds.o
    0x000336dc   0x000336dc   0x00000078   Code   RO         7142    i.page_scan         fds.o
    0x00033754   0x00033754   0x00000020   Code   RO         7143    i.page_tag_write_data  fds.o
    0x00033774   0x00033774   0x00000024   Code   RO         7144    i.page_tag_write_swap  fds.o
    0x00033798   0x00033798   0x00000170   Code   RO         7145    i.pages_init        fds.o
    0x00033908   0x00033908   0x00000014   Code   RO         4126    i.pairing           security_dispatcher.o
    0x0003391c   0x0003391c   0x00000080   Code   RO         4127    i.pairing_failure   security_dispatcher.o
    0x0003399c   0x0003399c   0x00000034   Code   RO         4128    i.pairing_success_evt_send  security_dispatcher.o
    0x000339d0   0x000339d0   0x00000010   Code   RO         4314    i.params_reply_pending_handle  security_manager.o
    0x000339e0   0x000339e0   0x00000022   Code   RO         4315    i.params_req_send   security_manager.o
    0x00033a02   0x00033a02   0x00000002   PAD
    0x00033a04   0x00033a04   0x00000104   Code   RO         1257    i.payload_resolve   model_cmd_act.o
    0x00033b08   0x00033b08   0x00000020   Code   RO         3372    i.pdb_evt_send      peer_database.o
    0x00033b28   0x00033b28   0x00000088   Code   RO         3373    i.pdb_init          peer_database.o
    0x00033bb0   0x00033bb0   0x0000006c   Code   RO         3374    i.pdb_pds_evt_handler  peer_database.o
    0x00033c1c   0x00033c1c   0x00000016   Code   RO         3375    i.pdb_peer_data_ptr_get  peer_database.o
    0x00033c32   0x00033c32   0x00000002   PAD
    0x00033c34   0x00033c34   0x000000ac   Code   RO         3376    i.pdb_peer_free     peer_database.o
    0x00033ce0   0x00033ce0   0x000000f0   Code   RO         3377    i.pdb_write_buf_get  peer_database.o
    0x00033dd0   0x00033dd0   0x00000020   Code   RO         3378    i.pdb_write_buf_release  peer_database.o
    0x00033df0   0x00033df0   0x00000044   Code   RO         3379    i.pdb_write_buf_store  peer_database.o
    0x00033e34   0x00033e34   0x00000024   Code   RO         3196    i.pds_evt_send      peer_data_storage.o
    0x00033e58   0x00033e58   0x000000b0   Code   RO         3197    i.pds_init          peer_data_storage.o
    0x00033f08   0x00033f08   0x0000000c   Code   RO         3198    i.pds_next_deleted_peer_id_get  peer_data_storage.o
    0x00033f14   0x00033f14   0x0000000c   Code   RO         3199    i.pds_next_peer_id_get  peer_data_storage.o
    0x00033f20   0x00033f20   0x00000008   Code   RO         3200    i.pds_peer_count_get  peer_data_storage.o
    0x00033f28   0x00033f28   0x0000006c   Code   RO         3202    i.pds_peer_data_iterate  peer_data_storage.o
    0x00033f94   0x00033f94   0x00000010   Code   RO         3203    i.pds_peer_data_iterate_prepare  peer_data_storage.o
    0x00033fa4   0x00033fa4   0x0000009a   Code   RO         3204    i.pds_peer_data_read  peer_data_storage.o
    0x0003403e   0x0003403e   0x00000002   PAD
    0x00034040   0x00034040   0x000000d4   Code   RO         3205    i.pds_peer_data_store  peer_data_storage.o
    0x00034114   0x00034114   0x0000000c   Code   RO         3206    i.pds_peer_id_allocate  peer_data_storage.o
    0x00034120   0x00034120   0x0000001e   Code   RO         3207    i.pds_peer_id_free  peer_data_storage.o
    0x0003413e   0x0003413e   0x0000000c   Code   RO         3208    i.pds_peer_id_is_allocated  peer_data_storage.o
    0x0003414a   0x0003414a   0x0000001c   Code   RO         3380    i.peer_data_const_point_to_buffer  peer_database.o
    0x00034166   0x00034166   0x00000002   PAD
    0x00034168   0x00034168   0x000000a8   Code   RO         3210    i.peer_data_delete_process  peer_data_storage.o
    0x00034210   0x00034210   0x00000040   Code   RO         3211    i.peer_data_find    peer_data_storage.o
    0x00034250   0x00034250   0x00000026   Code   RO         3212    i.peer_data_id_is_valid  peer_data_storage.o
    0x00034276   0x00034276   0x0000000a   Code   RO         3213    i.peer_data_id_to_record_key  peer_data_storage.o
    0x00034280   0x00034280   0x0000001a   Code   RO         3381    i.peer_data_point_to_buffer  peer_database.o
    0x0003429a   0x0003429a   0x00000002   PAD
    0x0003429c   0x0003429c   0x00000014   Code   RO         3528    i.peer_id_allocate  peer_id.o
    0x000342b0   0x000342b0   0x0000002c   Code   RO         3529    i.peer_id_delete    peer_id.o
    0x000342dc   0x000342dc   0x0000001c   Code   RO         3530    i.peer_id_free      peer_id.o
    0x000342f8   0x000342f8   0x00000014   Code   RO         3531    i.peer_id_get_next_deleted  peer_id.o
    0x0003430c   0x0003430c   0x00000038   Code   RO         3532    i.peer_id_get_next_used  peer_id.o
    0x00034344   0x00034344   0x00000010   Code   RO         3533    i.peer_id_init      peer_id.o
    0x00034354   0x00034354   0x0000001c   Code   RO         3534    i.peer_id_is_allocated  peer_id.o
    0x00034370   0x00034370   0x0000001c   Code   RO         3535    i.peer_id_is_deleted  peer_id.o
    0x0003438c   0x0003438c   0x00000024   Code   RO         3536    i.peer_id_n_ids     peer_id.o
    0x000343b0   0x000343b0   0x0000000a   Code   RO         3214    i.peer_id_to_file_id  peer_data_storage.o
    0x000343ba   0x000343ba   0x00000046   Code   RO         3215    i.peer_ids_load     peer_data_storage.o
    0x00034400   0x00034400   0x0000011c   Code   RO         1525    i.peer_manager_init  model_bond.o
    0x0003451c   0x0003451c   0x00000094   Code   RO          696    i.peri_on_board_init  user_hardware.o
    0x000345b0   0x000345b0   0x0000001c   Code   RO         5099    i.pin_configured_check  nrfx_gpiote.o
    0x000345cc   0x000345cc   0x00000020   Code   RO         5100    i.pin_configured_clear  nrfx_gpiote.o
    0x000345ec   0x000345ec   0x00000020   Code   RO         5101    i.pin_configured_set  nrfx_gpiote.o
    0x0003460c   0x0003460c   0x0000001c   Code   RO         5102    i.pin_in_use_by_gpiote  nrfx_gpiote.o
    0x00034628   0x00034628   0x00000018   Code   RO         5103    i.pin_in_use_by_port  nrfx_gpiote.o
    0x00034640   0x00034640   0x00000020   Code   RO         5104    i.pin_in_use_by_te  nrfx_gpiote.o
    0x00034660   0x00034660   0x0000000c   Code   RO         5105    i.pin_in_use_clear  nrfx_gpiote.o
    0x0003466c   0x0003466c   0x00000034   Code   RO          697    i.pin_magnet_event  user_hardware.o
    0x000346a0   0x000346a0   0x0000007e   Code   RO         5509    i.pins_to_default   nrfx_uart.o
    0x0003471e   0x0003471e   0x0000007e   Code   RO         5761    i.pins_to_default   nrfx_uarte.o
    0x0003479c   0x0003479c   0x00000062   Code   RO         4059    i.pm_buffer_block_acquire  pm_buffer.o
    0x000347fe   0x000347fe   0x0000002a   Code   RO         4060    i.pm_buffer_init    pm_buffer.o
    0x00034828   0x00034828   0x00000030   Code   RO         4061    i.pm_buffer_ptr_get  pm_buffer.o
    0x00034858   0x00034858   0x00000028   Code   RO         4062    i.pm_buffer_release  pm_buffer.o
    0x00034880   0x00034880   0x00000024   Code   RO         3630    i.pm_conn_sec_status_get  peer_manager.o
    0x000348a4   0x000348a4   0x0000002c   Code   RO         3631    i.pm_conn_secure    peer_manager.o
    0x000348d0   0x000348d0   0x0000019c   Code   RO         1526    i.pm_evt_handler    model_bond.o
    0x00034a6c   0x00034a6c   0x0000000c   Code   RO         3633    i.pm_gcm_evt_handler  peer_manager.o
    0x00034a78   0x00034a78   0x0000000c   Code   RO         3634    i.pm_gscm_evt_handler  peer_manager.o
    0x00034a84   0x00034a84   0x0000007c   Code   RO         3957    i.pm_handler_disconnect_on_sec_failure  peer_manager_handler.o
    0x00034b00   0x00034b00   0x00000358   Code   RO         3958    i.pm_handler_flash_clean  peer_manager_handler.o
    0x00034e58   0x00034e58   0x0000001c   Code   RO         3959    i.pm_handler_flash_clean_on_return  peer_manager_handler.o
    0x00034e74   0x00034e74   0x00000064   Code   RO         3960    i.pm_handler_on_pm_evt  peer_manager_handler.o
    0x00034ed8   0x00034ed8   0x000003d8   Code   RO         3961    i.pm_handler_pm_evt_log  peer_manager_handler.o
    0x000352b0   0x000352b0   0x00000028   Code   RO         3635    i.pm_id_addr_get    peer_manager.o
    0x000352d8   0x000352d8   0x0000000c   Code   RO         3637    i.pm_im_evt_handler  peer_manager.o
    0x000352e4   0x000352e4   0x00000248   Code   RO         3638    i.pm_init           peer_manager.o
    0x0003552c   0x0003552c   0x0000017c   Code   RO         3642    i.pm_pdb_evt_handler  peer_manager.o
    0x000356a8   0x000356a8   0x00000018   Code   RO         3643    i.pm_peer_count     peer_manager.o
    0x000356c0   0x000356c0   0x00000018   Code   RO         3646    i.pm_peer_data_bonding_load  peer_manager.o
    0x000356d8   0x000356d8   0x0000004c   Code   RO         3649    i.pm_peer_data_load  peer_manager.o
    0x00035724   0x00035724   0x00000020   Code   RO         3653    i.pm_peer_delete    peer_manager.o
    0x00035744   0x00035744   0x00000030   Code   RO         3654    i.pm_peer_id_get    peer_manager.o
    0x00035774   0x00035774   0x00000144   Code   RO         3657    i.pm_peer_rank_highest  peer_manager.o
    0x000358b8   0x000358b8   0x00000114   Code   RO         3658    i.pm_peer_ranks_get  peer_manager.o
    0x000359cc   0x000359cc   0x000000b4   Code   RO         3659    i.pm_peers_delete   peer_manager.o
    0x00035a80   0x00035a80   0x00000040   Code   RO         3662    i.pm_register       peer_manager.o
    0x00035ac0   0x00035ac0   0x00000024   Code   RO         3664    i.pm_sec_params_set  peer_manager.o
    0x00035ae4   0x00035ae4   0x00000016   Code   RO         3665    i.pm_sm_evt_handler  peer_manager.o
    0x00035afa   0x00035afa   0x00000002   PAD
    0x00035afc   0x00035afc   0x000000c4   Code   RO         5106    i.port_event_handle  nrfx_gpiote.o
    0x00035bc0   0x00035bc0   0x00000010   Code   RO         5107    i.port_handler_pin_get  nrfx_gpiote.o
    0x00035bd0   0x00035bd0   0x00000010   Code   RO         5108    i.port_handler_polarity_get  nrfx_gpiote.o
    0x00035be0   0x00035be0   0x00000048   Code   RO         9793    i.postfix_process   nrf_log_str_formatter.o
    0x00035c28   0x00035c28   0x0000003c   Code   RO          645    i.power_management_init  power.o
    0x00035c64   0x00035c64   0x0000005c   Code   RO          646    i.power_reset_reason_get  power.o
    0x00035cc0   0x00035cc0   0x000000a4   Code   RO         9794    i.prefix_process    nrf_log_str_formatter.o
    0x00035d64   0x00035d64   0x00000018   Code   RO         5427    i.prs_box_get       nrfx_prs.o
    0x00035d7c   0x00035d7c   0x00000020   Code   RO         7146    i.queue_buf_get     fds.o
    0x00035d9c   0x00035d9c   0x00000014   Code   RO         7147    i.queue_buf_store   fds.o
    0x00035db0   0x00035db0   0x00000014   Code   RO         7148    i.queue_free        fds.o
    0x00035dc4   0x00035dc4   0x00000018   Code   RO         8093    i.queue_free        nrf_fstorage_sd.o
    0x00035ddc   0x00035ddc   0x00000018   Code   RO         7149    i.queue_has_next    fds.o
    0x00035df4   0x00035df4   0x0000001c   Code   RO         7150    i.queue_init        fds.o
    0x00035e10   0x00035e10   0x00000014   Code   RO         7151    i.queue_load        fds.o
    0x00035e24   0x00035e24   0x0000002c   Code   RO         8094    i.queue_load_next   nrf_fstorage_sd.o
    0x00035e50   0x00035e50   0x000000c4   Code   RO         7152    i.queue_process     fds.o
    0x00035f14   0x00035f14   0x00000090   Code   RO         8095    i.queue_process     nrf_fstorage_sd.o
    0x00035fa4   0x00035fa4   0x00000018   Code   RO         7153    i.queue_start       fds.o
    0x00035fbc   0x00035fbc   0x0000001c   Code   RO         8096    i.queue_start       nrf_fstorage_sd.o
    0x00035fd8   0x00035fd8   0x0000001e   Code   RO         8958    i.queue_utilization_get  nrf_queue.o
    0x00035ff6   0x00035ff6   0x00000002   PAD
    0x00035ff8   0x00035ff8   0x00000010   Code   RO         9199    i.ram_end_address_get  nrf_sdh_ble.o
    0x00036008   0x00036008   0x0000001c   Code   RO         3964    i.rank_highest      peer_manager_handler.o
    0x00036024   0x00036024   0x00000008   Code   RO         3668    i.rank_init         peer_manager.o
    0x0003602c   0x0003602c   0x00000040   Code   RO         3669    i.rank_vars_update  peer_manager.o
    0x0003606c   0x0003606c   0x0000001c   Code   RO         8097    i.read              nrf_fstorage_sd.o
    0x00036088   0x00036088   0x00000078   Code   RO         3382    i.reattempt_previous_operations  peer_database.o
    0x00036100   0x00036100   0x00000028   Code   RO         2312    i.record_activate   ble_conn_state.o
    0x00036128   0x00036128   0x00000094   Code   RO         7154    i.record_find       fds.o
    0x000361bc   0x000361bc   0x0000003c   Code   RO         7155    i.record_find_and_delete  fds.o
    0x000361f8   0x000361f8   0x0000007c   Code   RO         7156    i.record_find_by_desc  fds.o
    0x00036274   0x00036274   0x00000078   Code   RO         7157    i.record_find_next  fds.o
    0x000362ec   0x000362ec   0x00000040   Code   RO         7158    i.record_header_flag_dirty  fds.o
    0x0003632c   0x0003632c   0x0000002c   Code   RO         7159    i.record_header_write_begin  fds.o
    0x00036358   0x00036358   0x00000038   Code   RO         7160    i.record_header_write_finalize  fds.o
    0x00036390   0x00036390   0x00000038   Code   RO         7161    i.record_header_write_id  fds.o
    0x000363c8   0x000363c8   0x00000010   Code   RO         7162    i.record_id_new     fds.o
    0x000363d8   0x000363d8   0x0000002e   Code   RO         1825    i.record_inflie_countget  hal_flash.o
    0x00036406   0x00036406   0x00000002   PAD
    0x00036408   0x00036408   0x00000020   Code   RO         2313    i.record_invalidate  ble_conn_state.o
    0x00036428   0x00036428   0x00000006   Code   RO         3216    i.record_key_to_peer_data_id  peer_data_storage.o
    0x0003642e   0x0003642e   0x00000018   Code   RO         3217    i.record_key_within_pm_range  peer_data_storage.o
    0x00036446   0x00036446   0x00000002   PAD
    0x00036448   0x00036448   0x00000048   Code   RO         2314    i.record_purge_disconnected  ble_conn_state.o
    0x00036490   0x00036490   0x00000014   Code   RO         2315    i.record_set_disconnected  ble_conn_state.o
    0x000364a4   0x000364a4   0x00000030   Code   RO         7163    i.record_write_data  fds.o
    0x000364d4   0x000364d4   0x000000a4   Code   RO         7164    i.records_stat      fds.o
    0x00036578   0x00036578   0x00000014   Code   RO         3537    i.release           peer_id.o
    0x0003658c   0x0003658c   0x00000038   Code   RO         1258    i.remote_reset_handler  model_cmd_act.o
    0x000365c4   0x000365c4   0x00000006   Code   RO         8098    i.rmap              nrf_fstorage_sd.o
    0x000365ca   0x000365ca   0x00000002   PAD
    0x000365cc   0x000365cc   0x000000f0   Code   RO          390    i.rsp_auth_handler  model_ble.o
    0x000366bc   0x000366bc   0x00000064   Code   RO          983    i.rsp_data_handler  model_data_trs.o
    0x00036720   0x00036720   0x00000044   Code   RO         1259    i.rsp_jump          model_cmd_act.o
    0x00036764   0x00036764   0x00000014   Code   RO         1267    i.rsp_queue_pop     model_cmd_act.o
    0x00036778   0x00036778   0x00000014   Code   RO         1268    i.rsp_queue_push    model_cmd_act.o
    0x0003678c   0x0003678c   0x0000003e   Code   RO         6627    i.rtc_irq           app_timer2.o
    0x000367ca   0x000367ca   0x00000002   PAD
    0x000367cc   0x000367cc   0x00000084   Code   RO         6628    i.rtc_schedule      app_timer2.o
    0x00036850   0x00036850   0x000000c0   Code   RO         6629    i.rtc_update        app_timer2.o
    0x00036910   0x00036910   0x0000003e   Code   RO         5510    i.rx_byte           nrfx_uart.o
    0x0003694e   0x0003694e   0x0000001c   Code   RO         5511    i.rx_done_event     nrfx_uart.o
    0x0003696a   0x0003696a   0x0000001c   Code   RO         5762    i.rx_done_event     nrfx_uarte.o
    0x00036986   0x00036986   0x00000002   PAD
    0x00036988   0x00036988   0x00000090   Code   RO         1775    i.saadc_init        hal_saadc.o
    0x00036a18   0x00036a18   0x00000074   Code   RO         1776    i.saadc_samples_blocking_mean  hal_saadc.o
    0x00036a8c   0x00036a8c   0x00000020   Code   RO         2568    i.sc_send_pending_handle  gatt_cache_manager.o
    0x00036aac   0x00036aac   0x0000007c   Code   RO         9075    i.sd_nvic_DisableIRQ  nrf_sdh.o
    0x00036b28   0x00036b28   0x000000a4   Code   RO         9076    i.sd_nvic_EnableIRQ  nrf_sdh.o
    0x00036bcc   0x00036bcc   0x00000068   Code   RO         6777    i.sd_nvic_critical_region_enter  app_util_platform.o
    0x00036c34   0x00036c34   0x00000090   Code   RO         4538    i.sd_state_evt_handler  nrf_drv_clock.o
    0x00036cc4   0x00036cc4   0x0000003c   Code   RO         9077    i.sdh_request_observer_notify  nrf_sdh.o
    0x00036d00   0x00036d00   0x00000034   Code   RO         9078    i.sdh_state_observer_notify  nrf_sdh.o
    0x00036d34   0x00036d34   0x000000f8   Code   RO         4129    i.sec_info_request_process  security_dispatcher.o
    0x00036e2c   0x00036e2c   0x00000110   Code   RO         4130    i.sec_keyset_fill   security_dispatcher.o
    0x00036f3c   0x00036f3c   0x00000030   Code   RO         4131    i.sec_params_request_process  security_dispatcher.o
    0x00036f6c   0x00036f6c   0x000000e8   Code   RO         4316    i.sec_params_verify  security_manager.o
    0x00037054   0x00037054   0x00000058   Code   RO         4132    i.sec_proc_start    security_dispatcher.o
    0x000370ac   0x000370ac   0x00000068   Code   RO         4317    i.sec_req_process   security_manager.o
    0x00037114   0x00037114   0x00000028   Code   RO         4133    i.sec_start_send    security_dispatcher.o
    0x0003713c   0x0003713c   0x00000022   Code   RO         4134    i.send_config_req   security_dispatcher.o
    0x0003715e   0x0003715e   0x00000002   PAD
    0x00037160   0x00037160   0x00000018   Code   RO         2203    i.send_error_evt    ble_conn_params.o
    0x00037178   0x00037178   0x00000028   Code   RO         4135    i.send_params_req   security_dispatcher.o
    0x000371a0   0x000371a0   0x00000024   Code   RO         4136    i.send_storage_full_evt  security_dispatcher.o
    0x000371c4   0x000371c4   0x00000028   Code   RO         2569    i.send_unexpected_error  gatt_cache_manager.o
    0x000371ec   0x000371ec   0x00000028   Code   RO         3218    i.send_unexpected_error  peer_data_storage.o
    0x00037214   0x00037214   0x00000028   Code   RO         4137    i.send_unexpected_error  security_dispatcher.o
    0x0003723c   0x0003723c   0x0000001e   Code   RO         4318    i.send_unexpected_error  security_manager.o
    0x0003725a   0x0003725a   0x00000024   Code   RO         2204    i.send_update_request  ble_conn_params.o
    0x0003727e   0x0003727e   0x00000002   PAD
    0x00037280   0x00037280   0x00000084   Code   RO         9370    i.serial_tx         nrf_log_backend_rtt.o
    0x00037304   0x00037304   0x00000088   Code   RO         9472    i.serial_tx         nrf_log_backend_uart.o
    0x0003738c   0x0003738c   0x00000074   Code   RO         2570    i.service_changed_cccd  gatt_cache_manager.o
    0x00037400   0x00037400   0x00000020   Code   RO         2571    i.service_changed_needed  gatt_cache_manager.o
    0x00037420   0x00037420   0x00000018   Code   RO         2572    i.service_changed_pending_flags_check  gatt_cache_manager.o
    0x00037438   0x00037438   0x000000a8   Code   RO         2752    i.service_changed_pending_set  gatts_cache_manager.o
    0x000374e0   0x000374e0   0x00000124   Code   RO         2573    i.service_changed_send_in_evt  gatt_cache_manager.o
    0x00037604   0x00037604   0x00000096   Code   RO         1927    i.service_data_encode  ble_advdata.o
    0x0003769a   0x0003769a   0x00000002   PAD
    0x0003769c   0x0003769c   0x0000009c   Code   RO          391    i.services_init     model_ble.o
    0x00037738   0x00037738   0x000000be   Code   RO         2489    i.set_security_req  ble_srv_common.o
    0x000377f6   0x000377f6   0x00000002   PAD
    0x000377f8   0x000377f8   0x000000cc   Code   RO         8301    i.shutdown_process  nrf_pwr_mgmt.o
    0x000378c4   0x000378c4   0x00000034   Code   RO         4319    i.sm_ble_evt_handler  security_manager.o
    0x000378f8   0x000378f8   0x0000009a   Code   RO         4321    i.sm_conn_sec_status_get  security_manager.o
    0x00037992   0x00037992   0x00000002   PAD
    0x00037994   0x00037994   0x00000064   Code   RO         4322    i.sm_init           security_manager.o
    0x000379f8   0x000379f8   0x00000018   Code   RO         4324    i.sm_link_secure    security_manager.o
    0x00037a10   0x00037a10   0x00000058   Code   RO         4325    i.sm_pdb_evt_handler  security_manager.o
    0x00037a68   0x00037a68   0x00000030   Code   RO         4326    i.sm_sec_is_sufficient  security_manager.o
    0x00037a98   0x00037a98   0x00000048   Code   RO         4328    i.sm_sec_params_set  security_manager.o
    0x00037ae0   0x00037ae0   0x00000032   Code   RO         4329    i.sm_smd_evt_handler  security_manager.o
    0x00037b12   0x00037b12   0x0000004c   Code   RO         4138    i.smd_ble_evt_handler  security_dispatcher.o
    0x00037b5e   0x00037b5e   0x00000002   PAD
    0x00037b60   0x00037b60   0x0000007c   Code   RO         4140    i.smd_init          security_dispatcher.o
    0x00037bdc   0x00037bdc   0x00000028   Code   RO         4141    i.smd_link_secure   security_dispatcher.o
    0x00037c04   0x00037c04   0x000000c0   Code   RO         4142    i.smd_params_reply  security_dispatcher.o
    0x00037cc4   0x00037cc4   0x00000040   Code   RO         4330    i.smd_params_reply_perform  security_manager.o
    0x00037d04   0x00037d04   0x0000001c   Code   RO         4539    i.soc_evt_handler   nrf_drv_clock.o
    0x00037d20   0x00037d20   0x00000060   Code   RO         9079    i.softdevice_evt_irq_disable  nrf_sdh.o
    0x00037d80   0x00037d80   0x00000060   Code   RO         9080    i.softdevices_evt_irq_enable  nrf_sdh.o
    0x00037de0   0x00037de0   0x00000018   Code   RO         6630    i.sorted_list_stop_all  app_timer2.o
    0x00037df8   0x00037df8   0x00000018   Code   RO         6631    i.sortlist_pop      app_timer2.o
    0x00037e10   0x00037e10   0x00000064   Code   RO         9614    i.std_header_set    nrf_log_frontend.o
    0x00037e74   0x00037e74   0x00000070   Code   RO         9615    i.std_n             nrf_log_frontend.o
    0x00037ee4   0x00037ee4   0x0000010c   Code   RO         1273    i.storage_clear_handler  model_cmd_act.o
    0x00037ff0   0x00037ff0   0x00000078   Code   RO         2574    i.store_car_value   gatt_cache_manager.o
    0x00038068   0x00038068   0x00000074   Code   RO         7949    i.string_print      nrf_fprintf_format.o
    0x000380dc   0x000380dc   0x00000020   Code   RO         1176    i.stringtolower     data_transfer.o
    0x000380fc   0x000380fc   0x0000000a   Code   RO         6907    i.ticks_sub         drv_rtc.o
    0x00038106   0x00038106   0x00000002   PAD
    0x00038108   0x00038108   0x000001d0   Code   RO          698    i.timer_event_handler  user_hardware.o
    0x000382d8   0x000382d8   0x000000b4   Code   RO         6632    i.timer_expire      app_timer2.o
    0x0003838c   0x0003838c   0x00000064   Code   RO         1628    i.timer_init        hal_timer.o
    0x000383f0   0x000383f0   0x00000098   Code   RO         6633    i.timer_req_process  app_timer2.o
    0x00038488   0x00038488   0x00000040   Code   RO         6634    i.timer_req_schedule  app_timer2.o
    0x000384c8   0x000384c8   0x0000000c   Code   RO         1629    i.timer_start       hal_timer.o
    0x000384d4   0x000384d4   0x0000000c   Code   RO         1630    i.timer_stop        hal_timer.o
    0x000384e0   0x000384e0   0x00000002   Code   RO         9795    i.timestamp_print   nrf_log_str_formatter.o
    0x000384e2   0x000384e2   0x00000036   Code   RO         5513    i.tx_blocking       nrfx_uart.o
    0x00038518   0x00038518   0x00000026   Code   RO         5514    i.tx_byte           nrfx_uart.o
    0x0003853e   0x0003853e   0x00000020   Code   RO         5515    i.tx_done_event     nrfx_uart.o
    0x0003855e   0x0003855e   0x00000020   Code   RO         5763    i.tx_done_event     nrfx_uarte.o
    0x0003857e   0x0003857e   0x00000036   Code   RO         1928    i.tx_power_level_encode  ble_advdata.o
    0x000385b4   0x000385b4   0x00000050   Code   RO          392    i.tx_power_set      model_ble.o
    0x00038604   0x00038604   0x00000038   Code   RO         4693    i.uart_evt_handler  nrf_drv_uart.o
    0x0003863c   0x0003863c   0x0000000c   Code   RO         9473    i.uart_evt_handler  nrf_log_backend_uart.o
    0x00038648   0x00038648   0x0000006c   Code   RO         9474    i.uart_init         nrf_log_backend_uart.o
    0x000386b4   0x000386b4   0x0000014e   Code   RO         5516    i.uart_irq_handler  nrfx_uart.o
    0x00038802   0x00038802   0x00000002   PAD
    0x00038804   0x00038804   0x00000038   Code   RO         4694    i.uarte_evt_handler  nrf_drv_uart.o
    0x0003883c   0x0003883c   0x00000134   Code   RO         5764    i.uarte_irq_handler  nrfx_uarte.o
    0x00038970   0x00038970   0x0000000c   Code   RO         2490    i.uint16_decode     ble_srv_common.o
    0x0003897c   0x0003897c   0x0000000c   Code   RO         1929    i.uint16_encode     ble_advdata.o
    0x00038988   0x00038988   0x00000024   Code   RO         8099    i.uninit            nrf_fstorage_sd.o
    0x000389ac   0x000389ac   0x0000000e   Code   RO         1177    i.unpack_bigendian16  data_transfer.o
    0x000389ba   0x000389ba   0x00000018   Code   RO         1178    i.unpack_bigendian32  data_transfer.o
    0x000389d2   0x000389d2   0x00000002   PAD
    0x000389d4   0x000389d4   0x000000b8   Code   RO         7950    i.unsigned_print    nrf_fprintf_format.o
    0x00038a8c   0x00038a8c   0x00000034   Code   RO         2575    i.update_pending_flags_check  gatt_cache_manager.o
    0x00038ac0   0x00038ac0   0x00000074   Code   RO         2205    i.update_timeout_handler  ble_conn_params.o
    0x00038b34   0x00038b34   0x00000014   Code   RO         2316    i.user_flag_is_acquired  ble_conn_state.o
    0x00038b48   0x00038b48   0x0000002c   Code   RO         3143    i.user_mem_reply    nrf_ble_qwr.o
    0x00038b74   0x00038b74   0x00000030   Code   RO         1210    i.user_protocol_pack  model_user_protocol.o
    0x00038ba4   0x00038ba4   0x00000058   Code   RO         1211    i.user_protocol_unpack  model_user_protocol.o
    0x00038bfc   0x00038bfc   0x0000004e   Code   RO         1930    i.uuid_list_encode  ble_advdata.o
    0x00038c4a   0x00038c4a   0x000000d6   Code   RO         1931    i.uuid_list_sized_encode  ble_advdata.o
    0x00038d20   0x00038d20   0x0000000c   Code   RO         1690    i.watchdog_feed     hal_watchdog.o
    0x00038d2c   0x00038d2c   0x00000074   Code   RO          699    i.watchdog_module_init  user_hardware.o
    0x00038da0   0x00038da0   0x00000002   Code   RO          700    i.wdt_event_handler  user_hardware.o
    0x00038da2   0x00038da2   0x00000006   Code   RO         8100    i.wmap              nrf_fstorage_sd.o
    0x00038da8   0x00038da8   0x00000054   Code   RO         8101    i.write             nrf_fstorage_sd.o
    0x00038dfc   0x00038dfc   0x00000038   Code   RO         3383    i.write_buf_length_words_set  peer_database.o
    0x00038e34   0x00038e34   0x00000160   Code   RO         3384    i.write_buf_store   peer_database.o
    0x00038f94   0x00038f94   0x00000070   Code   RO         3385    i.write_buf_store_in_event  peer_database.o
    0x00039004   0x00039004   0x00000024   Code   RO         3386    i.write_buffer_record_acquire  peer_database.o
    0x00039028   0x00039028   0x0000004c   Code   RO         3387    i.write_buffer_record_find  peer_database.o
    0x00039074   0x00039074   0x00000034   Code   RO         3388    i.write_buffer_record_find_next  peer_database.o
    0x000390a8   0x000390a8   0x00000030   Code   RO         3389    i.write_buffer_record_find_stored  peer_database.o
    0x000390d8   0x000390d8   0x0000000e   Code   RO         3390    i.write_buffer_record_find_unused  peer_database.o
    0x000390e6   0x000390e6   0x00000024   Code   RO         3391    i.write_buffer_record_invalidate  peer_database.o
    0x0003910a   0x0003910a   0x00000002   PAD
    0x0003910c   0x0003910c   0x00000028   Code   RO         3392    i.write_buffer_record_release  peer_database.o
    0x00039134   0x00039134   0x000000e8   Code   RO         7165    i.write_enqueue     fds.o
    0x0003921c   0x0003921c   0x000000c8   Code   RO         7166    i.write_execute     fds.o
    0x000392e4   0x000392e4   0x00000058   Code   RO         8102    i.write_execute     nrf_fstorage_sd.o
    0x0003933c   0x0003933c   0x00000024   Code   RO         7167    i.write_space_free  fds.o
    0x00039360   0x00039360   0x0000007c   Code   RO         7168    i.write_space_reserve  fds.o
    0x000393dc   0x000393dc   0x00000006   Data   RO            5    .constdata          main.o
    0x000393e2   0x000393e2   0x00000002   PAD
    0x000393e4   0x000393e4   0x00000004   Data   RO          394    .constdata          model_ble.o
    0x000393e8   0x000393e8   0x00000008   PAD
    0x000393f0   0x000393f0   0x00000032   Data   RO          701    .constdata          user_hardware.o
    0x00039422   0x00039422   0x00000002   PAD
    0x00039424   0x00039424   0x00000004   Data   RO          879    .constdata          model_calendar.o
    0x00039428   0x00039428   0x00000004   Data   RO          985    .constdata          model_data_trs.o
    0x0003942c   0x0003942c   0x0000002a   Data   RO         1275    .constdata          model_cmd_act.o
    0x00039456   0x00039456   0x00000002   PAD
    0x00039458   0x00039458   0x00000018   Data   RO         1691    .constdata          hal_watchdog.o
    0x00039470   0x00039470   0x0000000b   Data   RO         1727    .constdata          hal_gpio.o
    0x0003947b   0x0003947b   0x00000001   PAD
    0x0003947c   0x0003947c   0x0000000d   Data   RO         1777    .constdata          hal_saadc.o
    0x00039489   0x00039489   0x00000003   PAD
    0x0003948c   0x0003948c   0x0000006c   Data   RO         2576    .constdata          gatt_cache_manager.o
    0x000394f8   0x000394f8   0x00000018   Data   RO         2753    .constdata          gatts_cache_manager.o
    0x00039510   0x00039510   0x00000008   Data   RO         2865    .constdata          id_manager.o
    0x00039518   0x00039518   0x00000016   Data   RO         3030    .constdata          nrf_ble_gatt.o
    0x0003952e   0x0003952e   0x00000002   PAD
    0x00039530   0x00039530   0x00000018   Data   RO         3219    .constdata          peer_data_storage.o
    0x00039548   0x00039548   0x00000010   Data   RO         3394    .constdata          peer_database.o
    0x00039558   0x00039558   0x0000002c   Data   RO         3671    .constdata          peer_manager.o
    0x00039584   0x00039584   0x00000038   Data   RO         3967    .constdata          peer_manager_handler.o
    0x000395bc   0x000395bc   0x00000078   Data   RO         4144    .constdata          security_dispatcher.o
    0x00039634   0x00039634   0x00000005   Data   RO         4331    .constdata          security_manager.o
    0x00039639   0x00039639   0x00000003   PAD
    0x0003963c   0x0003963c   0x00000042   Data   RO         5110    .constdata          nrfx_gpiote.o
    0x0003967e   0x0003967e   0x00000002   PAD
    0x00039680   0x00039680   0x0000002e   Data   RO         5518    .constdata          nrfx_uart.o
    0x000396ae   0x000396ae   0x00000002   PAD
    0x000396b0   0x000396b0   0x00000034   Data   RO         5766    .constdata          nrfx_uarte.o
    0x000396e4   0x000396e4   0x0000000c   PAD
    0x000396f0   0x000396f0   0x000000aa   Data   RO         5984    .constdata          nrfx_saadc.o
    0x0003979a   0x0003979a   0x00000002   PAD
    0x0003979c   0x0003979c   0x00000014   Data   RO         6636    .constdata          app_timer2.o
    0x000397b0   0x000397b0   0x00000006   Data   RO         6908    .constdata          drv_rtc.o
    0x000397b6   0x000397b6   0x00000002   PAD
    0x000397b8   0x000397b8   0x00000018   Data   RO         7170    .constdata          fds.o
    0x000397d0   0x000397d0   0x00000010   Data   RO         7951    .constdata          nrf_fprintf_format.o
    0x000397e0   0x000397e0   0x0000005e   Data   RO         8002    .constdata          nrf_fstorage.o
    0x0003983e   0x0003983e   0x00000002   PAD
    0x00039840   0x00039840   0x00000030   Data   RO         8104    .constdata          nrf_fstorage_sd.o
    0x00039870   0x00039870   0x00000024   Data   RO         8303    .constdata          nrf_pwr_mgmt.o
    0x00039894   0x00039894   0x0000013c   Data   RO         8529    .constdata          nrf_strerror.o
    0x000399d0   0x000399d0   0x00000058   Data   RO         9081    .constdata          nrf_sdh.o
    0x00039a28   0x00039a28   0x00000030   Data   RO         9200    .constdata          nrf_sdh_ble.o
    0x00039a58   0x00039a58   0x0000001c   Data   RO         9255    .constdata          nrf_sdh_soc.o
    0x00039a74   0x00039a74   0x00000010   Data   RO         9294    .constdata          ble_nus.o
    0x00039a84   0x00039a84   0x0000000c   PAD
    0x00039a90   0x00039a90   0x00000016   Data   RO         9372    .constdata          nrf_log_backend_rtt.o
    0x00039aa6   0x00039aa6   0x00000002   PAD
    0x00039aa8   0x00039aa8   0x0000002c   Data   RO         9476    .constdata          nrf_log_backend_uart.o
    0x00039ad4   0x00039ad4   0x0000000c   Data   RO         9617    .constdata          nrf_log_frontend.o
    0x00039ae0   0x00039ae0   0x00000081   Data   RO        12439    .constdata          mc_w.l(ctype_o.o)
    0x00039b61   0x00039b61   0x00000003   PAD
    0x00039b64   0x00039b64   0x00000004   Data   RO        12440    .constdata          mc_w.l(ctype_o.o)
    0x00039b68   0x00039b68   0x00000020   Data   RO            6    .conststring        main.o
    0x00039b88   0x00039b88   0x0000190f   Data   RO          351    .conststring        event_id.o
    0x0003b497   0x0003b497   0x00000001   PAD
    0x0003b498   0x0003b498   0x00000047   Data   RO          702    .conststring        user_hardware.o
    0x0003b4df   0x0003b4df   0x00000001   PAD
    0x0003b4e0   0x0003b4e0   0x000000dd   Data   RO         1276    .conststring        model_cmd_act.o
    0x0003b5bd   0x0003b5bd   0x00000003   PAD
    0x0003b5c0   0x0003b5c0   0x000001a4   Data   RO         2577    .conststring        gatt_cache_manager.o
    0x0003b764   0x0003b764   0x0000019c   Data   RO         2754    .conststring        gatts_cache_manager.o
    0x0003b900   0x0003b900   0x0000013e   Data   RO         3031    .conststring        nrf_ble_gatt.o
    0x0003ba3e   0x0003ba3e   0x00000002   PAD
    0x0003ba40   0x0003ba40   0x000000e8   Data   RO         3220    .conststring        peer_data_storage.o
    0x0003bb28   0x0003bb28   0x00000180   Data   RO         3395    .conststring        peer_database.o
    0x0003bca8   0x0003bca8   0x00000090   Data   RO         3672    .conststring        peer_manager.o
    0x0003bd38   0x0003bd38   0x000003df   Data   RO         3968    .conststring        peer_manager_handler.o
    0x0003c117   0x0003c117   0x00000001   PAD
    0x0003c118   0x0003c118   0x000002b2   Data   RO         4145    .conststring        security_dispatcher.o
    0x0003c3ca   0x0003c3ca   0x00000002   PAD
    0x0003c3cc   0x0003c3cc   0x0000017b   Data   RO         4332    .conststring        security_manager.o
    0x0003c547   0x0003c547   0x00000001   PAD
    0x0003c548   0x0003c548   0x0000004f   Data   RO         8003    .conststring        nrf_fstorage.o
    0x0003c597   0x0003c597   0x00000001   PAD
    0x0003c598   0x0003c598   0x0000022a   Data   RO         8530    .conststring        nrf_strerror.o
    0x0003c7c2   0x0003c7c2   0x00000002   PAD
    0x0003c7c4   0x0003c7c4   0x000001cf   Data   RO         9201    .conststring        nrf_sdh_ble.o
    0x0003c993   0x0003c993   0x00000001   PAD
    0x0003c994   0x0003c994   0x00000046   Data   RO         9477    .conststring        nrf_log_backend_uart.o
    0x0003c9da   0x0003c9da   0x00000002   PAD
    0x0003c9dc   0x0003c9dc   0x00000066   Data   RO         9796    .conststring        nrf_log_str_formatter.o
    0x0003ca42   0x0003ca42   0x00000002   PAD
    0x0003ca44   0x0003ca44   0x00000011   Data   RO         2578    .conststrlit        gatt_cache_manager.o
    0x0003ca55   0x0003ca55   0x00000003   PAD
    0x0003ca58   0x0003ca58   0x00000012   Data   RO         2755    .conststrlit        gatts_cache_manager.o
    0x0003ca6a   0x0003ca6a   0x00000002   PAD
    0x0003ca6c   0x0003ca6c   0x00000010   Data   RO         2867    .conststrlit        id_manager.o
    0x0003ca7c   0x0003ca7c   0x0000000d   Data   RO         3032    .conststrlit        nrf_ble_gatt.o
    0x0003ca89   0x0003ca89   0x00000003   PAD
    0x0003ca8c   0x0003ca8c   0x00000011   Data   RO         3221    .conststrlit        peer_data_storage.o
    0x0003ca9d   0x0003ca9d   0x00000003   PAD
    0x0003caa0   0x0003caa0   0x00000011   Data   RO         3396    .conststrlit        peer_database.o
    0x0003cab1   0x0003cab1   0x00000003   PAD
    0x0003cab4   0x0003cab4   0x0000000d   Data   RO         3673    .conststrlit        peer_manager.o
    0x0003cac1   0x0003cac1   0x00000003   PAD
    0x0003cac4   0x0003cac4   0x00000015   Data   RO         3969    .conststrlit        peer_manager_handler.o
    0x0003cad9   0x0003cad9   0x00000003   PAD
    0x0003cadc   0x0003cadc   0x00000011   Data   RO         4146    .conststrlit        security_dispatcher.o
    0x0003caed   0x0003caed   0x00000003   PAD
    0x0003caf0   0x0003caf0   0x00000010   Data   RO         4333    .conststrlit        security_manager.o
    0x0003cb00   0x0003cb00   0x00000006   Data   RO         4542    .conststrlit        nrf_drv_clock.o
    0x0003cb06   0x0003cb06   0x00000002   PAD
    0x0003cb08   0x0003cb08   0x00000006   Data   RO         4907    .conststrlit        nrfx_clock.o
    0x0003cb0e   0x0003cb0e   0x00000002   PAD
    0x0003cb10   0x0003cb10   0x00000007   Data   RO         5111    .conststrlit        nrfx_gpiote.o
    0x0003cb17   0x0003cb17   0x00000001   PAD
    0x0003cb18   0x0003cb18   0x00000004   Data   RO         5429    .conststrlit        nrfx_prs.o
    0x0003cb1c   0x0003cb1c   0x00000005   Data   RO         5519    .conststrlit        nrfx_uart.o
    0x0003cb21   0x0003cb21   0x00000003   PAD
    0x0003cb24   0x0003cb24   0x00000006   Data   RO         5767    .conststrlit        nrfx_uarte.o
    0x0003cb2a   0x0003cb2a   0x00000002   PAD
    0x0003cb2c   0x0003cb2c   0x00000006   Data   RO         5985    .conststrlit        nrfx_saadc.o
    0x0003cb32   0x0003cb32   0x00000002   PAD
    0x0003cb34   0x0003cb34   0x00000006   Data   RO         6147    .conststrlit        nrfx_timer.o
    0x0003cb3a   0x0003cb3a   0x00000002   PAD
    0x0003cb3c   0x0003cb3c   0x00000004   Data   RO         6298    .conststrlit        nrfx_wdt.o
    0x0003cb40   0x0003cb40   0x0000000b   Data   RO         6379    .conststrlit        app_button.o
    0x0003cb4b   0x0003cb4b   0x00000001   PAD
    0x0003cb4c   0x0003cb4c   0x0000000a   Data   RO         6637    .conststrlit        app_timer2.o
    0x0003cb56   0x0003cb56   0x00000002   PAD
    0x0003cb58   0x0003cb58   0x0000000d   Data   RO         8004    .conststrlit        nrf_fstorage.o
    0x0003cb65   0x0003cb65   0x00000003   PAD
    0x0003cb68   0x0003cb68   0x00000009   Data   RO         8304    .conststrlit        nrf_pwr_mgmt.o
    0x0003cb71   0x0003cb71   0x00000003   PAD
    0x0003cb74   0x0003cb74   0x00000009   Data   RO         8476    .conststrlit        nrf_sortlist.o
    0x0003cb7d   0x0003cb7d   0x00000003   PAD
    0x0003cb80   0x0003cb80   0x00000008   Data   RO         9082    .conststrlit        nrf_sdh.o
    0x0003cb88   0x0003cb88   0x0000000c   Data   RO         9202    .conststrlit        nrf_sdh_ble.o
    0x0003cb94   0x0003cb94   0x0000000c   Data   RO         9256    .conststrlit        nrf_sdh_soc.o
    0x0003cba0   0x0003cba0   0x00000008   Data   RO         9295    .conststrlit        ble_nus.o
    0x0003cba8   0x0003cba8   0x00000021   Data   RO         9543    .conststrlit        nrf_log_default_backends.o
    0x0003cbc9   0x0003cbc9   0x00000003   PAD
    0x0003cbcc   0x0003cbcc   0x00000004   Data   RO         9618    .conststrlit        nrf_log_frontend.o
    0x0003cbd0   0x0003cbd0   0x00000020   Data   RO        12780    Region$$Table       anon$$obj.o
    0x0003cbf0   0x0003cbf0   0x00000020   Data   RO         9545    log_backends        nrf_log_default_backends.o
    0x0003cc10   0x0003cc10   0x00000008   Data   RO         2580    log_const_data      gatt_cache_manager.o
    0x0003cc18   0x0003cc18   0x00000008   Data   RO         2757    log_const_data      gatts_cache_manager.o
    0x0003cc20   0x0003cc20   0x00000008   Data   RO         2869    log_const_data      id_manager.o
    0x0003cc28   0x0003cc28   0x00000008   Data   RO         3033    log_const_data      nrf_ble_gatt.o
    0x0003cc30   0x0003cc30   0x00000008   Data   RO         3223    log_const_data      peer_data_storage.o
    0x0003cc38   0x0003cc38   0x00000008   Data   RO         3398    log_const_data      peer_database.o
    0x0003cc40   0x0003cc40   0x00000008   Data   RO         3675    log_const_data      peer_manager.o
    0x0003cc48   0x0003cc48   0x00000008   Data   RO         3971    log_const_data      peer_manager_handler.o
    0x0003cc50   0x0003cc50   0x00000008   Data   RO         4148    log_const_data      security_dispatcher.o
    0x0003cc58   0x0003cc58   0x00000008   Data   RO         4335    log_const_data      security_manager.o
    0x0003cc60   0x0003cc60   0x00000008   Data   RO         4543    log_const_data      nrf_drv_clock.o
    0x0003cc68   0x0003cc68   0x00000008   Data   RO         4909    log_const_data      nrfx_clock.o
    0x0003cc70   0x0003cc70   0x00000008   Data   RO         5112    log_const_data      nrfx_gpiote.o
    0x0003cc78   0x0003cc78   0x00000008   Data   RO         5431    log_const_data      nrfx_prs.o
    0x0003cc80   0x0003cc80   0x00000008   Data   RO         5520    log_const_data      nrfx_uart.o
    0x0003cc88   0x0003cc88   0x00000008   Data   RO         5768    log_const_data      nrfx_uarte.o
    0x0003cc90   0x0003cc90   0x00000008   Data   RO         5986    log_const_data      nrfx_saadc.o
    0x0003cc98   0x0003cc98   0x00000008   Data   RO         6148    log_const_data      nrfx_timer.o
    0x0003cca0   0x0003cca0   0x00000008   Data   RO         6300    log_const_data      nrfx_wdt.o
    0x0003cca8   0x0003cca8   0x00000008   Data   RO         6381    log_const_data      app_button.o
    0x0003ccb0   0x0003ccb0   0x00000008   Data   RO         6639    log_const_data      app_timer2.o
    0x0003ccb8   0x0003ccb8   0x00000008   Data   RO         8005    log_const_data      nrf_fstorage.o
    0x0003ccc0   0x0003ccc0   0x00000008   Data   RO         8306    log_const_data      nrf_pwr_mgmt.o
    0x0003ccc8   0x0003ccc8   0x00000008   Data   RO         8477    log_const_data      nrf_sortlist.o
    0x0003ccd0   0x0003ccd0   0x00000008   Data   RO         9084    log_const_data      nrf_sdh.o
    0x0003ccd8   0x0003ccd8   0x00000008   Data   RO         9204    log_const_data      nrf_sdh_ble.o
    0x0003cce0   0x0003cce0   0x00000008   Data   RO         9257    log_const_data      nrf_sdh_soc.o
    0x0003cce8   0x0003cce8   0x00000008   Data   RO         9296    log_const_data      ble_nus.o
    0x0003ccf0   0x0003ccf0   0x00000008   Data   RO         9620    log_const_data      nrf_log_frontend.o
    0x0003ccf8   0x0003ccf8   0x00000014   Data   RO         9621    nrf_balloc          nrf_log_frontend.o
    0x0003cd0c   0x0003cd0c   0x00000028   Data   RO          988    nrf_queue           model_data_trs.o
    0x0003cd34   0x0003cd34   0x00000028   Data   RO         1278    nrf_queue           model_cmd_act.o
    0x0003cd5c   0x0003cd5c   0x00000008   Data   RO         2318    sdh_ble_observers0  ble_conn_state.o
    0x0003cd64   0x0003cd64   0x00000008   Data   RO          396    sdh_ble_observers1  model_ble.o
    0x0003cd6c   0x0003cd6c   0x00000008   Data   RO         2208    sdh_ble_observers1  ble_conn_params.o
    0x0003cd74   0x0003cd74   0x00000008   Data   RO         3676    sdh_ble_observers1  peer_manager.o
    0x0003cd7c   0x0003cd7c   0x00000008   Data   RO        10344    sdh_ble_observers1  bsp_btn_ble.o
    0x0003cd84   0x0003cd84   0x00000018   Data   RO          397    sdh_ble_observers2  model_ble.o
    0x0003cd9c   0x0003cd9c   0x00000008   Data   RO          398    sdh_ble_observers3  model_ble.o
    0x0003cda4   0x0003cda4   0x00000008   Data   RO         8106    sdh_req_observers0  nrf_fstorage_sd.o
    0x0003cdac   0x0003cdac   0x00000008   Data   RO         4544    sdh_soc_observers0  nrf_drv_clock.o
    0x0003cdb4   0x0003cdb4   0x00000008   Data   RO         8107    sdh_soc_observers0  nrf_fstorage_sd.o
    0x0003cdbc   0x0003cdbc   0x00000008   Data   RO         9205    sdh_stack_observers0  nrf_sdh_ble.o
    0x0003cdc4   0x0003cdc4   0x00000008   Data   RO         9258    sdh_stack_observers0  nrf_sdh_soc.o
    0x0003cdcc   0x0003cdcc   0x00000008   Data   RO         4545    sdh_state_observers0  nrf_drv_clock.o
    0x0003cdd4   0x0003cdd4   0x00000008   Data   RO         8108    sdh_state_observers0  nrf_fstorage_sd.o


    Execution Region RW_IRAM1 (Exec base: 0x20003a80, Load base: 0x0003cddc, Size: 0x00003d58, Max: 0x0001c580, ABSOLUTE, COMPRESSED[0x00000458])

    Exec Addr    Load Addr    Size         Type   Attr      Idx    E Section Name        Object

    0x20003a80   COMPRESSED   0x00000014   Data   RW            7    .data               main.o
    0x20003a94   COMPRESSED   0x000003e4   Data   RW          352    .data               event_id.o
    0x20003e78   COMPRESSED   0x00000072   Data   RW          395    .data               model_ble.o
    0x20003eea   COMPRESSED   0x00000006   PAD
    0x20003ef0   COMPRESSED   0x0000002e   Data   RW          703    .data               user_hardware.o
    0x20003f1e   COMPRESSED   0x00000002   PAD
    0x20003f20   COMPRESSED   0x00000028   Data   RW          880    .data               model_calendar.o
    0x20003f48   COMPRESSED   0x00000028   Data   RW          987    .data               model_data_trs.o
    0x20003f70   COMPRESSED   0x00000080   Data   RW         1277    .data               model_cmd_act.o
    0x20003ff0   COMPRESSED   0x00000001   Data   RW         1527    .data               model_bond.o
    0x20003ff1   COMPRESSED   0x00000003   PAD
    0x20003ff4   COMPRESSED   0x00000055   Data   RW         1827    .data               hal_flash.o
    0x20004049   COMPRESSED   0x00000001   PAD
    0x2000404a   COMPRESSED   0x00000008   Data   RW         2207    .data               ble_conn_params.o
    0x20004052   COMPRESSED   0x00000002   PAD
    0x20004054   COMPRESSED   0x00000013   Data   RW         2579    .data               gatt_cache_manager.o
    0x20004067   COMPRESSED   0x00000001   PAD
    0x20004068   COMPRESSED   0x0000000a   Data   RW         2756    .data               gatts_cache_manager.o
    0x20004072   COMPRESSED   0x00000002   PAD
    0x20004074   COMPRESSED   0x0000000c   Data   RW         3222    .data               peer_data_storage.o
    0x20004080   COMPRESSED   0x00000008   Data   RW         3397    .data               peer_database.o
    0x20004088   COMPRESSED   0x00000010   Data   RW         3674    .data               peer_manager.o
    0x20004098   COMPRESSED   0x000000d8   Data   RW         3970    .data               peer_manager_handler.o
    0x20004170   COMPRESSED   0x00000005   Data   RW         4147    .data               security_dispatcher.o
    0x20004175   COMPRESSED   0x00000003   PAD
    0x20004178   COMPRESSED   0x00000018   Data   RW         4334    .data               security_manager.o
    0x20004190   COMPRESSED   0x00000012   Data   RW         4695    .data               nrf_drv_uart.o
    0x200041a2   COMPRESSED   0x00000002   PAD
    0x200041a4   COMPRESSED   0x00000008   Data   RW         4908    .data               nrfx_clock.o
    0x200041ac   COMPRESSED   0x00000008   Data   RW         5430    .data               nrfx_prs.o
    0x200041b4   COMPRESSED   0x00000008   Data   RW         6299    .data               nrfx_wdt.o
    0x200041bc   COMPRESSED   0x00000004   PAD
    0x200041c0   COMPRESSED   0x00000024   Data   RW         6638    .data               app_timer2.o
    0x200041e4   COMPRESSED   0x0000000c   Data   RW         6909    .data               drv_rtc.o
    0x200041f0   COMPRESSED   0x00000030   Data   RW         7171    .data               fds.o
    0x20004220   COMPRESSED   0x00000008   Data   RW         8105    .data               nrf_fstorage_sd.o
    0x20004228   COMPRESSED   0x00000009   Data   RW         8305    .data               nrf_pwr_mgmt.o
    0x20004231   COMPRESSED   0x00000003   Data   RW         9083    .data               nrf_sdh.o
    0x20004234   COMPRESSED   0x00000001   Data   RW         9203    .data               nrf_sdh_ble.o
    0x20004235   COMPRESSED   0x00000001   Data   RW         9373    .data               nrf_log_backend_rtt.o
    0x20004236   COMPRESSED   0x00000002   PAD
    0x20004238   COMPRESSED   0x00000016   Data   RW         9478    .data               nrf_log_backend_uart.o
    0x2000424e   COMPRESSED   0x00000002   PAD
    0x20004250   COMPRESSED   0x00000010   Data   RW         9544    .data               nrf_log_default_backends.o
    0x20004260   COMPRESSED   0x00000014   Data   RW         9619    .data               nrf_log_frontend.o
    0x20004274   COMPRESSED   0x00000040   Data   RW         9797    .data               nrf_log_str_formatter.o
    0x200042b4   COMPRESSED   0x00000008   Data   RW        10343    .data               bsp_btn_ble.o
    0x200042bc   COMPRESSED   0x00000004   Data   RW        10839    .data               system_nrf52.o
    0x200042c0   COMPRESSED   0x00000014   Data   RW         7172    fs_data             fds.o
    0x200042d4        -       0x000000a0   Zero   RW          393    .bss                model_ble.o
    0x20004374        -       0x00000228   Zero   RW          984    .bss                model_data_trs.o
    0x2000459c        -       0x000001e0   Zero   RW         1274    .bss                model_cmd_act.o
    0x2000477c   COMPRESSED   0x00000004   PAD
    0x20004780        -       0x00000084   Zero   RW         2206    .bss                ble_conn_params.o
    0x20004804        -       0x0000007c   Zero   RW         2317    .bss                ble_conn_state.o
    0x20004880        -       0x000000d8   Zero   RW         2864    .bss                id_manager.o
    0x20004958        -       0x00000180   Zero   RW         3393    .bss                peer_database.o
    0x20004ad8        -       0x00000040   Zero   RW         3538    .bss                peer_id.o
    0x20004b18        -       0x0000000c   Zero   RW         3670    .bss                peer_manager.o
    0x20004b24        -       0x00000040   Zero   RW         4143    .bss                security_dispatcher.o
    0x20004b64        -       0x00000014   Zero   RW         4540    .bss                nrf_drv_clock.o
    0x20004b78        -       0x00000068   Zero   RW         5109    .bss                nrfx_gpiote.o
    0x20004be0        -       0x0000002c   Zero   RW         5517    .bss                nrfx_uart.o
    0x20004c0c        -       0x00000048   Zero   RW         5765    .bss                nrfx_uarte.o
    0x20004c54        -       0x00000030   Zero   RW         5983    .bss                nrfx_saadc.o
    0x20004c84        -       0x0000000c   Zero   RW         6145    .bss                nrfx_timer.o
    0x20004c90        -       0x00000020   Zero   RW         6473    .bss                app_error.o
    0x20004cb0        -       0x00000068   Zero   RW         6635    .bss                app_timer2.o
    0x20004d18        -       0x0000000c   Zero   RW         6778    .bss                app_util_platform.o
    0x20004d24        -       0x00000128   Zero   RW         7169    .bss                fds.o
    0x20004e4c        -       0x000000b0   Zero   RW         8103    .bss                nrf_fstorage_sd.o
    0x20004efc        -       0x0000000c   Zero   RW         8302    .bss                nrf_pwr_mgmt.o
    0x20004f08        -       0x00000040   Zero   RW         9371    .bss                nrf_log_backend_rtt.o
    0x20004f48        -       0x00000080   Zero   RW         9475    .bss                nrf_log_backend_uart.o
    0x20004fc8        -       0x00000578   Zero   RW         9616    .bss                nrf_log_frontend.o
    0x20005540        -       0x00000288   Zero   RW         9874    .bss                segger_rtt.o
    0x200057c8        -       0x0000000c   Zero   RW        10238    .bss                bsp.o
    0x200057d4   COMPRESSED   0x00000004   PAD
    0x200057d8        -       0x00002000   Zero   RW        10444    STACK               arm_startup_nrf52833.o


==============================================================================

Image component sizes


      Code (inc. data)   RO Data    RW Data    ZI Data      Debug   Object Name

         0          0         19          0          0       6371   app_button.o
       136          4          0          0         32       3518   app_error.o
        26          0          0          0          0        576   app_error_handler_keil.o
       456        194          0          0          0       4902   app_error_weak.o
         0          0          0          0          0      37166   app_scheduler.o
      1336        120         38         36        104      19633   app_timer2.o
       200         24          0          0         12      11534   app_util_platform.o
        36          8        512          0       8192        940   arm_startup_nrf52833.o
      1638          0          0          0          0      54103   ble_advdata.o
       936         56          8          8        132      12119   ble_conn_params.o
      1022        146          8          0        124      19811   ble_conn_state.o
       108          0          0          0          0       1616   ble_link_ctx_manager.o
      1078        222         32          0          0       7528   ble_nus.o
       676          6          0          0          0      41313   ble_srv_common.o
        92          6          0          0         12       7308   bsp.o
       288          8          8          8          0       3860   bsp_btn_ble.o
       104          0          0          0          0       3976   data_transfer.o
      1010         98          6         12          0      53525   drv_rtc.o
         0          0       6415        996          0       1329   event_id.o
      5312        488         24         68        296      64038   fds.o
      2614        620        553         19          0      36711   gatt_cache_manager.o
      1048        146        462         10          0      17391   gatts_cache_manager.o
      2206        570          0         85          0       7611   hal_flash.o
       344         42         11          0          0      12930   hal_gpio.o
       260         76         13          0          0      13195   hal_saadc.o
       286         64          0          0          0       6079   hal_timer.o
       160         46         24          0          0       3256   hal_watchdog.o
      1090         34         32          0        216      18239   id_manager.o
      1236        444         38         20          0     189696   main.o
      4308       1594         44        114        160      52535   model_ble.o
      1012        324          0          1          0      12174   model_bond.o
       468         50          4         40          0       7943   model_calendar.o
      2450        540        303        128        480      20344   model_cmd_act.o
       980        300         44         40        552      11052   model_data_trs.o
        76         34          0          0          0       1007   model_log.o
       136          0          0          0          0       2256   model_user_protocol.o
       374          0          0          0          0       6848   nrf_atfifo.o
       232          0          0          0          0       5052   nrf_atflags.o
       444          0          0          0          0      10472   nrf_atomic.o
       218          0          0          0          0       3871   nrf_balloc.o
      2098        788        361          0          0      40305   nrf_ble_gatt.o
       390          0          0          0          0       6313   nrf_ble_qwr.o
       440         52         30          0         20      44936   nrf_drv_clock.o
       252         42          0         18          0      17900   nrf_drv_uart.o
        70          0          0          0          0       3637   nrf_fprintf.o
      1030          6         16          0          0       7258   nrf_fprintf_format.o
      1216        430        194          0          0       8280   nrf_fstorage.o
      1118        118         72          8        176      19439   nrf_fstorage_sd.o
       176         16         22          1         64       6633   nrf_log_backend_rtt.o
       242          0          0          0          0      11033   nrf_log_backend_serial.o
       358         62        114         22        128      16250   nrf_log_backend_uart.o
        64          8         65         16          0       3949   nrf_log_default_backends.o
      2506        158         44         20       1400      36833   nrf_log_frontend.o
       626        112        102         64          0       6096   nrf_log_str_formatter.o
       514          0          0          0          0       9803   nrf_memobj.o
       498         54         53          9         12      51762   nrf_pwr_mgmt.o
       460          0          0          0          0       6133   nrf_queue.o
        28          0          0          0          0       2383   nrf_ringbuf.o
       994        210        104          3          0      45466   nrf_sdh.o
       972        304        539          1          0       6607   nrf_sdh_ble.o
       152         68         56          0          0       2728   nrf_sdh_soc.o
       112          0          0          0          0       2864   nrf_section_iter.o
       110          0         17          0          0       4097   nrf_sortlist.o
        92         10        870          0          0       2795   nrf_strerror.o
       408         32         14          8          0      49260   nrfx_clock.o
      2066        156         81          0        104      75925   nrfx_gpiote.o
       140         14         12          8          0       4616   nrfx_prs.o
      1276         78        184          0         48      23723   nrfx_saadc.o
       686         40         14          0         12      20600   nrfx_timer.o
      1728         60         59          0         44      39080   nrfx_uart.o
      1754         68         66          0         72      35983   nrfx_uarte.o
       416         62         12          8          0       9080   nrfx_wdt.o
      1496        150        281         12          0      23087   peer_data_storage.o
      1838        276        425          8        384      23194   peer_database.o
       438         52          0          0         64      10655   peer_id.o
      2518        546        217         16         12      25789   peer_manager.o
      2676        940       1076        216          0      10727   peer_manager_handler.o
       330          0          0          0          0       6599   pm_buffer.o
       172         58          0          0          0       2980   power.o
      2368        290        835          5         64      32527   security_dispatcher.o
      1778        164        408         24          0      56590   security_manager.o
       470         44          0          0        648       8581   segger_rtt.o
       720         66          0          4          0      36676   system_nrf52.o
      1350        404        121         46          0      41788   user_hardware.o

    ----------------------------------------------------------------------
     73654      12202      15224       2132      13572    1694788   Object Totals
         0          0         32          0          0          0   (incl. Generated)
       112          0        130         30          8          0   (incl. Padding)

    ----------------------------------------------------------------------

      Code (inc. data)   RO Data    RW Data    ZI Data      Debug   Library Member Name

        94          0          0          0          0          0   __dclz77c.o
         8          4        133          0          0         68   ctype_o.o
         0          0          0          0          0          0   entry.o
         0          0          0          0          0          0   entry10a.o
         0          0          0          0          0          0   entry11a.o
         4          0          0          0          0          0   entry12b.o
         8          4          0          0          0          0   entry2.o
         4          0          0          0          0          0   entry5.o
         0          0          0          0          0          0   entry7b.o
         0          0          0          0          0          0   entry8b.o
         8          4          0          0          0          0   entry9a.o
        30          0          0          0          0          0   handlers.o
        36          8          0          0          0         68   init.o
        30          0          0          0          0         68   llshl.o
        32          0          0          0          0         68   llushr.o
        26          0          0          0          0         80   memcmp.o
        36          0          0          0          0         68   memcpya.o
        36          0          0          0          0        108   memseta.o
        18          0          0          0          0         68   strcpy.o
        14          0          0          0          0         68   strlen.o
        30          0          0          0          0         80   strncmp.o
        24          0          0          0          0         76   strncpy.o
        12          0          0          0          0         68   tolower.o
        98          0          0          0          0         92   uldiv.o

    ----------------------------------------------------------------------
       550         20        136          0          0        980   Library Totals
         2          0          3          0          0          0   (incl. Padding)

    ----------------------------------------------------------------------

      Code (inc. data)   RO Data    RW Data    ZI Data      Debug   Library Name

       548         20        133          0          0        980   mc_w.l

    ----------------------------------------------------------------------
       550         20        136          0          0        980   Library Totals

    ----------------------------------------------------------------------

==============================================================================


      Code (inc. data)   RO Data    RW Data    ZI Data      Debug   

     74204      12222      15360       2132      13572    1610288   Grand Totals
     74204      12222      15360       1112      13572    1610288   ELF Image Totals (compressed)
     74204      12222      15360       1112          0          0   ROM Totals

==============================================================================

    Total RO  Size (Code + RO Data)                89564 (  87.46kB)
    Total RW  Size (RW Data + ZI Data)             15704 (  15.34kB)
    Total ROM Size (Code + RO Data + RW Data)      90676 (  88.55kB)

==============================================================================

