Component: ARM Compiler 5.06 update 7 (build 960) Tool: armlink [4d3601]

==============================================================================

Section Cross References

    main.o(i.main) refers to model_log.o(i.log_init) for log_init
    main.o(i.main) refers to nrf_log_frontend.o(i.nrf_log_frontend_std_0) for nrf_log_frontend_std_0
    main.o(i.main) refers to hal_timer.o(i.apptimer_init) for apptimer_init
    main.o(i.main) refers to model_calendar.o(i.app_timer_init_calendar) for app_timer_init_calendar
    main.o(i.main) refers to model_data_trs.o(i.app_timer_init_data_trs) for app_timer_init_data_trs
    main.o(i.main) refers to power.o(i.power_management_init) for power_management_init
    main.o(i.main) refers to user_hardware.o(i.watchdog_module_init) for watchdog_module_init
    main.o(i.main) refers to model_ble.o(i.ble_init) for ble_init
    main.o(i.main) refers to power.o(i.power_reset_reason_get) for power_reset_reason_get
    main.o(i.main) refers to nrf_log_frontend.o(i.nrf_log_frontend_std_1) for nrf_log_frontend_std_1
    main.o(i.main) refers to memseta.o(.text) for __aeabi_memset
    main.o(i.main) refers to model_bond.o(i.local_addr_get) for local_addr_get
    main.o(i.main) refers to nrf_log_frontend.o(i.nrf_log_frontend_std_6) for nrf_log_frontend_std_6
    main.o(i.main) refers to model_bond.o(i.is_bonded) for is_bonded
    main.o(i.main) refers to model_calendar.o(i.app_timer_start_calendar) for app_timer_start_calendar
    main.o(i.main) refers to user_hardware.o(i.peri_on_board_init) for peri_on_board_init
    main.o(i.main) refers to model_ble.o(i.advertising_start) for advertising_start
    main.o(i.main) refers to power.o(i.IDLE_ENTER) for IDLE_ENTER
    main.o(i.main) refers to model_cmd_act.o(i.cmd_queue_pop) for cmd_queue_pop
    main.o(i.main) refers to nrf_log_frontend.o(i.nrf_log_frontend_hexdump) for nrf_log_frontend_hexdump
    main.o(i.main) refers to model_cmd_act.o(i.cmd_jump) for cmd_jump
    main.o(i.main) refers to model_cmd_act.o(i.rsp_queue_pop) for rsp_queue_pop
    main.o(i.main) refers to model_cmd_act.o(i.rsp_jump) for rsp_jump
    main.o(i.main) refers to model_data_trs.o(i.data_sending_procedure) for data_sending_procedure
    main.o(i.main) refers to power.o(i.SHUTDOWN_TO) for SHUTDOWN_TO
    main.o(i.main) refers to nrf_log_frontend.o(log_const_data) for m_nrf_log_app_logs_data_const
    main.o(i.main) refers to user_hardware.o(.data) for g_door_event_number
    main.o(i.main) refers to main.o(.data) for g_sm
    main.o(i.main) refers to main.o(.constdata) for .constdata
    main.o(.data) refers to main.o(.conststring) for .conststring
    event_id.o(.data) refers to event_id.o(.conststring) for .conststring
    model_ble.o(i.advertising_init) refers to memseta.o(.text) for __aeabi_memclr4
    model_ble.o(i.advertising_init) refers to ble_advdata.o(i.ble_advdata_encode) for ble_advdata_encode
    model_ble.o(i.advertising_init) refers to app_error_handler_keil.o(.emb_text) for app_error_handler
    model_ble.o(i.advertising_init) refers to model_ble.o(.data) for m_adv_uuids
    model_ble.o(i.advertising_start) refers to app_error_handler_keil.o(.emb_text) for app_error_handler
    model_ble.o(i.advertising_start) refers to nrf_log_frontend.o(i.nrf_log_frontend_std_0) for nrf_log_frontend_std_0
    model_ble.o(i.advertising_start) refers to model_ble.o(.data) for m_adv_handle
    model_ble.o(i.advertising_start) refers to nrf_log_frontend.o(log_const_data) for m_nrf_log_app_logs_data_const
    model_ble.o(i.app_timer_handler_auth_timeout) refers to nrf_log_frontend.o(i.nrf_log_frontend_std_0) for nrf_log_frontend_std_0
    model_ble.o(i.app_timer_handler_auth_timeout) refers to app_error_handler_keil.o(.emb_text) for app_error_handler
    model_ble.o(i.app_timer_handler_auth_timeout) refers to nrf_log_frontend.o(log_const_data) for m_nrf_log_app_logs_data_const
    model_ble.o(i.app_timer_handler_auth_timeout) refers to main.o(.data) for g_sm
    model_ble.o(i.assert_nrf_callback) refers to app_error_handler_keil.o(.emb_text) for app_error_handler
    model_ble.o(i.auth_request) refers to memcpya.o(.text) for __aeabi_memcpy4
    model_ble.o(i.auth_request) refers to model_ble.o(i.ble_data_send) for ble_data_send
    model_ble.o(i.auth_request) refers to nrf_log_frontend.o(i.nrf_log_frontend_hexdump) for nrf_log_frontend_hexdump
    model_ble.o(i.auth_request) refers to nrf_log_frontend.o(log_const_data) for m_nrf_log_app_logs_data_const
    model_ble.o(i.ble_data_send) refers to ble_nus.o(i.ble_nus_data_send) for ble_nus_data_send
    model_ble.o(i.ble_data_send) refers to model_ble.o(.data) for m_nus
    model_ble.o(i.ble_evt_handler) refers to ble_conn_state.o(i.ble_conn_state_role) for ble_conn_state_role
    model_ble.o(i.ble_evt_handler) refers to ble_conn_state.o(i.ble_conn_state_peripheral_conn_count) for ble_conn_state_peripheral_conn_count
[...]
    0x0002ef3a   0x0002ef3a   0x00000020   Code   RO         4087    i.mutex_unlock      pm_buffer.o
    0x0002ef5a   0x0002ef5a   0x000000c8   Code   RO         1955    i.name_encode       ble_advdata.o
    0x0002f022   0x0002f022   0x00000002   PAD
    0x0002f024   0x0002f024   0x00000020   Code   RO         4341    i.new_context_get   security_manager.o
    0x0002f044   0x0002f044   0x00000032   Code   RO         4342    i.new_evt           security_manager.o
    0x0002f076   0x0002f076   0x00000034   Code   RO         3556    i.next_id_get       peer_id.o
    0x0002f0aa   0x0002f0aa   0x00000002   PAD
    0x0002f0ac   0x0002f0ac   0x00000034   Code   RO        10594    i.nrf52_errata_136  system_nrf52.o
    0x0002f0e0   0x0002f0e0   0x00000034   Code   RO        10682    i.nrf52_errata_249  system_nrf52.o
    0x0002f114   0x0002f114   0x00000034   Code   RO        10697    i.nrf52_errata_36   system_nrf52.o
    0x0002f148   0x0002f148   0x00000034   Code   RO        10720    i.nrf52_errata_66   system_nrf52.o
    0x0002f17c   0x0002f17c   0x00000016   Code   RO         7613    i.nrf_atfifo_clear  nrf_atfifo.o
    0x0002f192   0x0002f192   0x00000028   Code   RO         7615    i.nrf_atfifo_init   nrf_atfifo.o
    0x0002f1ba   0x0002f1ba   0x0000001c   Code   RO         7616    i.nrf_atfifo_item_alloc  nrf_atfifo.o
    0x0002f1d6   0x0002f1d6   0x0000001c   Code   RO         7617    i.nrf_atfifo_item_free  nrf_atfifo.o
    0x0002f1f2   0x0002f1f2   0x0000001c   Code   RO         7618    i.nrf_atfifo_item_get  nrf_atfifo.o
    0x0002f20e   0x0002f20e   0x0000001c   Code   RO         7619    i.nrf_atfifo_item_put  nrf_atfifo.o
    0x0002f22a   0x0002f22a   0x0000001e   Code   RO         7684    i.nrf_atflags_clear  nrf_atflags.o
    0x0002f248   0x0002f248   0x0000002e   Code   RO         7686    i.nrf_atflags_fetch_set  nrf_atflags.o
    0x0002f276   0x0002f276   0x00000060   Code   RO         7688    i.nrf_atflags_find_and_set_flag  nrf_atflags.o
    0x0002f2d6   0x0002f2d6   0x0000001e   Code   RO         7689    i.nrf_atflags_get   nrf_atflags.o
    0x0002f2f4   0x0002f2f4   0x0000001e   Code   RO         7691    i.nrf_atflags_set   nrf_atflags.o
    0x0002f312   0x0002f312   0x0000000e   Code   RO         7752    i.nrf_atomic_flag_clear_fetch  nrf_atomic.o
    0x0002f320   0x0002f320   0x0000000e   Code   RO         7753    i.nrf_atomic_flag_set  nrf_atomic.o
    0x0002f32e   0x0002f32e   0x0000000e   Code   RO         7754    i.nrf_atomic_flag_set_fetch  nrf_atomic.o
    0x0002f33c   0x0002f33c   0x00000016   Code   RO         7755    i.nrf_atomic_u32_add  nrf_atomic.o
    0x0002f352   0x0002f352   0x00000016   Code   RO         7756    i.nrf_atomic_u32_and  nrf_atomic.o
    0x0002f368   0x0002f368   0x00000016   Code   RO         7758    i.nrf_atomic_u32_fetch_add  nrf_atomic.o
    0x0002f37e   0x0002f37e   0x00000016   Code   RO         7759    i.nrf_atomic_u32_fetch_and  nrf_atomic.o
    0x0002f394   0x0002f394   0x00000016   Code   RO         7760    i.nrf_atomic_u32_fetch_or  nrf_atomic.o
    0x0002f3aa   0x0002f3aa   0x00000016   Code   RO         7761    i.nrf_atomic_u32_fetch_store  nrf_atomic.o
    0x0002f3c0   0x0002f3c0   0x00000016   Code   RO         7765    i.nrf_atomic_u32_or  nrf_atomic.o
    0x0002f3d6   0x0002f3d6   0x00000016   Code   RO         7767    i.nrf_atomic_u32_sub  nrf_atomic.o
    0x0002f3ec   0x0002f3ec   0x00000052   Code   RO         7889    i.nrf_balloc_alloc  nrf_balloc.o
    0x0002f43e   0x0002f43e   0x00000010   Code   RO         7890    i.nrf_balloc_block2idx  nrf_balloc.o
    0x0002f44e   0x0002f44e   0x00000030   Code   RO         7891    i.nrf_balloc_free   nrf_balloc.o
    0x0002f47e   0x0002f47e   0x0000000c   Code   RO         7892    i.nrf_balloc_idx2block  nrf_balloc.o
    0x0002f48a   0x0002f48a   0x0000003c   Code   RO         7893    i.nrf_balloc_init   nrf_balloc.o
    0x0002f4c6   0x0002f4c6   0x00000016   Code   RO         5084    i.nrf_bitmask_bit_is_set  nrfx_gpiote.o
    0x0002f4dc   0x0002f4dc   0x0000001e   Code   RO         3047    i.nrf_ble_gatt_att_mtu_periph_set  nrf_ble_gatt.o
    0x0002f4fa   0x0002f4fa   0x00000034   Code   RO         3051    i.nrf_ble_gatt_init  nrf_ble_gatt.o
    0x0002f52e   0x0002f52e   0x00000002   PAD
    0x0002f530   0x0002f530   0x0000012c   Code   RO         3052    i.nrf_ble_gatt_on_ble_evt  nrf_ble_gatt.o
    0x0002f65c   0x0002f65c   0x00000020   Code   RO         3166    i.nrf_ble_qwr_conn_handle_assign  nrf_ble_qwr.o
    0x0002f67c   0x0002f67c   0x00000032   Code   RO         3167    i.nrf_ble_qwr_init  nrf_ble_qwr.o
    0x0002f6ae   0x0002f6ae   0x0000007c   Code   RO         3168    i.nrf_ble_qwr_on_ble_evt  nrf_ble_qwr.o
    0x0002f72a   0x0002f72a   0x00000012   Code   RO         4916    i.nrf_clock_event_check  nrfx_clock.o
    0x0002f73c   0x0002f73c   0x00000012   Code   RO         4917    i.nrf_clock_event_clear  nrfx_clock.o
    0x0002f74e   0x0002f74e   0x00000002   PAD
    0x0002f750   0x0002f750   0x0000000c   Code   RO         4918    i.nrf_clock_int_disable  nrfx_clock.o
    0x0002f75c   0x0002f75c   0x00000008   Code   RO         4920    i.nrf_clock_task_trigger  nrfx_clock.o
    0x0002f764   0x0002f764   0x0000004c   Code   RO         4559    i.nrf_drv_clock_init  nrf_drv_clock.o
    0x0002f7b0   0x0002f7b0   0x00000030   Code   RO         4563    i.nrf_drv_clock_lfclk_release  nrf_drv_clock.o
    0x0002f7e0   0x0002f7e0   0x0000008c   Code   RO         4721    i.nrf_drv_uart_init  nrf_drv_uart.o
    0x0002f86c   0x0002f86c   0x0000002a   Code   RO         7936    i.nrf_fprintf       nrf_fprintf.o
    0x0002f896   0x0002f896   0x0000001c   Code   RO         7937    i.nrf_fprintf_buffer_flush  nrf_fprintf.o
    0x0002f8b2   0x0002f8b2   0x000001f0   Code   RO         7977    i.nrf_fprintf_fmt   nrf_fprintf_format.o
    0x0002faa2   0x0002faa2   0x00000002   PAD
    0x0002faa4   0x0002faa4   0x00000170   Code   RO         8023    i.nrf_fstorage_erase  nrf_fstorage.o
    0x0002fc14   0x0002fc14   0x000000ac   Code   RO         8024    i.nrf_fstorage_init  nrf_fstorage.o
    0x0002fcc0   0x0002fcc0   0x0000001c   Code   RO         8117    i.nrf_fstorage_sdh_req_handler  nrf_fstorage_sd.o
    0x0002fcdc   0x0002fcdc   0x0000002c   Code   RO         8118    i.nrf_fstorage_sdh_state_handler  nrf_fstorage_sd.o
    0x0002fd08   0x0002fd08   0x0000008c   Code   RO         8119    i.nrf_fstorage_sys_evt_handler  nrf_fstorage_sd.o
    0x0002fd94   0x0002fd94   0x00000264   Code   RO         8030    i.nrf_fstorage_write  nrf_fstorage.o
    0x0002fff8   0x0002fff8   0x00000034   Code   RO         5085    i.nrf_gpio_cfg      nrfx_gpiote.o
    0x0003002c   0x0003002c   0x00000034   Code   RO         5510    i.nrf_gpio_cfg      nrfx_uart.o
    0x00030060   0x00030060   0x00000034   Code   RO         5761    i.nrf_gpio_cfg      nrfx_uarte.o
    0x00030094   0x00030094   0x00000018   Code   RO         5086    i.nrf_gpio_cfg_default  nrfx_gpiote.o
    0x000300ac   0x000300ac   0x00000018   Code   RO         5511    i.nrf_gpio_cfg_default  nrfx_uart.o
    0x000300c4   0x000300c4   0x00000018   Code   RO         5762    i.nrf_gpio_cfg_default  nrfx_uarte.o
    0x000300dc   0x000300dc   0x0000001a   Code   RO         5512    i.nrf_gpio_cfg_input  nrfx_uart.o
    0x000300f6   0x000300f6   0x0000001a   Code   RO         5763    i.nrf_gpio_cfg_input  nrfx_uarte.o
    0x00030110   0x00030110   0x00000018   Code   RO         5513    i.nrf_gpio_cfg_output  nrfx_uart.o
    0x00030128   0x00030128   0x00000018   Code   RO         5764    i.nrf_gpio_cfg_output  nrfx_uarte.o
    0x00030140   0x00030140   0x0000003a   Code   RO         5087    i.nrf_gpio_cfg_sense_set  nrfx_gpiote.o
    0x0003017a   0x0003017a   0x00000002   PAD
    0x0003017c   0x0003017c   0x00000034   Code   RO         5088    i.nrf_gpio_latches_read_and_clear  nrfx_gpiote.o
    0x000301b0   0x000301b0   0x0000001a   Code   RO          384    i.nrf_gpio_pin_clear  model_ble.o
    0x000301ca   0x000301ca   0x0000001a   Code   RO          692    i.nrf_gpio_pin_clear  user_hardware.o
    0x000301e4   0x000301e4   0x00000020   Code   RO          385    i.nrf_gpio_pin_port_decode  model_ble.o
    0x00030204   0x00030204   0x00000020   Code   RO          693    i.nrf_gpio_pin_port_decode  user_hardware.o
    0x00030224   0x00030224   0x00000020   Code   RO         5090    i.nrf_gpio_pin_port_decode  nrfx_gpiote.o
    0x00030244   0x00030244   0x00000020   Code   RO         5514    i.nrf_gpio_pin_port_decode  nrfx_uart.o
    0x00030264   0x00030264   0x00000020   Code   RO         5765    i.nrf_gpio_pin_port_decode  nrfx_uarte.o
    0x00030284   0x00030284   0x00000030   Code   RO         5091    i.nrf_gpio_pin_present_check  nrfx_gpiote.o
    0x000302b4   0x000302b4   0x0000001a   Code   RO          694    i.nrf_gpio_pin_read  user_hardware.o
    0x000302ce   0x000302ce   0x0000001a   Code   RO         5092    i.nrf_gpio_pin_read  nrfx_gpiote.o
    0x000302e8   0x000302e8   0x0000001a   Code   RO          386    i.nrf_gpio_pin_set  model_ble.o
    0x00030302   0x00030302   0x0000001a   Code   RO          695    i.nrf_gpio_pin_set  user_hardware.o
    0x0003031c   0x0003031c   0x0000001a   Code   RO         5515    i.nrf_gpio_pin_set  nrfx_uart.o
    0x00030336   0x00030336   0x0000001a   Code   RO         5766    i.nrf_gpio_pin_set  nrfx_uarte.o
    0x00030350   0x00030350   0x0000000c   Code   RO         5094    i.nrf_gpiote_event_addr_get  nrfx_gpiote.o
    0x0003035c   0x0003035c   0x0000001c   Code   RO         5095    i.nrf_gpiote_event_clear  nrfx_gpiote.o
    0x00030378   0x00030378   0x00000016   Code   RO         5096    i.nrf_gpiote_event_is_set  nrfx_gpiote.o
    0x0003038e   0x0003038e   0x00000002   PAD
    0x00030390   0x00030390   0x0000000c   Code   RO         5097    i.nrf_gpiote_int_enable  nrfx_gpiote.o
    0x0003039c   0x0003039c   0x00000010   Code   RO         5099    i.nrf_gpiote_te_default  nrfx_gpiote.o
    0x000303ac   0x000303ac   0x00000054   Code   RO         9623    i.nrf_log_backend_add  nrf_log_frontend.o
    0x00030400   0x00030400   0x00000008   Code   RO         9570    i.nrf_log_backend_enable  nrf_log_default_backends.o
    0x00030408   0x00030408   0x00000002   Code   RO         9395    i.nrf_log_backend_rtt_flush  nrf_log_backend_rtt.o
    0x0003040a   0x0003040a   0x00000008   Code   RO         9396    i.nrf_log_backend_rtt_init  nrf_log_backend_rtt.o
    0x00030412   0x00030412   0x00000002   Code   RO         9397    i.nrf_log_backend_rtt_panic_set  nrf_log_backend_rtt.o
    0x00030414   0x00030414   0x00000020   Code   RO         9398    i.nrf_log_backend_rtt_put  nrf_log_backend_rtt.o
    0x00030434   0x00030434   0x000000f2   Code   RO         9463    i.nrf_log_backend_serial_put  nrf_log_backend_serial.o
    0x00030526   0x00030526   0x00000002   Code   RO         9497    i.nrf_log_backend_uart_flush  nrf_log_backend_uart.o
    0x00030528   0x00030528   0x0000000c   Code   RO         9498    i.nrf_log_backend_uart_init  nrf_log_backend_uart.o
    0x00030534   0x00030534   0x00000038   Code   RO         9499    i.nrf_log_backend_uart_panic_set  nrf_log_backend_uart.o
    0x0003056c   0x0003056c   0x00000020   Code   RO         9500    i.nrf_log_backend_uart_put  nrf_log_backend_uart.o
    0x0003058c   0x0003058c   0x00000038   Code   RO         9625    i.nrf_log_color_id_get  nrf_log_frontend.o
    0x000305c4   0x000305c4   0x00000038   Code   RO         9571    i.nrf_log_default_backends_init  nrf_log_default_backends.o
    0x000305fc   0x000305fc   0x0000031c   Code   RO         9626    i.nrf_log_frontend_dequeue  nrf_log_frontend.o
    0x00030918   0x00030918   0x000000e8   Code   RO         9627    i.nrf_log_frontend_hexdump  nrf_log_frontend.o
    0x00030a00   0x00030a00   0x00000014   Code   RO         9628    i.nrf_log_frontend_std_0  nrf_log_frontend.o
    0x00030a14   0x00030a14   0x00000018   Code   RO         9629    i.nrf_log_frontend_std_1  nrf_log_frontend.o
    0x00030a2c   0x00030a2c   0x00000020   Code   RO         9630    i.nrf_log_frontend_std_2  nrf_log_frontend.o
    0x00030a4c   0x00030a4c   0x00000028   Code   RO         9631    i.nrf_log_frontend_std_3  nrf_log_frontend.o
    0x00030a74   0x00030a74   0x0000002c   Code   RO         9632    i.nrf_log_frontend_std_4  nrf_log_frontend.o
    0x00030aa0   0x00030aa0   0x00000038   Code   RO         9633    i.nrf_log_frontend_std_5  nrf_log_frontend.o
    0x00030ad8   0x00030ad8   0x0000003c   Code   RO         9634    i.nrf_log_frontend_std_6  nrf_log_frontend.o
    0x00030b14   0x00030b14   0x000000bc   Code   RO         9819    i.nrf_log_hexdump_entry_process  nrf_log_str_formatter.o
    0x00030bd0   0x00030bd0   0x00000048   Code   RO         9635    i.nrf_log_init      nrf_log_frontend.o
    0x00030c18   0x00030c18   0x00000014   Code   RO         9636    i.nrf_log_module_cnt_get  nrf_log_frontend.o
    0x00030c2c   0x00030c2c   0x00000024   Code   RO         9640    i.nrf_log_module_name_get  nrf_log_frontend.o
    0x00030c50   0x00030c50   0x00000034   Code   RO         9641    i.nrf_log_panic     nrf_log_frontend.o
    0x00030c84   0x00030c84   0x000000c8   Code   RO         9820    i.nrf_log_std_entry_process  nrf_log_str_formatter.o
    0x00030d4c   0x00030d4c   0x0000007a   Code   RO         8248    i.nrf_memobj_alloc  nrf_memobj.o
    0x00030dc6   0x00030dc6   0x00000040   Code   RO         8249    i.nrf_memobj_free   nrf_memobj.o
    0x00030e06   0x00030e06   0x00000010   Code   RO         8250    i.nrf_memobj_get    nrf_memobj.o
    0x00030e16   0x00030e16   0x0000000c   Code   RO         8251    i.nrf_memobj_pool_init  nrf_memobj.o
    0x00030e22   0x00030e22   0x0000001e   Code   RO         8252    i.nrf_memobj_put    nrf_memobj.o
    0x00030e40   0x00030e40   0x00000022   Code   RO         8253    i.nrf_memobj_read   nrf_memobj.o
    0x00030e62   0x00030e62   0x00000022   Code   RO         8254    i.nrf_memobj_write  nrf_memobj.o
    0x00030e84   0x00030e84   0x00000016   Code   RO         2596    i.nrf_mtx_unlock    gatt_cache_manager.o
    0x00030e9a   0x00030e9a   0x00000016   Code   RO         8325    i.nrf_mtx_unlock    nrf_pwr_mgmt.o
    0x00030eb0   0x00030eb0   0x00000040   Code   RO         8327    i.nrf_pwr_mgmt_init  nrf_pwr_mgmt.o
    0x00030ef0   0x00030ef0   0x0000006c   Code   RO         8328    i.nrf_pwr_mgmt_run  nrf_pwr_mgmt.o
    0x00030f5c   0x00030f5c   0x00000064   Code   RO         8329    i.nrf_pwr_mgmt_shutdown  nrf_pwr_mgmt.o
    0x00030fc0   0x00030fc0   0x0000009c   Code   RO         8973    i.nrf_queue_generic_pop  nrf_queue.o
    0x0003105c   0x0003105c   0x00000016   Code   RO         8975    i.nrf_queue_is_empty  nrf_queue.o
    0x00031072   0x00031072   0x00000020   Code   RO         8976    i.nrf_queue_is_full  nrf_queue.o
    0x00031092   0x00031092   0x00000010   Code   RO         8979    i.nrf_queue_next_idx  nrf_queue.o
    0x000310a2   0x000310a2   0x000000cc   Code   RO         8981    i.nrf_queue_push    nrf_queue.o
    0x0003116e   0x0003116e   0x00000002   PAD
    0x00031170   0x00031170   0x00000038   Code   RO          387    i.nrf_qwr_error_handler  model_ble.o
    0x000311a8   0x000311a8   0x0000001c   Code   RO         8407    i.nrf_ringbuf_init  nrf_ringbuf.o
    0x000311c4   0x000311c4   0x0000000c   Code   RO         6926    i.nrf_rtc_cc_get    drv_rtc.o
    0x000311d0   0x000311d0   0x0000000a   Code   RO         6927    i.nrf_rtc_cc_set    drv_rtc.o
    0x000311da   0x000311da   0x00000008   Code   RO         6928    i.nrf_rtc_counter_get  drv_rtc.o
    0x000311e2   0x000311e2   0x0000000e   Code   RO         6929    i.nrf_rtc_event_clear  drv_rtc.o
    0x000311f0   0x000311f0   0x00000006   Code   RO         6930    i.nrf_rtc_event_disable  drv_rtc.o
    0x000311f6   0x000311f6   0x00000006   Code   RO         6931    i.nrf_rtc_event_enable  drv_rtc.o
    0x000311fc   0x000311fc   0x00000006   Code   RO         6932    i.nrf_rtc_int_disable  drv_rtc.o
    0x00031202   0x00031202   0x00000006   Code   RO         6933    i.nrf_rtc_int_enable  drv_rtc.o
    0x00031208   0x00031208   0x00000006   Code   RO         6934    i.nrf_rtc_task_trigger  drv_rtc.o
    0x0003120e   0x0003120e   0x00000002   PAD
    0x00031210   0x00031210   0x00000010   Code   RO         5991    i.nrf_saadc_buffer_init  nrfx_saadc.o
    0x00031220   0x00031220   0x00000018   Code   RO         5992    i.nrf_saadc_channel_input_set  nrfx_saadc.o
    0x00031238   0x00031238   0x00000014   Code   RO         5993    i.nrf_saadc_event_check  nrfx_saadc.o
    0x0003124c   0x0003124c   0x00000018   Code   RO         5994    i.nrf_saadc_event_clear  nrfx_saadc.o
    0x00031264   0x00031264   0x0000000c   Code   RO         5995    i.nrf_saadc_int_disable  nrfx_saadc.o
    0x00031270   0x00031270   0x0000000c   Code   RO         5996    i.nrf_saadc_int_enable  nrfx_saadc.o
    0x0003127c   0x0003127c   0x0000000c   Code   RO         5998    i.nrf_saadc_task_trigger  nrfx_saadc.o
    0x00031288   0x00031288   0x00000018   Code   RO         9224    i.nrf_sdh_ble_app_ram_start_get  nrf_sdh_ble.o
    0x000312a0   0x000312a0   0x0000019c   Code   RO         9225    i.nrf_sdh_ble_default_cfg_set  nrf_sdh_ble.o
    0x0003143c   0x0003143c   0x0000014c   Code   RO         9226    i.nrf_sdh_ble_enable  nrf_sdh_ble.o
    0x00031588   0x00031588   0x000000bc   Code   RO         9227    i.nrf_sdh_ble_evts_poll  nrf_sdh_ble.o
    0x00031644   0x00031644   0x00000064   Code   RO         9095    i.nrf_sdh_disable_request  nrf_sdh.o
    0x000316a8   0x000316a8   0x00000084   Code   RO         9096    i.nrf_sdh_enable_request  nrf_sdh.o
    0x0003172c   0x0003172c   0x00000030   Code   RO         9097    i.nrf_sdh_evts_poll  nrf_sdh.o
    0x0003175c   0x0003175c   0x0000000c   Code   RO         9098    i.nrf_sdh_is_enabled  nrf_sdh.o
    0x00031768   0x00031768   0x00000028   Code   RO         9100    i.nrf_sdh_request_continue  nrf_sdh.o
    0x00031790   0x00031790   0x00000098   Code   RO         9283    i.nrf_sdh_soc_evts_poll  nrf_sdh_soc.o
    0x00031828   0x00031828   0x00000006   Code   RO         9103    i.nrf_section_iter_get  nrf_sdh.o
    0x0003182e   0x0003182e   0x00000014   Code   RO         8465    i.nrf_section_iter_init  nrf_section_iter.o
    0x00031842   0x00031842   0x0000002e   Code   RO         8466    i.nrf_section_iter_item_set  nrf_section_iter.o
    0x00031870   0x00031870   0x0000002e   Code   RO         8467    i.nrf_section_iter_next  nrf_section_iter.o
    0x0003189e   0x0003189e   0x00000028   Code   RO         8500    i.nrf_sortlist_add  nrf_sortlist.o
    0x000318c6   0x000318c6   0x00000008   Code   RO         8502    i.nrf_sortlist_peek  nrf_sortlist.o
    0x000318ce   0x000318ce   0x00000018   Code   RO         8503    i.nrf_sortlist_pop  nrf_sortlist.o
    0x000318e6   0x000318e6   0x00000026   Code   RO         8504    i.nrf_sortlist_remove  nrf_sortlist.o
    0x0003190c   0x0003190c   0x00000040   Code   RO         8556    i.nrf_strerror_find  nrf_strerror.o
    0x0003194c   0x0003194c   0x0000001c   Code   RO         8557    i.nrf_strerror_get  nrf_strerror.o
    0x00031968   0x00031968   0x0000000e   Code   RO         6152    i.nrf_timer_compare_event_get  nrfx_timer.o
    0x00031976   0x00031976   0x0000000a   Code   RO         6153    i.nrf_timer_compare_int_get  nrfx_timer.o
    0x00031980   0x00031980   0x0000000e   Code   RO         6154    i.nrf_timer_event_clear  nrfx_timer.o
    0x0003198e   0x0003198e   0x00000006   Code   RO         6155    i.nrf_timer_int_disable  nrfx_timer.o
    0x00031994   0x00031994   0x00000006   Code   RO         6156    i.nrf_timer_int_enable  nrfx_timer.o
    0x0003199a   0x0003199a   0x0000000c   Code   RO         6157    i.nrf_timer_shorts_disable  nrfx_timer.o
    0x000319a6   0x000319a6   0x00000006   Code   RO         6158    i.nrf_timer_task_trigger  nrfx_timer.o
    0x000319ac   0x000319ac   0x0000000c   Code   RO         5516    i.nrf_uart_errorsrc_get_and_clear  nrfx_uart.o
    0x000319b8   0x000319b8   0x0000000e   Code   RO         5517    i.nrf_uart_event_check  nrfx_uart.o
    0x000319c6   0x000319c6   0x0000000e   Code   RO         5518    i.nrf_uart_event_clear  nrfx_uart.o
    0x000319d4   0x000319d4   0x0000000c   Code   RO         5519    i.nrf_uart_hwfc_pins_set  nrfx_uart.o
    0x000319e0   0x000319e0   0x00000006   Code   RO         5520    i.nrf_uart_int_disable  nrfx_uart.o
    0x000319e6   0x000319e6   0x00000006   Code   RO         5521    i.nrf_uart_int_enable  nrfx_uart.o
    0x000319ec   0x000319ec   0x00000012   Code   RO         5522    i.nrf_uart_int_enable_check  nrfx_uart.o
    0x000319fe   0x000319fe   0x00000006   Code   RO         5523    i.nrf_uart_task_trigger  nrfx_uart.o
    0x00031a04   0x00031a04   0x0000000e   Code   RO         5524    i.nrf_uart_txrx_pins_set  nrfx_uart.o
    0x00031a12   0x00031a12   0x0000000c   Code   RO         5767    i.nrf_uarte_errorsrc_get_and_clear  nrfx_uarte.o
    0x00031a1e   0x00031a1e   0x0000000e   Code   RO         5768    i.nrf_uarte_event_check  nrfx_uarte.o
    0x00031a2c   0x00031a2c   0x0000000e   Code   RO         5769    i.nrf_uarte_event_clear  nrfx_uarte.o
    0x00031a3a   0x00031a3a   0x0000000c   Code   RO         5770    i.nrf_uarte_hwfc_pins_set  nrfx_uarte.o
    0x00031a46   0x00031a46   0x00000006   Code   RO         5771    i.nrf_uarte_int_disable  nrfx_uarte.o
    0x00031a4c   0x00031a4c   0x00000006   Code   RO         5772    i.nrf_uarte_int_enable  nrfx_uarte.o
    0x00031a52   0x00031a52   0x0000000a   Code   RO         5773    i.nrf_uarte_rx_amount_get  nrfx_uarte.o
    0x00031a5c   0x00031a5c   0x0000000c   Code   RO         5774    i.nrf_uarte_shorts_disable  nrfx_uarte.o
    0x00031a68   0x00031a68   0x00000006   Code   RO         5775    i.nrf_uarte_task_trigger  nrfx_uarte.o
    0x00031a6e   0x00031a6e   0x0000000a   Code   RO         5776    i.nrf_uarte_tx_amount_get  nrfx_uarte.o
    0x00031a78   0x00031a78   0x0000000e   Code   RO         5777    i.nrf_uarte_txrx_pins_set  nrfx_uarte.o
    0x00031a86   0x00031a86   0x00000002   PAD
    0x00031a88   0x00031a88   0x00000014   Code   RO         6320    i.nrf_wdt_reload_request_set  nrfx_wdt.o
    0x00031a9c   0x00031a9c   0x00000014   Code   RO         4566    i.nrf_wdt_started   nrf_drv_clock.o
    0x00031ab0   0x00031ab0   0x00000014   Code   RO         4925    i.nrfx_clock_enable  nrfx_clock.o
    0x00031ac4   0x00031ac4   0x00000020   Code   RO         4928    i.nrfx_clock_init   nrfx_clock.o
    0x00031ae4   0x00031ae4   0x0000002c   Code   RO         4931    i.nrfx_clock_lfclk_stop  nrfx_clock.o
    0x00031b10   0x00031b10   0x00000018   Code   RO         5999    i.nrfx_coredep_delay_us  nrfx_saadc.o
    0x00031b28   0x00031b28   0x00000018   Code   RO         6935    i.nrfx_coredep_delay_us  drv_rtc.o
    0x00031b40   0x00031b40   0x00000008   Code   RO         4933    i.nrfx_get_irq_number  nrfx_clock.o
    0x00031b48   0x00031b48   0x00000008   Code   RO         5100    i.nrfx_get_irq_number  nrfx_gpiote.o
    0x00031b50   0x00031b50   0x00000008   Code   RO         5525    i.nrfx_get_irq_number  nrfx_uart.o
    0x00031b58   0x00031b58   0x00000008   Code   RO         5778    i.nrfx_get_irq_number  nrfx_uarte.o
    0x00031b60   0x00031b60   0x00000008   Code   RO         6159    i.nrfx_get_irq_number  nrfx_timer.o
    0x00031b68   0x00031b68   0x00000054   Code   RO         5105    i.nrfx_gpiote_in_event_disable  nrfx_gpiote.o
    0x00031bbc   0x00031bbc   0x000000ac   Code   RO         5106    i.nrfx_gpiote_in_event_enable  nrfx_gpiote.o
    0x00031c68   0x00031c68   0x000000f8   Code   RO         5108    i.nrfx_gpiote_in_init  nrfx_gpiote.o
    0x00031d60   0x00031d60   0x00000050   Code   RO         5110    i.nrfx_gpiote_in_uninit  nrfx_gpiote.o
    0x00031db0   0x00031db0   0x000000d8   Code   RO         5111    i.nrfx_gpiote_init  nrfx_gpiote.o
    0x00031e88   0x00031e88   0x00000014   Code   RO         5112    i.nrfx_gpiote_is_init  nrfx_gpiote.o
    0x00031e9c   0x00031e9c   0x00000014   Code   RO         5779    i.nrfx_is_in_ram    nrfx_uarte.o
    0x00031eb0   0x00031eb0   0x000000b0   Code   RO         4934    i.nrfx_power_clock_irq_init  nrfx_clock.o
    0x00031f60   0x00031f60   0x0000004e   Code   RO         5454    i.nrfx_prs_acquire  nrfx_prs.o
    0x00031fae   0x00031fae   0x00000016   Code   RO         5455    i.nrfx_prs_release  nrfx_prs.o
    0x00031fc4   0x00031fc4   0x000000ac   Code   RO         6003    i.nrfx_saadc_channel_init  nrfx_saadc.o
    0x00032070   0x00032070   0x000000f8   Code   RO         6005    i.nrfx_saadc_init   nrfx_saadc.o
    0x00032168   0x00032168   0x000000fc   Code   RO         6009    i.nrfx_saadc_sample_convert  nrfx_saadc.o
    0x00032264   0x00032264   0x00000048   Code   RO         6162    i.nrfx_timer_compare  nrfx_timer.o
    0x000322ac   0x000322ac   0x00000024   Code   RO         6165    i.nrfx_timer_disable  nrfx_timer.o
    0x000322d0   0x000322d0   0x00000024   Code   RO         6166    i.nrfx_timer_enable  nrfx_timer.o
    0x000322f4   0x000322f4   0x00000042   Code   RO         6167    i.nrfx_timer_extended_compare  nrfx_timer.o
    0x00032336   0x00032336   0x00000002   PAD
    0x00032338   0x00032338   0x000000fc   Code   RO         6169    i.nrfx_timer_init   nrfx_timer.o
    0x00032434   0x00032434   0x00000020   Code   RO         6170    i.nrfx_timer_is_enabled  nrfx_timer.o
    0x00032454   0x00032454   0x00000014   Code   RO         5526    i.nrfx_uart_0_irq_handler  nrfx_uart.o
    0x00032468   0x00032468   0x00000088   Code   RO         5528    i.nrfx_uart_init    nrfx_uart.o
    0x000324f0   0x000324f0   0x0000008c   Code   RO         5534    i.nrfx_uart_tx      nrfx_uart.o
    0x0003257c   0x0003257c   0x00000024   Code   RO         5536    i.nrfx_uart_tx_in_progress  nrfx_uart.o
    0x000325a0   0x000325a0   0x00000044   Code   RO         5537    i.nrfx_uart_uninit  nrfx_uart.o
    0x000325e4   0x000325e4   0x00000014   Code   RO         5780    i.nrfx_uarte_0_irq_handler  nrfx_uarte.o
    0x000325f8   0x000325f8   0x00000080   Code   RO         5782    i.nrfx_uarte_init   nrfx_uarte.o
    0x00032678   0x00032678   0x000000c0   Code   RO         5786    i.nrfx_uarte_tx     nrfx_uarte.o
    0x00032738   0x00032738   0x00000020   Code   RO         5788    i.nrfx_uarte_tx_in_progress  nrfx_uarte.o
    0x00032758   0x00032758   0x00000094   Code   RO         5789    i.nrfx_uarte_uninit  nrfx_uarte.o
    0x000327ec   0x000327ec   0x00000054   Code   RO         6321    i.nrfx_wdt_channel_alloc  nrfx_wdt.o
    0x00032840   0x00032840   0x0000000c   Code   RO         6322    i.nrfx_wdt_channel_feed  nrfx_wdt.o
    0x0003284c   0x0003284c   0x00000024   Code   RO         6323    i.nrfx_wdt_enable   nrfx_wdt.o
    0x00032870   0x00032870   0x000000c8   Code   RO         6325    i.nrfx_wdt_init     nrfx_wdt.o
    0x00032938   0x00032938   0x0000022c   Code   RO          388    i.nus_data_handler  model_ble.o
    0x00032b64   0x00032b64   0x00000014   Code   RO        10866    i.nvmc_config       system_nrf52.o
    0x00032b78   0x00032b78   0x00000010   Code   RO        10867    i.nvmc_wait         system_nrf52.o
    0x00032b88   0x00032b88   0x00000014   Code   RO         6653    i.on_compare1_evt   app_timer2.o
    0x00032b9c   0x00032b9c   0x00000020   Code   RO         6654    i.on_compare_evt    app_timer2.o
    0x00032bbc   0x00032bbc   0x0000004c   Code   RO          389    i.on_conn_params_evt  model_ble.o
    0x00032c08   0x00032c08   0x00000030   Code   RO         2228    i.on_conn_params_update  ble_conn_params.o
    0x00032c38   0x00032c38   0x00000070   Code   RO         2229    i.on_connect        ble_conn_params.o
    0x00032ca8   0x00032ca8   0x000000d4   Code   RO         9320    i.on_connect        ble_nus.o
    0x00032d7c   0x00032d7c   0x0000013c   Code   RO         3053    i.on_connected_evt  nrf_ble_gatt.o
    0x00032eb8   0x00032eb8   0x00000150   Code   RO         3054    i.on_data_length_update_evt  nrf_ble_gatt.o
    0x00033008   0x00033008   0x00000090   Code   RO         3055    i.on_data_length_update_request_evt  nrf_ble_gatt.o
    0x00033098   0x00033098   0x00000032   Code   RO         2230    i.on_disconnect     ble_conn_params.o
    0x000330ca   0x000330ca   0x00000014   Code   RO         3056    i.on_disconnected_evt  nrf_ble_gatt.o
    0x000330de   0x000330de   0x00000002   PAD
    0x000330e0   0x000330e0   0x0000017c   Code   RO         3057    i.on_exchange_mtu_request_evt  nrf_ble_gatt.o
    0x0003325c   0x0003325c   0x000000c0   Code   RO         3058    i.on_exchange_mtu_rsp_evt  nrf_ble_gatt.o
    0x0003331c   0x0003331c   0x000000a8   Code   RO         9321    i.on_hvx_tx_complete  ble_nus.o
    0x000333c4   0x000333c4   0x00000024   Code   RO         8120    i.on_operation_failure  nrf_fstorage_sd.o
    0x000333e8   0x000333e8   0x00000060   Code   RO         8121    i.on_operation_success  nrf_fstorage_sd.o
    0x00033448   0x00033448   0x0000001c   Code   RO         6655    i.on_overflow_evt   app_timer2.o
    0x00033464   0x00033464   0x0000006a   Code   RO         3169    i.on_rw_authorize_request  nrf_ble_qwr.o
    0x000334ce   0x000334ce   0x00000002   Code   RO         3170    i.on_user_mem_release  nrf_ble_qwr.o
    0x000334d0   0x000334d0   0x00000020   Code   RO         3171    i.on_user_mem_request  nrf_ble_qwr.o
    0x000334f0   0x000334f0   0x00000058   Code   RO         2231    i.on_write          ble_conn_params.o
    0x00033548   0x00033548   0x000000f4   Code   RO         9322    i.on_write          ble_nus.o
    0x0003363c   0x0003363c   0x00000008   Code   RO         1174    i.pack_bigendian16  data_transfer.o
    0x00033644   0x00033644   0x0000001a   Code   RO         1175    i.pack_bigendian32  data_transfer.o
    0x0003365e   0x0003365e   0x00000002   PAD
    0x00033660   0x00033660   0x00000034   Code   RO         7166    i.page_can_tag      fds.o
    0x00033694   0x00033694   0x00000048   Code   RO         7167    i.page_from_record  fds.o
    0x000336dc   0x000336dc   0x00000034   Code   RO         7168    i.page_has_space    fds.o
    0x00033710   0x00033710   0x00000030   Code   RO         7169    i.page_identify     fds.o
    0x00033740   0x00033740   0x0000001c   Code   RO         7170    i.page_offsets_update  fds.o
    0x0003375c   0x0003375c   0x00000078   Code   RO         7171    i.page_scan         fds.o
    0x000337d4   0x000337d4   0x00000020   Code   RO         7172    i.page_tag_write_data  fds.o
    0x000337f4   0x000337f4   0x00000024   Code   RO         7173    i.page_tag_write_swap  fds.o
    0x00033818   0x00033818   0x00000170   Code   RO         7174    i.pages_init        fds.o
    0x00033988   0x00033988   0x00000014   Code   RO         4155    i.pairing           security_dispatcher.o
    0x0003399c   0x0003399c   0x00000080   Code   RO         4156    i.pairing_failure   security_dispatcher.o
    0x00033a1c   0x00033a1c   0x00000034   Code   RO         4157    i.pairing_success_evt_send  security_dispatcher.o
    0x00033a50   0x00033a50   0x00000010   Code   RO         4343    i.params_reply_pending_handle  security_manager.o
    0x00033a60   0x00033a60   0x00000022   Code   RO         4344    i.params_req_send   security_manager.o
    0x00033a82   0x00033a82   0x00000002   PAD
    0x00033a84   0x00033a84   0x00000104   Code   RO         1260    i.payload_resolve   model_cmd_act.o
    0x00033b88   0x00033b88   0x00000020   Code   RO         3401    i.pdb_evt_send      peer_database.o
    0x00033ba8   0x00033ba8   0x00000088   Code   RO         3402    i.pdb_init          peer_database.o
    0x00033c30   0x00033c30   0x0000006c   Code   RO         3403    i.pdb_pds_evt_handler  peer_database.o
    0x00033c9c   0x00033c9c   0x00000016   Code   RO         3404    i.pdb_peer_data_ptr_get  peer_database.o
    0x00033cb2   0x00033cb2   0x00000002   PAD
    0x00033cb4   0x00033cb4   0x000000ac   Code   RO         3405    i.pdb_peer_free     peer_database.o
    0x00033d60   0x00033d60   0x000000f0   Code   RO         3406    i.pdb_write_buf_get  peer_database.o
    0x00033e50   0x00033e50   0x00000020   Code   RO         3407    i.pdb_write_buf_release  peer_database.o
    0x00033e70   0x00033e70   0x00000044   Code   RO         3408    i.pdb_write_buf_store  peer_database.o
    0x00033eb4   0x00033eb4   0x00000024   Code   RO         3225    i.pds_evt_send      peer_data_storage.o
    0x00033ed8   0x00033ed8   0x000000b0   Code   RO         3226    i.pds_init          peer_data_storage.o
    0x00033f88   0x00033f88   0x0000000c   Code   RO         3227    i.pds_next_deleted_peer_id_get  peer_data_storage.o
    0x00033f94   0x00033f94   0x0000000c   Code   RO         3228    i.pds_next_peer_id_get  peer_data_storage.o
    0x00033fa0   0x00033fa0   0x00000008   Code   RO         3229    i.pds_peer_count_get  peer_data_storage.o
    0x00033fa8   0x00033fa8   0x0000006c   Code   RO         3231    i.pds_peer_data_iterate  peer_data_storage.o
    0x00034014   0x00034014   0x00000010   Code   RO         3232    i.pds_peer_data_iterate_prepare  peer_data_storage.o
    0x00034024   0x00034024   0x0000009a   Code   RO         3233    i.pds_peer_data_read  peer_data_storage.o
    0x000340be   0x000340be   0x00000002   PAD
    0x000340c0   0x000340c0   0x000000d4   Code   RO         3234    i.pds_peer_data_store  peer_data_storage.o
    0x00034194   0x00034194   0x0000000c   Code   RO         3235    i.pds_peer_id_allocate  peer_data_storage.o
    0x000341a0   0x000341a0   0x0000001e   Code   RO         3236    i.pds_peer_id_free  peer_data_storage.o
    0x000341be   0x000341be   0x0000000c   Code   RO         3237    i.pds_peer_id_is_allocated  peer_data_storage.o
    0x000341ca   0x000341ca   0x0000001c   Code   RO         3409    i.peer_data_const_point_to_buffer  peer_database.o
    0x000341e6   0x000341e6   0x00000002   PAD
    0x000341e8   0x000341e8   0x000000a8   Code   RO         3239    i.peer_data_delete_process  peer_data_storage.o
    0x00034290   0x00034290   0x00000040   Code   RO         3240    i.peer_data_find    peer_data_storage.o
    0x000342d0   0x000342d0   0x00000026   Code   RO         3241    i.peer_data_id_is_valid  peer_data_storage.o
    0x000342f6   0x000342f6   0x0000000a   Code   RO         3242    i.peer_data_id_to_record_key  peer_data_storage.o
    0x00034300   0x00034300   0x0000001a   Code   RO         3410    i.peer_data_point_to_buffer  peer_database.o
    0x0003431a   0x0003431a   0x00000002   PAD
    0x0003431c   0x0003431c   0x00000014   Code   RO         3557    i.peer_id_allocate  peer_id.o
    0x00034330   0x00034330   0x0000002c   Code   RO         3558    i.peer_id_delete    peer_id.o
    0x0003435c   0x0003435c   0x0000001c   Code   RO         3559    i.peer_id_free      peer_id.o
    0x00034378   0x00034378   0x00000014   Code   RO         3560    i.peer_id_get_next_deleted  peer_id.o
    0x0003438c   0x0003438c   0x00000038   Code   RO         3561    i.peer_id_get_next_used  peer_id.o
    0x000343c4   0x000343c4   0x00000010   Code   RO         3562    i.peer_id_init      peer_id.o
    0x000343d4   0x000343d4   0x0000001c   Code   RO         3563    i.peer_id_is_allocated  peer_id.o
    0x000343f0   0x000343f0   0x0000001c   Code   RO         3564    i.peer_id_is_deleted  peer_id.o
    0x0003440c   0x0003440c   0x00000024   Code   RO         3565    i.peer_id_n_ids     peer_id.o
    0x00034430   0x00034430   0x0000000a   Code   RO         3243    i.peer_id_to_file_id  peer_data_storage.o
    0x0003443a   0x0003443a   0x00000046   Code   RO         3244    i.peer_ids_load     peer_data_storage.o
    0x00034480   0x00034480   0x0000011c   Code   RO         1543    i.peer_manager_init  model_bond.o
    0x0003459c   0x0003459c   0x00000094   Code   RO          696    i.peri_on_board_init  user_hardware.o
    0x00034630   0x00034630   0x0000001c   Code   RO         5128    i.pin_configured_check  nrfx_gpiote.o
    0x0003464c   0x0003464c   0x00000020   Code   RO         5129    i.pin_configured_clear  nrfx_gpiote.o
    0x0003466c   0x0003466c   0x00000020   Code   RO         5130    i.pin_configured_set  nrfx_gpiote.o
    0x0003468c   0x0003468c   0x0000001c   Code   RO         5131    i.pin_in_use_by_gpiote  nrfx_gpiote.o
    0x000346a8   0x000346a8   0x00000018   Code   RO         5132    i.pin_in_use_by_port  nrfx_gpiote.o
    0x000346c0   0x000346c0   0x00000020   Code   RO         5133    i.pin_in_use_by_te  nrfx_gpiote.o
    0x000346e0   0x000346e0   0x0000000c   Code   RO         5134    i.pin_in_use_clear  nrfx_gpiote.o
    0x000346ec   0x000346ec   0x00000034   Code   RO          697    i.pin_magnet_event  user_hardware.o
    0x00034720   0x00034720   0x0000007e   Code   RO         5538    i.pins_to_default   nrfx_uart.o
    0x0003479e   0x0003479e   0x0000007e   Code   RO         5790    i.pins_to_default   nrfx_uarte.o
    0x0003481c   0x0003481c   0x00000062   Code   RO         4088    i.pm_buffer_block_acquire  pm_buffer.o
    0x0003487e   0x0003487e   0x0000002a   Code   RO         4089    i.pm_buffer_init    pm_buffer.o
    0x000348a8   0x000348a8   0x00000030   Code   RO         4090    i.pm_buffer_ptr_get  pm_buffer.o
    0x000348d8   0x000348d8   0x00000028   Code   RO         4091    i.pm_buffer_release  pm_buffer.o
    0x00034900   0x00034900   0x00000024   Code   RO         3659    i.pm_conn_sec_status_get  peer_manager.o
    0x00034924   0x00034924   0x0000002c   Code   RO         3660    i.pm_conn_secure    peer_manager.o
    0x00034950   0x00034950   0x000001c4   Code   RO         1544    i.pm_evt_handler    model_bond.o
    0x00034b14   0x00034b14   0x0000000c   Code   RO         3662    i.pm_gcm_evt_handler  peer_manager.o
    0x00034b20   0x00034b20   0x0000000c   Code   RO         3663    i.pm_gscm_evt_handler  peer_manager.o
    0x00034b2c   0x00034b2c   0x0000007c   Code   RO         3986    i.pm_handler_disconnect_on_sec_failure  peer_manager_handler.o
    0x00034ba8   0x00034ba8   0x00000358   Code   RO         3987    i.pm_handler_flash_clean  peer_manager_handler.o
    0x00034f00   0x00034f00   0x0000001c   Code   RO         3988    i.pm_handler_flash_clean_on_return  peer_manager_handler.o
    0x00034f1c   0x00034f1c   0x00000064   Code   RO         3989    i.pm_handler_on_pm_evt  peer_manager_handler.o
    0x00034f80   0x00034f80   0x000003d8   Code   RO         3990    i.pm_handler_pm_evt_log  peer_manager_handler.o
    0x00035358   0x00035358   0x00000028   Code   RO         3664    i.pm_id_addr_get    peer_manager.o
    0x00035380   0x00035380   0x0000000c   Code   RO         3666    i.pm_im_evt_handler  peer_manager.o
    0x0003538c   0x0003538c   0x00000248   Code   RO         3667    i.pm_init           peer_manager.o
    0x000355d4   0x000355d4   0x0000017c   Code   RO         3671    i.pm_pdb_evt_handler  peer_manager.o
    0x00035750   0x00035750   0x00000018   Code   RO         3672    i.pm_peer_count     peer_manager.o
    0x00035768   0x00035768   0x00000018   Code   RO         3675    i.pm_peer_data_bonding_load  peer_manager.o
    0x00035780   0x00035780   0x0000004c   Code   RO         3678    i.pm_peer_data_load  peer_manager.o
    0x000357cc   0x000357cc   0x00000020   Code   RO         3682    i.pm_peer_delete    peer_manager.o
    0x000357ec   0x000357ec   0x00000030   Code   RO         3683    i.pm_peer_id_get    peer_manager.o
    0x0003581c   0x0003581c   0x00000144   Code   RO         3686    i.pm_peer_rank_highest  peer_manager.o
    0x00035960   0x00035960   0x00000114   Code   RO         3687    i.pm_peer_ranks_get  peer_manager.o
    0x00035a74   0x00035a74   0x000000b4   Code   RO         3688    i.pm_peers_delete   peer_manager.o
    0x00035b28   0x00035b28   0x00000040   Code   RO         3691    i.pm_register       peer_manager.o
    0x00035b68   0x00035b68   0x00000024   Code   RO         3693    i.pm_sec_params_set  peer_manager.o
    0x00035b8c   0x00035b8c   0x00000016   Code   RO         3694    i.pm_sm_evt_handler  peer_manager.o
    0x00035ba2   0x00035ba2   0x00000002   PAD
    0x00035ba4   0x00035ba4   0x000000c4   Code   RO         5135    i.port_event_handle  nrfx_gpiote.o
    0x00035c68   0x00035c68   0x00000010   Code   RO         5136    i.port_handler_pin_get  nrfx_gpiote.o
    0x00035c78   0x00035c78   0x00000010   Code   RO         5137    i.port_handler_polarity_get  nrfx_gpiote.o
    0x00035c88   0x00035c88   0x00000048   Code   RO         9822    i.postfix_process   nrf_log_str_formatter.o
    0x00035cd0   0x00035cd0   0x0000003c   Code   RO          645    i.power_management_init  power.o
    0x00035d0c   0x00035d0c   0x0000005c   Code   RO          646    i.power_reset_reason_get  power.o
    0x00035d68   0x00035d68   0x000000a4   Code   RO         9823    i.prefix_process    nrf_log_str_formatter.o
    0x00035e0c   0x00035e0c   0x00000018   Code   RO         5456    i.prs_box_get       nrfx_prs.o
    0x00035e24   0x00035e24   0x00000020   Code   RO         7175    i.queue_buf_get     fds.o
    0x00035e44   0x00035e44   0x00000014   Code   RO         7176    i.queue_buf_store   fds.o
    0x00035e58   0x00035e58   0x00000014   Code   RO         7177    i.queue_free        fds.o
    0x00035e6c   0x00035e6c   0x00000018   Code   RO         8122    i.queue_free        nrf_fstorage_sd.o
    0x00035e84   0x00035e84   0x00000018   Code   RO         7178    i.queue_has_next    fds.o
    0x00035e9c   0x00035e9c   0x0000001c   Code   RO         7179    i.queue_init        fds.o
    0x00035eb8   0x00035eb8   0x00000014   Code   RO         7180    i.queue_load        fds.o
    0x00035ecc   0x00035ecc   0x0000002c   Code   RO         8123    i.queue_load_next   nrf_fstorage_sd.o
    0x00035ef8   0x00035ef8   0x000000c4   Code   RO         7181    i.queue_process     fds.o
    0x00035fbc   0x00035fbc   0x00000090   Code   RO         8124    i.queue_process     nrf_fstorage_sd.o
    0x0003604c   0x0003604c   0x00000018   Code   RO         7182    i.queue_start       fds.o
    0x00036064   0x00036064   0x0000001c   Code   RO         8125    i.queue_start       nrf_fstorage_sd.o
    0x00036080   0x00036080   0x0000001e   Code   RO         8987    i.queue_utilization_get  nrf_queue.o
    0x0003609e   0x0003609e   0x00000002   PAD
    0x000360a0   0x000360a0   0x00000010   Code   RO         9228    i.ram_end_address_get  nrf_sdh_ble.o
    0x000360b0   0x000360b0   0x0000001c   Code   RO         3993    i.rank_highest      peer_manager_handler.o
    0x000360cc   0x000360cc   0x00000008   Code   RO         3697    i.rank_init         peer_manager.o
    0x000360d4   0x000360d4   0x00000040   Code   RO         3698    i.rank_vars_update  peer_manager.o
    0x00036114   0x00036114   0x0000001c   Code   RO         8126    i.read              nrf_fstorage_sd.o
    0x00036130   0x00036130   0x00000078   Code   RO         3411    i.reattempt_previous_operations  peer_database.o
    0x000361a8   0x000361a8   0x00000028   Code   RO         2341    i.record_activate   ble_conn_state.o
    0x000361d0   0x000361d0   0x00000094   Code   RO         7183    i.record_find       fds.o
    0x00036264   0x00036264   0x0000003c   Code   RO         7184    i.record_find_and_delete  fds.o
    0x000362a0   0x000362a0   0x0000007c   Code   RO         7185    i.record_find_by_desc  fds.o
    0x0003631c   0x0003631c   0x00000078   Code   RO         7186    i.record_find_next  fds.o
    0x00036394   0x00036394   0x00000040   Code   RO         7187    i.record_header_flag_dirty  fds.o
    0x000363d4   0x000363d4   0x0000002c   Code   RO         7188    i.record_header_write_begin  fds.o
    0x00036400   0x00036400   0x00000038   Code   RO         7189    i.record_header_write_finalize  fds.o
    0x00036438   0x00036438   0x00000038   Code   RO         7190    i.record_header_write_id  fds.o
    0x00036470   0x00036470   0x00000010   Code   RO         7191    i.record_id_new     fds.o
    0x00036480   0x00036480   0x0000002e   Code   RO         1844    i.record_inflie_countget  hal_flash.o
    0x000364ae   0x000364ae   0x00000002   PAD
    0x000364b0   0x000364b0   0x00000020   Code   RO         2342    i.record_invalidate  ble_conn_state.o
    0x000364d0   0x000364d0   0x00000006   Code   RO         3245    i.record_key_to_peer_data_id  peer_data_storage.o
    0x000364d6   0x000364d6   0x00000018   Code   RO         3246    i.record_key_within_pm_range  peer_data_storage.o
    0x000364ee   0x000364ee   0x00000002   PAD
    0x000364f0   0x000364f0   0x00000048   Code   RO         2343    i.record_purge_disconnected  ble_conn_state.o
    0x00036538   0x00036538   0x00000014   Code   RO         2344    i.record_set_disconnected  ble_conn_state.o
    0x0003654c   0x0003654c   0x00000084   Code   RO         1845    i.record_write      hal_flash.o
    0x000365d0   0x000365d0   0x00000030   Code   RO         7192    i.record_write_data  fds.o
    0x00036600   0x00036600   0x000000a4   Code   RO         7193    i.records_stat      fds.o
    0x000366a4   0x000366a4   0x00000014   Code   RO         3566    i.release           peer_id.o
    0x000366b8   0x000366b8   0x00000038   Code   RO         1261    i.remote_reset_handler  model_cmd_act.o
    0x000366f0   0x000366f0   0x00000006   Code   RO         8127    i.rmap              nrf_fstorage_sd.o
    0x000366f6   0x000366f6   0x00000002   PAD
    0x000366f8   0x000366f8   0x000000f0   Code   RO          390    i.rsp_auth_handler  model_ble.o
    0x000367e8   0x000367e8   0x00000064   Code   RO          983    i.rsp_data_handler  model_data_trs.o
    0x0003684c   0x0003684c   0x00000044   Code   RO         1262    i.rsp_jump          model_cmd_act.o
    0x00036890   0x00036890   0x00000014   Code   RO         1270    i.rsp_queue_pop     model_cmd_act.o
    0x000368a4   0x000368a4   0x00000014   Code   RO         1271    i.rsp_queue_push    model_cmd_act.o
    0x000368b8   0x000368b8   0x0000003e   Code   RO         6656    i.rtc_irq           app_timer2.o
    0x000368f6   0x000368f6   0x00000002   PAD
    0x000368f8   0x000368f8   0x00000084   Code   RO         6657    i.rtc_schedule      app_timer2.o
    0x0003697c   0x0003697c   0x000000c0   Code   RO         6658    i.rtc_update        app_timer2.o
    0x00036a3c   0x00036a3c   0x0000003e   Code   RO         5539    i.rx_byte           nrfx_uart.o
    0x00036a7a   0x00036a7a   0x0000001c   Code   RO         5540    i.rx_done_event     nrfx_uart.o
    0x00036a96   0x00036a96   0x0000001c   Code   RO         5791    i.rx_done_event     nrfx_uarte.o
    0x00036ab2   0x00036ab2   0x00000002   PAD
    0x00036ab4   0x00036ab4   0x00000090   Code   RO         1793    i.saadc_init        hal_saadc.o
    0x00036b44   0x00036b44   0x00000074   Code   RO         1794    i.saadc_samples_blocking_mean  hal_saadc.o
    0x00036bb8   0x00036bb8   0x00000020   Code   RO         2597    i.sc_send_pending_handle  gatt_cache_manager.o
    0x00036bd8   0x00036bd8   0x0000007c   Code   RO         9104    i.sd_nvic_DisableIRQ  nrf_sdh.o
    0x00036c54   0x00036c54   0x000000a4   Code   RO         9105    i.sd_nvic_EnableIRQ  nrf_sdh.o
    0x00036cf8   0x00036cf8   0x00000068   Code   RO         6806    i.sd_nvic_critical_region_enter  app_util_platform.o
    0x00036d60   0x00036d60   0x00000090   Code   RO         4567    i.sd_state_evt_handler  nrf_drv_clock.o
    0x00036df0   0x00036df0   0x0000003c   Code   RO         9106    i.sdh_request_observer_notify  nrf_sdh.o
    0x00036e2c   0x00036e2c   0x00000034   Code   RO         9107    i.sdh_state_observer_notify  nrf_sdh.o
    0x00036e60   0x00036e60   0x000000f8   Code   RO         4158    i.sec_info_request_process  security_dispatcher.o
    0x00036f58   0x00036f58   0x00000110   Code   RO         4159    i.sec_keyset_fill   security_dispatcher.o
    0x00037068   0x00037068   0x00000030   Code   RO         4160    i.sec_params_request_process  security_dispatcher.o
    0x00037098   0x00037098   0x000000e8   Code   RO         4345    i.sec_params_verify  security_manager.o
    0x00037180   0x00037180   0x00000058   Code   RO         4161    i.sec_proc_start    security_dispatcher.o
    0x000371d8   0x000371d8   0x00000068   Code   RO         4346    i.sec_req_process   security_manager.o
    0x00037240   0x00037240   0x00000028   Code   RO         4162    i.sec_start_send    security_dispatcher.o
    0x00037268   0x00037268   0x00000022   Code   RO         4163    i.send_config_req   security_dispatcher.o
    0x0003728a   0x0003728a   0x00000002   PAD
    0x0003728c   0x0003728c   0x00000018   Code   RO         2232    i.send_error_evt    ble_conn_params.o
    0x000372a4   0x000372a4   0x00000028   Code   RO         4164    i.send_params_req   security_dispatcher.o
    0x000372cc   0x000372cc   0x00000024   Code   RO         4165    i.send_storage_full_evt  security_dispatcher.o
    0x000372f0   0x000372f0   0x00000028   Code   RO         2598    i.send_unexpected_error  gatt_cache_manager.o
    0x00037318   0x00037318   0x00000028   Code   RO         3247    i.send_unexpected_error  peer_data_storage.o
    0x00037340   0x00037340   0x00000028   Code   RO         4166    i.send_unexpected_error  security_dispatcher.o
    0x00037368   0x00037368   0x0000001e   Code   RO         4347    i.send_unexpected_error  security_manager.o
    0x00037386   0x00037386   0x00000024   Code   RO         2233    i.send_update_request  ble_conn_params.o
    0x000373aa   0x000373aa   0x00000002   PAD
    0x000373ac   0x000373ac   0x00000084   Code   RO         9399    i.serial_tx         nrf_log_backend_rtt.o
    0x00037430   0x00037430   0x00000088   Code   RO         9501    i.serial_tx         nrf_log_backend_uart.o
    0x000374b8   0x000374b8   0x00000074   Code   RO         2599    i.service_changed_cccd  gatt_cache_manager.o
    0x0003752c   0x0003752c   0x00000020   Code   RO         2600    i.service_changed_needed  gatt_cache_manager.o
    0x0003754c   0x0003754c   0x00000018   Code   RO         2601    i.service_changed_pending_flags_check  gatt_cache_manager.o
    0x00037564   0x00037564   0x000000a8   Code   RO         2781    i.service_changed_pending_set  gatts_cache_manager.o
    0x0003760c   0x0003760c   0x00000124   Code   RO         2602    i.service_changed_send_in_evt  gatt_cache_manager.o
    0x00037730   0x00037730   0x00000096   Code   RO         1956    i.service_data_encode  ble_advdata.o
    0x000377c6   0x000377c6   0x00000002   PAD
    0x000377c8   0x000377c8   0x0000009c   Code   RO          391    i.services_init     model_ble.o
    0x00037864   0x00037864   0x000000be   Code   RO         2518    i.set_security_req  ble_srv_common.o
    0x00037922   0x00037922   0x00000002   PAD
    0x00037924   0x00037924   0x000000cc   Code   RO         8330    i.shutdown_process  nrf_pwr_mgmt.o
    0x000379f0   0x000379f0   0x00000034   Code   RO         4348    i.sm_ble_evt_handler  security_manager.o
    0x00037a24   0x00037a24   0x0000009a   Code   RO         4350    i.sm_conn_sec_status_get  security_manager.o
    0x00037abe   0x00037abe   0x00000002   PAD
    0x00037ac0   0x00037ac0   0x00000064   Code   RO         4351    i.sm_init           security_manager.o
    0x00037b24   0x00037b24   0x00000018   Code   RO         4353    i.sm_link_secure    security_manager.o
    0x00037b3c   0x00037b3c   0x00000058   Code   RO         4354    i.sm_pdb_evt_handler  security_manager.o
    0x00037b94   0x00037b94   0x00000030   Code   RO         4355    i.sm_sec_is_sufficient  security_manager.o
    0x00037bc4   0x00037bc4   0x00000048   Code   RO         4357    i.sm_sec_params_set  security_manager.o
    0x00037c0c   0x00037c0c   0x00000032   Code   RO         4358    i.sm_smd_evt_handler  security_manager.o
    0x00037c3e   0x00037c3e   0x0000004c   Code   RO         4167    i.smd_ble_evt_handler  security_dispatcher.o
    0x00037c8a   0x00037c8a   0x00000002   PAD
    0x00037c8c   0x00037c8c   0x0000007c   Code   RO         4169    i.smd_init          security_dispatcher.o
    0x00037d08   0x00037d08   0x00000028   Code   RO         4170    i.smd_link_secure   security_dispatcher.o
    0x00037d30   0x00037d30   0x000000c0   Code   RO         4171    i.smd_params_reply  security_dispatcher.o
    0x00037df0   0x00037df0   0x00000040   Code   RO         4359    i.smd_params_reply_perform  security_manager.o
    0x00037e30   0x00037e30   0x0000001c   Code   RO         4568    i.soc_evt_handler   nrf_drv_clock.o
    0x00037e4c   0x00037e4c   0x00000060   Code   RO         9108    i.softdevice_evt_irq_disable  nrf_sdh.o
    0x00037eac   0x00037eac   0x00000060   Code   RO         9109    i.softdevices_evt_irq_enable  nrf_sdh.o
    0x00037f0c   0x00037f0c   0x00000018   Code   RO         6659    i.sorted_list_stop_all  app_timer2.o
    0x00037f24   0x00037f24   0x00000018   Code   RO         6660    i.sortlist_pop      app_timer2.o
    0x00037f3c   0x00037f3c   0x00000064   Code   RO         9643    i.std_header_set    nrf_log_frontend.o
    0x00037fa0   0x00037fa0   0x00000070   Code   RO         9644    i.std_n             nrf_log_frontend.o
    0x00038010   0x00038010   0x00000144   Code   RO         1276    i.storage_clear_handler  model_cmd_act.o
    0x00038154   0x00038154   0x00000078   Code   RO         2603    i.store_car_value   gatt_cache_manager.o
    0x000381cc   0x000381cc   0x00000074   Code   RO         7978    i.string_print      nrf_fprintf_format.o
    0x00038240   0x00038240   0x00000020   Code   RO         1176    i.stringtolower     data_transfer.o
    0x00038260   0x00038260   0x0000000a   Code   RO         6936    i.ticks_sub         drv_rtc.o
    0x0003826a   0x0003826a   0x00000002   PAD
    0x0003826c   0x0003826c   0x000001d0   Code   RO          698    i.timer_event_handler  user_hardware.o
    0x0003843c   0x0003843c   0x000000b4   Code   RO         6661    i.timer_expire      app_timer2.o
    0x000384f0   0x000384f0   0x00000064   Code   RO         1646    i.timer_init        hal_timer.o
    0x00038554   0x00038554   0x00000098   Code   RO         6662    i.timer_req_process  app_timer2.o
    0x000385ec   0x000385ec   0x00000040   Code   RO         6663    i.timer_req_schedule  app_timer2.o
    0x0003862c   0x0003862c   0x0000000c   Code   RO         1647    i.timer_start       hal_timer.o
    0x00038638   0x00038638   0x0000000c   Code   RO         1648    i.timer_stop        hal_timer.o
    0x00038644   0x00038644   0x00000002   Code   RO         9824    i.timestamp_print   nrf_log_str_formatter.o
    0x00038646   0x00038646   0x00000036   Code   RO         5542    i.tx_blocking       nrfx_uart.o
    0x0003867c   0x0003867c   0x00000026   Code   RO         5543    i.tx_byte           nrfx_uart.o
    0x000386a2   0x000386a2   0x00000020   Code   RO         5544    i.tx_done_event     nrfx_uart.o
    0x000386c2   0x000386c2   0x00000020   Code   RO         5792    i.tx_done_event     nrfx_uarte.o
    0x000386e2   0x000386e2   0x00000036   Code   RO         1957    i.tx_power_level_encode  ble_advdata.o
    0x00038718   0x00038718   0x00000050   Code   RO          392    i.tx_power_set      model_ble.o
    0x00038768   0x00038768   0x00000038   Code   RO         4722    i.uart_evt_handler  nrf_drv_uart.o
    0x000387a0   0x000387a0   0x0000000c   Code   RO         9502    i.uart_evt_handler  nrf_log_backend_uart.o
    0x000387ac   0x000387ac   0x0000006c   Code   RO         9503    i.uart_init         nrf_log_backend_uart.o
    0x00038818   0x00038818   0x0000014e   Code   RO         5545    i.uart_irq_handler  nrfx_uart.o
    0x00038966   0x00038966   0x00000002   PAD
    0x00038968   0x00038968   0x00000038   Code   RO         4723    i.uarte_evt_handler  nrf_drv_uart.o
    0x000389a0   0x000389a0   0x00000134   Code   RO         5793    i.uarte_irq_handler  nrfx_uarte.o
    0x00038ad4   0x00038ad4   0x0000000c   Code   RO         2519    i.uint16_decode     ble_srv_common.o
    0x00038ae0   0x00038ae0   0x0000000c   Code   RO         1958    i.uint16_encode     ble_advdata.o
    0x00038aec   0x00038aec   0x00000024   Code   RO         8128    i.uninit            nrf_fstorage_sd.o
    0x00038b10   0x00038b10   0x0000000e   Code   RO         1177    i.unpack_bigendian16  data_transfer.o
    0x00038b1e   0x00038b1e   0x00000018   Code   RO         1178    i.unpack_bigendian32  data_transfer.o
    0x00038b36   0x00038b36   0x00000002   PAD
    0x00038b38   0x00038b38   0x000000b8   Code   RO         7979    i.unsigned_print    nrf_fprintf_format.o
    0x00038bf0   0x00038bf0   0x00000034   Code   RO         2604    i.update_pending_flags_check  gatt_cache_manager.o
    0x00038c24   0x00038c24   0x00000074   Code   RO         2234    i.update_timeout_handler  ble_conn_params.o
    0x00038c98   0x00038c98   0x00000014   Code   RO         2345    i.user_flag_is_acquired  ble_conn_state.o
    0x00038cac   0x00038cac   0x0000002c   Code   RO         3172    i.user_mem_reply    nrf_ble_qwr.o
    0x00038cd8   0x00038cd8   0x00000030   Code   RO         1210    i.user_protocol_pack  model_user_protocol.o
    0x00038d08   0x00038d08   0x00000058   Code   RO         1211    i.user_protocol_unpack  model_user_protocol.o
    0x00038d60   0x00038d60   0x0000004e   Code   RO         1959    i.uuid_list_encode  ble_advdata.o
    0x00038dae   0x00038dae   0x000000d6   Code   RO         1960    i.uuid_list_sized_encode  ble_advdata.o
    0x00038e84   0x00038e84   0x0000000c   Code   RO         1708    i.watchdog_feed     hal_watchdog.o
    0x00038e90   0x00038e90   0x00000074   Code   RO          699    i.watchdog_module_init  user_hardware.o
    0x00038f04   0x00038f04   0x00000002   Code   RO          700    i.wdt_event_handler  user_hardware.o
    0x00038f06   0x00038f06   0x00000006   Code   RO         8129    i.wmap              nrf_fstorage_sd.o
    0x00038f0c   0x00038f0c   0x00000054   Code   RO         8130    i.write             nrf_fstorage_sd.o
    0x00038f60   0x00038f60   0x00000038   Code   RO         3412    i.write_buf_length_words_set  peer_database.o
    0x00038f98   0x00038f98   0x00000160   Code   RO         3413    i.write_buf_store   peer_database.o
    0x000390f8   0x000390f8   0x00000070   Code   RO         3414    i.write_buf_store_in_event  peer_database.o
    0x00039168   0x00039168   0x00000024   Code   RO         3415    i.write_buffer_record_acquire  peer_database.o
    0x0003918c   0x0003918c   0x0000004c   Code   RO         3416    i.write_buffer_record_find  peer_database.o
    0x000391d8   0x000391d8   0x00000034   Code   RO         3417    i.write_buffer_record_find_next  peer_database.o
    0x0003920c   0x0003920c   0x00000030   Code   RO         3418    i.write_buffer_record_find_stored  peer_database.o
    0x0003923c   0x0003923c   0x0000000e   Code   RO         3419    i.write_buffer_record_find_unused  peer_database.o
    0x0003924a   0x0003924a   0x00000024   Code   RO         3420    i.write_buffer_record_invalidate  peer_database.o
    0x0003926e   0x0003926e   0x00000002   PAD
    0x00039270   0x00039270   0x00000028   Code   RO         3421    i.write_buffer_record_release  peer_database.o
    0x00039298   0x00039298   0x000000e8   Code   RO         7194    i.write_enqueue     fds.o
    0x00039380   0x00039380   0x000000c8   Code   RO         7195    i.write_execute     fds.o
    0x00039448   0x00039448   0x00000058   Code   RO         8131    i.write_execute     nrf_fstorage_sd.o
    0x000394a0   0x000394a0   0x00000024   Code   RO         7196    i.write_space_free  fds.o
    0x000394c4   0x000394c4   0x0000007c   Code   RO         7197    i.write_space_reserve  fds.o
    0x00039540   0x00039540   0x00000006   Data   RO            5    .constdata          main.o
    0x00039546   0x00039546   0x00000002   PAD
    0x00039548   0x00039548   0x00000004   Data   RO          394    .constdata          model_ble.o
    0x0003954c   0x0003954c   0x00000004   PAD
    0x00039550   0x00039550   0x00000032   Data   RO          701    .constdata          user_hardware.o
    0x00039582   0x00039582   0x00000002   PAD
    0x00039584   0x00039584   0x00000004   Data   RO          879    .constdata          model_calendar.o
    0x00039588   0x00039588   0x00000004   Data   RO          985    .constdata          model_data_trs.o
    0x0003958c   0x0003958c   0x0000002a   Data   RO         1278    .constdata          model_cmd_act.o
    0x000395b6   0x000395b6   0x00000002   PAD
    0x000395b8   0x000395b8   0x00000018   Data   RO         1709    .constdata          hal_watchdog.o
    0x000395d0   0x000395d0   0x0000000b   Data   RO         1745    .constdata          hal_gpio.o
    0x000395db   0x000395db   0x00000001   PAD
    0x000395dc   0x000395dc   0x0000000d   Data   RO         1795    .constdata          hal_saadc.o
    0x000395e9   0x000395e9   0x00000003   PAD
    0x000395ec   0x000395ec   0x0000006c   Data   RO         2605    .constdata          gatt_cache_manager.o
    0x00039658   0x00039658   0x00000018   Data   RO         2782    .constdata          gatts_cache_manager.o
    0x00039670   0x00039670   0x00000008   Data   RO         2894    .constdata          id_manager.o
    0x00039678   0x00039678   0x00000016   Data   RO         3059    .constdata          nrf_ble_gatt.o
    0x0003968e   0x0003968e   0x00000002   PAD
    0x00039690   0x00039690   0x00000018   Data   RO         3248    .constdata          peer_data_storage.o
    0x000396a8   0x000396a8   0x00000010   Data   RO         3423    .constdata          peer_database.o
    0x000396b8   0x000396b8   0x0000002c   Data   RO         3700    .constdata          peer_manager.o
    0x000396e4   0x000396e4   0x00000038   Data   RO         3996    .constdata          peer_manager_handler.o
    0x0003971c   0x0003971c   0x00000078   Data   RO         4173    .constdata          security_dispatcher.o
    0x00039794   0x00039794   0x00000005   Data   RO         4360    .constdata          security_manager.o
    0x00039799   0x00039799   0x00000003   PAD
    0x0003979c   0x0003979c   0x00000042   Data   RO         5139    .constdata          nrfx_gpiote.o
    0x000397de   0x000397de   0x00000002   PAD
    0x000397e0   0x000397e0   0x0000002e   Data   RO         5547    .constdata          nrfx_uart.o
    0x0003980e   0x0003980e   0x00000002   PAD
    0x00039810   0x00039810   0x00000034   Data   RO         5795    .constdata          nrfx_uarte.o
    0x00039844   0x00039844   0x0000000c   PAD
    0x00039850   0x00039850   0x000000aa   Data   RO         6013    .constdata          nrfx_saadc.o
    0x000398fa   0x000398fa   0x00000002   PAD
    0x000398fc   0x000398fc   0x00000014   Data   RO         6665    .constdata          app_timer2.o
    0x00039910   0x00039910   0x00000006   Data   RO         6937    .constdata          drv_rtc.o
    0x00039916   0x00039916   0x00000002   PAD
    0x00039918   0x00039918   0x00000018   Data   RO         7199    .constdata          fds.o
    0x00039930   0x00039930   0x00000010   Data   RO         7980    .constdata          nrf_fprintf_format.o
    0x00039940   0x00039940   0x0000005e   Data   RO         8031    .constdata          nrf_fstorage.o
    0x0003999e   0x0003999e   0x00000002   PAD
    0x000399a0   0x000399a0   0x00000030   Data   RO         8133    .constdata          nrf_fstorage_sd.o
    0x000399d0   0x000399d0   0x00000024   Data   RO         8332    .constdata          nrf_pwr_mgmt.o
    0x000399f4   0x000399f4   0x0000013c   Data   RO         8558    .constdata          nrf_strerror.o
    0x00039b30   0x00039b30   0x00000058   Data   RO         9110    .constdata          nrf_sdh.o
    0x00039b88   0x00039b88   0x00000030   Data   RO         9229    .constdata          nrf_sdh_ble.o
    0x00039bb8   0x00039bb8   0x0000001c   Data   RO         9284    .constdata          nrf_sdh_soc.o
    0x00039bd4   0x00039bd4   0x00000010   Data   RO         9323    .constdata          ble_nus.o
    0x00039be4   0x00039be4   0x0000000c   PAD
    0x00039bf0   0x00039bf0   0x00000016   Data   RO         9401    .constdata          nrf_log_backend_rtt.o
    0x00039c06   0x00039c06   0x00000002   PAD
    0x00039c08   0x00039c08   0x0000002c   Data   RO         9505    .constdata          nrf_log_backend_uart.o
    0x00039c34   0x00039c34   0x0000000c   Data   RO         9646    .constdata          nrf_log_frontend.o
    0x00039c40   0x00039c40   0x00000081   Data   RO        12468    .constdata          mc_w.l(ctype_o.o)
    0x00039cc1   0x00039cc1   0x00000003   PAD
    0x00039cc4   0x00039cc4   0x00000004   Data   RO        12469    .constdata          mc_w.l(ctype_o.o)
    0x00039cc8   0x00039cc8   0x00000020   Data   RO            6    .conststring        main.o
    0x00039ce8   0x00039ce8   0x0000190f   Data   RO          351    .conststring        event_id.o
    0x0003b5f7   0x0003b5f7   0x00000001   PAD
    0x0003b5f8   0x0003b5f8   0x00000047   Data   RO          702    .conststring        user_hardware.o
    0x0003b63f   0x0003b63f   0x00000001   PAD
    0x0003b640   0x0003b640   0x000000f9   Data   RO         1279    .conststring        model_cmd_act.o
    0x0003b739   0x0003b739   0x00000003   PAD
    0x0003b73c   0x0003b73c   0x000001a4   Data   RO         2606    .conststring        gatt_cache_manager.o
    0x0003b8e0   0x0003b8e0   0x0000019c   Data   RO         2783    .conststring        gatts_cache_manager.o
    0x0003ba7c   0x0003ba7c   0x0000013e   Data   RO         3060    .conststring        nrf_ble_gatt.o
    0x0003bbba   0x0003bbba   0x00000002   PAD
    0x0003bbbc   0x0003bbbc   0x000000e8   Data   RO         3249    .conststring        peer_data_storage.o
    0x0003bca4   0x0003bca4   0x00000180   Data   RO         3424    .conststring        peer_database.o
    0x0003be24   0x0003be24   0x00000090   Data   RO         3701    .conststring        peer_manager.o
    0x0003beb4   0x0003beb4   0x000003df   Data   RO         3997    .conststring        peer_manager_handler.o
    0x0003c293   0x0003c293   0x00000001   PAD
    0x0003c294   0x0003c294   0x000002b2   Data   RO         4174    .conststring        security_dispatcher.o
    0x0003c546   0x0003c546   0x00000002   PAD
    0x0003c548   0x0003c548   0x0000017b   Data   RO         4361    .conststring        security_manager.o
    0x0003c6c3   0x0003c6c3   0x00000001   PAD
    0x0003c6c4   0x0003c6c4   0x0000004f   Data   RO         8032    .conststring        nrf_fstorage.o
    0x0003c713   0x0003c713   0x00000001   PAD
    0x0003c714   0x0003c714   0x0000022a   Data   RO         8559    .conststring        nrf_strerror.o
    0x0003c93e   0x0003c93e   0x00000002   PAD
    0x0003c940   0x0003c940   0x000001cf   Data   RO         9230    .conststring        nrf_sdh_ble.o
    0x0003cb0f   0x0003cb0f   0x00000001   PAD
    0x0003cb10   0x0003cb10   0x00000046   Data   RO         9506    .conststring        nrf_log_backend_uart.o
    0x0003cb56   0x0003cb56   0x00000002   PAD
    0x0003cb58   0x0003cb58   0x00000066   Data   RO         9825    .conststring        nrf_log_str_formatter.o
    0x0003cbbe   0x0003cbbe   0x00000002   PAD
    0x0003cbc0   0x0003cbc0   0x00000011   Data   RO         2607    .conststrlit        gatt_cache_manager.o
    0x0003cbd1   0x0003cbd1   0x00000003   PAD
    0x0003cbd4   0x0003cbd4   0x00000012   Data   RO         2784    .conststrlit        gatts_cache_manager.o
    0x0003cbe6   0x0003cbe6   0x00000002   PAD
    0x0003cbe8   0x0003cbe8   0x00000010   Data   RO         2896    .conststrlit        id_manager.o
    0x0003cbf8   0x0003cbf8   0x0000000d   Data   RO         3061    .conststrlit        nrf_ble_gatt.o
    0x0003cc05   0x0003cc05   0x00000003   PAD
    0x0003cc08   0x0003cc08   0x00000011   Data   RO         3250    .conststrlit        peer_data_storage.o
    0x0003cc19   0x0003cc19   0x00000003   PAD
    0x0003cc1c   0x0003cc1c   0x00000011   Data   RO         3425    .conststrlit        peer_database.o
    0x0003cc2d   0x0003cc2d   0x00000003   PAD
    0x0003cc30   0x0003cc30   0x0000000d   Data   RO         3702    .conststrlit        peer_manager.o
    0x0003cc3d   0x0003cc3d   0x00000003   PAD
    0x0003cc40   0x0003cc40   0x00000015   Data   RO         3998    .conststrlit        peer_manager_handler.o
    0x0003cc55   0x0003cc55   0x00000003   PAD
    0x0003cc58   0x0003cc58   0x00000011   Data   RO         4175    .conststrlit        security_dispatcher.o
    0x0003cc69   0x0003cc69   0x00000003   PAD
    0x0003cc6c   0x0003cc6c   0x00000010   Data   RO         4362    .conststrlit        security_manager.o
    0x0003cc7c   0x0003cc7c   0x00000006   Data   RO         4571    .conststrlit        nrf_drv_clock.o
    0x0003cc82   0x0003cc82   0x00000002   PAD
    0x0003cc84   0x0003cc84   0x00000006   Data   RO         4936    .conststrlit        nrfx_clock.o
    0x0003cc8a   0x0003cc8a   0x00000002   PAD
    0x0003cc8c   0x0003cc8c   0x00000007   Data   RO         5140    .conststrlit        nrfx_gpiote.o
    0x0003cc93   0x0003cc93   0x00000001   PAD
    0x0003cc94   0x0003cc94   0x00000004   Data   RO         5458    .conststrlit        nrfx_prs.o
    0x0003cc98   0x0003cc98   0x00000005   Data   RO         5548    .conststrlit        nrfx_uart.o
    0x0003cc9d   0x0003cc9d   0x00000003   PAD
    0x0003cca0   0x0003cca0   0x00000006   Data   RO         5796    .conststrlit        nrfx_uarte.o
    0x0003cca6   0x0003cca6   0x00000002   PAD
    0x0003cca8   0x0003cca8   0x00000006   Data   RO         6014    .conststrlit        nrfx_saadc.o
    0x0003ccae   0x0003ccae   0x00000002   PAD
    0x0003ccb0   0x0003ccb0   0x00000006   Data   RO         6176    .conststrlit        nrfx_timer.o
    0x0003ccb6   0x0003ccb6   0x00000002   PAD
    0x0003ccb8   0x0003ccb8   0x00000004   Data   RO         6327    .conststrlit        nrfx_wdt.o
    0x0003ccbc   0x0003ccbc   0x0000000b   Data   RO         6408    .conststrlit        app_button.o
    0x0003ccc7   0x0003ccc7   0x00000001   PAD
    0x0003ccc8   0x0003ccc8   0x0000000a   Data   RO         6666    .conststrlit        app_timer2.o
    0x0003ccd2   0x0003ccd2   0x00000002   PAD
    0x0003ccd4   0x0003ccd4   0x0000000d   Data   RO         8033    .conststrlit        nrf_fstorage.o
    0x0003cce1   0x0003cce1   0x00000003   PAD
    0x0003cce4   0x0003cce4   0x00000009   Data   RO         8333    .conststrlit        nrf_pwr_mgmt.o
    0x0003cced   0x0003cced   0x00000003   PAD
    0x0003ccf0   0x0003ccf0   0x00000009   Data   RO         8505    .conststrlit        nrf_sortlist.o
    0x0003ccf9   0x0003ccf9   0x00000003   PAD
    0x0003ccfc   0x0003ccfc   0x00000008   Data   RO         9111    .conststrlit        nrf_sdh.o
    0x0003cd04   0x0003cd04   0x0000000c   Data   RO         9231    .conststrlit        nrf_sdh_ble.o
    0x0003cd10   0x0003cd10   0x0000000c   Data   RO         9285    .conststrlit        nrf_sdh_soc.o
    0x0003cd1c   0x0003cd1c   0x00000008   Data   RO         9324    .conststrlit        ble_nus.o
    0x0003cd24   0x0003cd24   0x00000021   Data   RO         9572    .conststrlit        nrf_log_default_backends.o
    0x0003cd45   0x0003cd45   0x00000003   PAD
    0x0003cd48   0x0003cd48   0x00000004   Data   RO         9647    .conststrlit        nrf_log_frontend.o
    0x0003cd4c   0x0003cd4c   0x00000020   Data   RO        12809    Region$$Table       anon$$obj.o
    0x0003cd6c   0x0003cd6c   0x00000020   Data   RO         9574    log_backends        nrf_log_default_backends.o
    0x0003cd8c   0x0003cd8c   0x00000008   Data   RO         2609    log_const_data      gatt_cache_manager.o
    0x0003cd94   0x0003cd94   0x00000008   Data   RO         2786    log_const_data      gatts_cache_manager.o
    0x0003cd9c   0x0003cd9c   0x00000008   Data   RO         2898    log_const_data      id_manager.o
    0x0003cda4   0x0003cda4   0x00000008   Data   RO         3062    log_const_data      nrf_ble_gatt.o
    0x0003cdac   0x0003cdac   0x00000008   Data   RO         3252    log_const_data      peer_data_storage.o
    0x0003cdb4   0x0003cdb4   0x00000008   Data   RO         3427    log_const_data      peer_database.o
    0x0003cdbc   0x0003cdbc   0x00000008   Data   RO         3704    log_const_data      peer_manager.o
    0x0003cdc4   0x0003cdc4   0x00000008   Data   RO         4000    log_const_data      peer_manager_handler.o
    0x0003cdcc   0x0003cdcc   0x00000008   Data   RO         4177    log_const_data      security_dispatcher.o
    0x0003cdd4   0x0003cdd4   0x00000008   Data   RO         4364    log_const_data      security_manager.o
    0x0003cddc   0x0003cddc   0x00000008   Data   RO         4572    log_const_data      nrf_drv_clock.o
    0x0003cde4   0x0003cde4   0x00000008   Data   RO         4938    log_const_data      nrfx_clock.o
    0x0003cdec   0x0003cdec   0x00000008   Data   RO         5141    log_const_data      nrfx_gpiote.o
    0x0003cdf4   0x0003cdf4   0x00000008   Data   RO         5460    log_const_data      nrfx_prs.o
    0x0003cdfc   0x0003cdfc   0x00000008   Data   RO         5549    log_const_data      nrfx_uart.o
    0x0003ce04   0x0003ce04   0x00000008   Data   RO         5797    log_const_data      nrfx_uarte.o
    0x0003ce0c   0x0003ce0c   0x00000008   Data   RO         6015    log_const_data      nrfx_saadc.o
    0x0003ce14   0x0003ce14   0x00000008   Data   RO         6177    log_const_data      nrfx_timer.o
    0x0003ce1c   0x0003ce1c   0x00000008   Data   RO         6329    log_const_data      nrfx_wdt.o
    0x0003ce24   0x0003ce24   0x00000008   Data   RO         6410    log_const_data      app_button.o
    0x0003ce2c   0x0003ce2c   0x00000008   Data   RO         6668    log_const_data      app_timer2.o
    0x0003ce34   0x0003ce34   0x00000008   Data   RO         8034    log_const_data      nrf_fstorage.o
    0x0003ce3c   0x0003ce3c   0x00000008   Data   RO         8335    log_const_data      nrf_pwr_mgmt.o
    0x0003ce44   0x0003ce44   0x00000008   Data   RO         8506    log_const_data      nrf_sortlist.o
    0x0003ce4c   0x0003ce4c   0x00000008   Data   RO         9113    log_const_data      nrf_sdh.o
    0x0003ce54   0x0003ce54   0x00000008   Data   RO         9233    log_const_data      nrf_sdh_ble.o
    0x0003ce5c   0x0003ce5c   0x00000008   Data   RO         9286    log_const_data      nrf_sdh_soc.o
    0x0003ce64   0x0003ce64   0x00000008   Data   RO         9325    log_const_data      ble_nus.o
    0x0003ce6c   0x0003ce6c   0x00000008   Data   RO         9649    log_const_data      nrf_log_frontend.o
    0x0003ce74   0x0003ce74   0x00000014   Data   RO         9650    nrf_balloc          nrf_log_frontend.o
    0x0003ce88   0x0003ce88   0x00000028   Data   RO          988    nrf_queue           model_data_trs.o
    0x0003ceb0   0x0003ceb0   0x00000028   Data   RO         1281    nrf_queue           model_cmd_act.o
    0x0003ced8   0x0003ced8   0x00000008   Data   RO         2347    sdh_ble_observers0  ble_conn_state.o
    0x0003cee0   0x0003cee0   0x00000008   Data   RO          396    sdh_ble_observers1  model_ble.o
    0x0003cee8   0x0003cee8   0x00000008   Data   RO         2237    sdh_ble_observers1  ble_conn_params.o
    0x0003cef0   0x0003cef0   0x00000008   Data   RO         3705    sdh_ble_observers1  peer_manager.o
    0x0003cef8   0x0003cef8   0x00000008   Data   RO        10373    sdh_ble_observers1  bsp_btn_ble.o
    0x0003cf00   0x0003cf00   0x00000018   Data   RO          397    sdh_ble_observers2  model_ble.o
    0x0003cf18   0x0003cf18   0x00000008   Data   RO          398    sdh_ble_observers3  model_ble.o
    0x0003cf20   0x0003cf20   0x00000008   Data   RO         8135    sdh_req_observers0  nrf_fstorage_sd.o
    0x0003cf28   0x0003cf28   0x00000008   Data   RO         4573    sdh_soc_observers0  nrf_drv_clock.o
    0x0003cf30   0x0003cf30   0x00000008   Data   RO         8136    sdh_soc_observers0  nrf_fstorage_sd.o
    0x0003cf38   0x0003cf38   0x00000008   Data   RO         9234    sdh_stack_observers0  nrf_sdh_ble.o
    0x0003cf40   0x0003cf40   0x00000008   Data   RO         9287    sdh_stack_observers0  nrf_sdh_soc.o
    0x0003cf48   0x0003cf48   0x00000008   Data   RO         4574    sdh_state_observers0  nrf_drv_clock.o
    0x0003cf50   0x0003cf50   0x00000008   Data   RO         8137    sdh_state_observers0  nrf_fstorage_sd.o


    Execution Region RW_IRAM1 (Exec base: 0x20003b00, Load base: 0x0003cf58, Size: 0x00003d70, Max: 0x0001c500, ABSOLUTE, COMPRESSED[0x00000464])

    Exec Addr    Load Addr    Size         Type   Attr      Idx    E Section Name        Object

    0x20003b00   COMPRESSED   0x00000014   Data   RW            7    .data               main.o
    0x20003b14   COMPRESSED   0x000003e4   Data   RW          352    .data               event_id.o
    0x20003ef8   COMPRESSED   0x00000072   Data   RW          395    .data               model_ble.o
    0x20003f6a   COMPRESSED   0x00000006   PAD
    0x20003f70   COMPRESSED   0x0000002e   Data   RW          703    .data               user_hardware.o
    0x20003f9e   COMPRESSED   0x00000002   PAD
    0x20003fa0   COMPRESSED   0x00000028   Data   RW          880    .data               model_calendar.o
    0x20003fc8   COMPRESSED   0x00000028   Data   RW          987    .data               model_data_trs.o
    0x20003ff0   COMPRESSED   0x00000098   Data   RW         1280    .data               model_cmd_act.o
    0x20004088   COMPRESSED   0x00000001   Data   RW         1545    .data               model_bond.o
    0x20004089   COMPRESSED   0x00000003   PAD
    0x2000408c   COMPRESSED   0x00000055   Data   RW         1847    .data               hal_flash.o
    0x200040e1   COMPRESSED   0x00000001   PAD
    0x200040e2   COMPRESSED   0x00000008   Data   RW         2236    .data               ble_conn_params.o
    0x200040ea   COMPRESSED   0x00000002   PAD
    0x200040ec   COMPRESSED   0x00000013   Data   RW         2608    .data               gatt_cache_manager.o
    0x200040ff   COMPRESSED   0x00000001   PAD
    0x20004100   COMPRESSED   0x0000000a   Data   RW         2785    .data               gatts_cache_manager.o
    0x2000410a   COMPRESSED   0x00000002   PAD
    0x2000410c   COMPRESSED   0x0000000c   Data   RW         3251    .data               peer_data_storage.o
    0x20004118   COMPRESSED   0x00000008   Data   RW         3426    .data               peer_database.o
    0x20004120   COMPRESSED   0x00000010   Data   RW         3703    .data               peer_manager.o
    0x20004130   COMPRESSED   0x000000d8   Data   RW         3999    .data               peer_manager_handler.o
    0x20004208   COMPRESSED   0x00000005   Data   RW         4176    .data               security_dispatcher.o
    0x2000420d   COMPRESSED   0x00000003   PAD
    0x20004210   COMPRESSED   0x00000018   Data   RW         4363    .data               security_manager.o
    0x20004228   COMPRESSED   0x00000012   Data   RW         4724    .data               nrf_drv_uart.o
    0x2000423a   COMPRESSED   0x00000002   PAD
    0x2000423c   COMPRESSED   0x00000008   Data   RW         4937    .data               nrfx_clock.o
    0x20004244   COMPRESSED   0x00000008   Data   RW         5459    .data               nrfx_prs.o
    0x2000424c   COMPRESSED   0x00000008   Data   RW         6328    .data               nrfx_wdt.o
    0x20004254   COMPRESSED   0x00000004   PAD
    0x20004258   COMPRESSED   0x00000024   Data   RW         6667    .data               app_timer2.o
    0x2000427c   COMPRESSED   0x0000000c   Data   RW         6938    .data               drv_rtc.o
    0x20004288   COMPRESSED   0x00000030   Data   RW         7200    .data               fds.o
    0x200042b8   COMPRESSED   0x00000008   Data   RW         8134    .data               nrf_fstorage_sd.o
    0x200042c0   COMPRESSED   0x00000009   Data   RW         8334    .data               nrf_pwr_mgmt.o
    0x200042c9   COMPRESSED   0x00000003   Data   RW         9112    .data               nrf_sdh.o
    0x200042cc   COMPRESSED   0x00000001   Data   RW         9232    .data               nrf_sdh_ble.o
    0x200042cd   COMPRESSED   0x00000001   Data   RW         9402    .data               nrf_log_backend_rtt.o
    0x200042ce   COMPRESSED   0x00000002   PAD
    0x200042d0   COMPRESSED   0x00000016   Data   RW         9507    .data               nrf_log_backend_uart.o
    0x200042e6   COMPRESSED   0x00000002   PAD
    0x200042e8   COMPRESSED   0x00000010   Data   RW         9573    .data               nrf_log_default_backends.o
    0x200042f8   COMPRESSED   0x00000014   Data   RW         9648    .data               nrf_log_frontend.o
    0x2000430c   COMPRESSED   0x00000040   Data   RW         9826    .data               nrf_log_str_formatter.o
    0x2000434c   COMPRESSED   0x00000008   Data   RW        10372    .data               bsp_btn_ble.o
    0x20004354   COMPRESSED   0x00000004   Data   RW        10868    .data               system_nrf52.o
    0x20004358   COMPRESSED   0x00000014   Data   RW         7201    fs_data             fds.o
    0x2000436c        -       0x000000a0   Zero   RW          393    .bss                model_ble.o
    0x2000440c        -       0x00000228   Zero   RW          984    .bss                model_data_trs.o
    0x20004634        -       0x000001e0   Zero   RW         1277    .bss                model_cmd_act.o
    0x20004814   COMPRESSED   0x00000004   PAD
    0x20004818        -       0x00000084   Zero   RW         2235    .bss                ble_conn_params.o
    0x2000489c        -       0x0000007c   Zero   RW         2346    .bss                ble_conn_state.o
    0x20004918        -       0x000000d8   Zero   RW         2893    .bss                id_manager.o
    0x200049f0        -       0x00000180   Zero   RW         3422    .bss                peer_database.o
    0x20004b70        -       0x00000040   Zero   RW         3567    .bss                peer_id.o
    0x20004bb0        -       0x0000000c   Zero   RW         3699    .bss                peer_manager.o
    0x20004bbc        -       0x00000040   Zero   RW         4172    .bss                security_dispatcher.o
    0x20004bfc        -       0x00000014   Zero   RW         4569    .bss                nrf_drv_clock.o
    0x20004c10        -       0x00000068   Zero   RW         5138    .bss                nrfx_gpiote.o
    0x20004c78        -       0x0000002c   Zero   RW         5546    .bss                nrfx_uart.o
    0x20004ca4        -       0x00000048   Zero   RW         5794    .bss                nrfx_uarte.o
    0x20004cec        -       0x00000030   Zero   RW         6012    .bss                nrfx_saadc.o
    0x20004d1c        -       0x0000000c   Zero   RW         6174    .bss                nrfx_timer.o
    0x20004d28        -       0x00000020   Zero   RW         6502    .bss                app_error.o
    0x20004d48        -       0x00000068   Zero   RW         6664    .bss                app_timer2.o
    0x20004db0        -       0x0000000c   Zero   RW         6807    .bss                app_util_platform.o
    0x20004dbc        -       0x00000128   Zero   RW         7198    .bss                fds.o
    0x20004ee4        -       0x000000b0   Zero   RW         8132    .bss                nrf_fstorage_sd.o
    0x20004f94        -       0x0000000c   Zero   RW         8331    .bss                nrf_pwr_mgmt.o
    0x20004fa0        -       0x00000040   Zero   RW         9400    .bss                nrf_log_backend_rtt.o
    0x20004fe0        -       0x00000080   Zero   RW         9504    .bss                nrf_log_backend_uart.o
    0x20005060        -       0x00000578   Zero   RW         9645    .bss                nrf_log_frontend.o
    0x200055d8        -       0x00000288   Zero   RW         9903    .bss                segger_rtt.o
    0x20005860        -       0x0000000c   Zero   RW        10267    .bss                bsp.o
    0x2000586c   COMPRESSED   0x00000004   PAD
    0x20005870        -       0x00002000   Zero   RW        10473    STACK               arm_startup_nrf52833.o


==============================================================================

Image component sizes


      Code (inc. data)   RO Data    RW Data    ZI Data      Debug   Object Name

         0          0         19          0          0       6371   app_button.o
       136          4          0          0         32       3518   app_error.o
        26          0          0          0          0        576   app_error_handler_keil.o
       456        194          0          0          0       4902   app_error_weak.o
         0          0          0          0          0      37166   app_scheduler.o
      1336        120         38         36        104      19633   app_timer2.o
       200         24          0          0         12      11534   app_util_platform.o
        36          8        512          0       8192        940   arm_startup_nrf52833.o
      1638          0          0          0          0      54103   ble_advdata.o
       936         56          8          8        132      12119   ble_conn_params.o
      1022        146          8          0        124      19811   ble_conn_state.o
       108          0          0          0          0       1616   ble_link_ctx_manager.o
      1078        222         32          0          0       7528   ble_nus.o
       676          6          0          0          0      41313   ble_srv_common.o
        92          6          0          0         12       7308   bsp.o
       288          8          8          8          0       3860   bsp_btn_ble.o
       104          0          0          0          0       3976   data_transfer.o
      1010         98          6         12          0      53525   drv_rtc.o
         0          0       6415        996          0       1329   event_id.o
      5312        488         24         68        296      64038   fds.o
      2614        620        553         19          0      36711   gatt_cache_manager.o
      1048        146        462         10          0      17391   gatts_cache_manager.o
      2222        570          0         85          0       8299   hal_flash.o
       344         42         11          0          0      12930   hal_gpio.o
       260         76         13          0          0      13195   hal_saadc.o
       286         64          0          0          0       6079   hal_timer.o
       160         46         24          0          0       3256   hal_watchdog.o
      1090         34         32          0        216      18239   id_manager.o
      1280        464         38         20          0     189469   main.o
      4336       1600         44        114        160      52307   model_ble.o
      1052        322          0          1          0      12194   model_bond.o
       468         50          4         40          0       7943   model_calendar.o
      2678        648        331        152        480      22306   model_cmd_act.o
       980        300         44         40        552      11024   model_data_trs.o
        76         34          0          0          0       1007   model_log.o
       136          0          0          0          0       2256   model_user_protocol.o
       374          0          0          0          0       6848   nrf_atfifo.o
       232          0          0          0          0       5052   nrf_atflags.o
       444          0          0          0          0      10472   nrf_atomic.o
       218          0          0          0          0       3871   nrf_balloc.o
      2098        788        361          0          0      40305   nrf_ble_gatt.o
       390          0          0          0          0       6313   nrf_ble_qwr.o
       440         52         30          0         20      44936   nrf_drv_clock.o
       252         42          0         18          0      17900   nrf_drv_uart.o
        70          0          0          0          0       3637   nrf_fprintf.o
      1030          6         16          0          0       7258   nrf_fprintf_format.o
      1216        430        194          0          0       8280   nrf_fstorage.o
      1118        118         72          8        176      19439   nrf_fstorage_sd.o
       176         16         22          1         64       6633   nrf_log_backend_rtt.o
       242          0          0          0          0      11033   nrf_log_backend_serial.o
       358         62        114         22        128      16250   nrf_log_backend_uart.o
        64          8         65         16          0       3949   nrf_log_default_backends.o
      2506        158         44         20       1400      36833   nrf_log_frontend.o
       626        112        102         64          0       6096   nrf_log_str_formatter.o
       514          0          0          0          0       9803   nrf_memobj.o
       498         54         53          9         12      51762   nrf_pwr_mgmt.o
       460          0          0          0          0       6133   nrf_queue.o
        28          0          0          0          0       2383   nrf_ringbuf.o
       994        210        104          3          0      45466   nrf_sdh.o
       972        304        539          1          0       6607   nrf_sdh_ble.o
       152         68         56          0          0       2728   nrf_sdh_soc.o
       112          0          0          0          0       2864   nrf_section_iter.o
       110          0         17          0          0       4097   nrf_sortlist.o
        92         10        870          0          0       2795   nrf_strerror.o
       408         32         14          8          0      49260   nrfx_clock.o
      2066        156         81          0        104      75925   nrfx_gpiote.o
       140         14         12          8          0       4616   nrfx_prs.o
      1276         78        184          0         48      23723   nrfx_saadc.o
       686         40         14          0         12      20600   nrfx_timer.o
      1728         60         59          0         44      39080   nrfx_uart.o
      1754         68         66          0         72      35983   nrfx_uarte.o
       416         62         12          8          0       9080   nrfx_wdt.o
      1496        150        281         12          0      23087   peer_data_storage.o
      1838        276        425          8        384      23194   peer_database.o
       438         52          0          0         64      10655   peer_id.o
      2518        546        217         16         12      25789   peer_manager.o
      2676        940       1076        216          0      10727   peer_manager_handler.o
       330          0          0          0          0       6599   pm_buffer.o
       172         58          0          0          0       2980   power.o
      2368        290        835          5         64      32527   security_dispatcher.o
      1778        164        408         24          0      56590   security_manager.o
       470         44          0          0        648       8581   segger_rtt.o
       720         66          0          4          0      36676   system_nrf52.o
      1350        404        121         46          0      41788   user_hardware.o

    ----------------------------------------------------------------------
     74010      12334      15248       2156      13572    1696975   Object Totals
         0          0         32          0          0          0   (incl. Generated)
       112          0        126         30          8          0   (incl. Padding)

    ----------------------------------------------------------------------

      Code (inc. data)   RO Data    RW Data    ZI Data      Debug   Library Member Name

        94          0          0          0          0          0   __dclz77c.o
         8          4        133          0          0         68   ctype_o.o
         0          0          0          0          0          0   entry.o
         0          0          0          0          0          0   entry10a.o
         0          0          0          0          0          0   entry11a.o
         4          0          0          0          0          0   entry12b.o
         8          4          0          0          0          0   entry2.o
         4          0          0          0          0          0   entry5.o
         0          0          0          0          0          0   entry7b.o
         0          0          0          0          0          0   entry8b.o
         8          4          0          0          0          0   entry9a.o
        30          0          0          0          0          0   handlers.o
        36          8          0          0          0         68   init.o
        30          0          0          0          0         68   llshl.o
        32          0          0          0          0         68   llushr.o
        26          0          0          0          0         80   memcmp.o
        36          0          0          0          0         68   memcpya.o
        36          0          0          0          0        108   memseta.o
        18          0          0          0          0         68   strcpy.o
        14          0          0          0          0         68   strlen.o
        30          0          0          0          0         80   strncmp.o
        24          0          0          0          0         76   strncpy.o
        12          0          0          0          0         68   tolower.o
        98          0          0          0          0         92   uldiv.o

    ----------------------------------------------------------------------
       550         20        136          0          0        980   Library Totals
         2          0          3          0          0          0   (incl. Padding)

    ----------------------------------------------------------------------

      Code (inc. data)   RO Data    RW Data    ZI Data      Debug   Library Name

       548         20        133          0          0        980   mc_w.l

    ----------------------------------------------------------------------
       550         20        136          0          0        980   Library Totals

    ----------------------------------------------------------------------

==============================================================================


      Code (inc. data)   RO Data    RW Data    ZI Data      Debug   

     74560      12354      15384       2156      13572    1612075   Grand Totals
     74560      12354      15384       1124      13572    1612075   ELF Image Totals (compressed)
     74560      12354      15384       1124          0          0   ROM Totals

==============================================================================

    Total RO  Size (Code + RO Data)                89944 (  87.84kB)
    Total RW  Size (RW Data + ZI Data)             15728 (  15.36kB)
    Total ROM Size (Code + RO Data + RW Data)      91068 (  88.93kB)

==============================================================================

