Component: ARM Compiler 5.06 update 7 (build 960) Tool: armlink [4d3601]

==============================================================================

Section Cross References

    main.o(i.main) refers to hal_timer.o(i.apptimer_init) for apptimer_init
    main.o(i.main) refers to model_calendar.o(i.app_timer_init_calendar) for app_timer_init_calendar
    main.o(i.main) refers to model_data_trs.o(i.app_timer_init_data_trs) for app_timer_init_data_trs
    main.o(i.main) refers to power.o(i.power_management_init) for power_management_init
    main.o(i.main) refers to nrf_log_frontend.o(i.nrf_log_frontend_std_0) for nrf_log_frontend_std_0
    main.o(i.main) refers to user_hardware.o(i.watchdog_module_init) for watchdog_module_init
    main.o(i.main) refers to model_ble.o(i.ble_init) for ble_init
    main.o(i.main) refers to power.o(i.power_reset_reason_get) for power_reset_reason_get
    main.o(i.main) refers to nrf_log_frontend.o(i.nrf_log_frontend_std_1) for nrf_log_frontend_std_1
    main.o(i.main) refers to memseta.o(.text) for __aeabi_memset
    main.o(i.main) refers to model_bond.o(i.local_addr_get) for local_addr_get
    main.o(i.main) refers to nrf_log_frontend.o(i.nrf_log_frontend_std_6) for nrf_log_frontend_std_6
    main.o(i.main) refers to model_bond.o(i.is_bonded) for is_bonded
    main.o(i.main) refers to model_calendar.o(i.app_timer_start_calendar) for app_timer_start_calendar
    main.o(i.main) refers to user_hardware.o(i.peri_on_board_init) for peri_on_board_init
    main.o(i.main) refers to model_ble.o(i.advertising_start) for advertising_start
    main.o(i.main) refers to power.o(i.IDLE_ENTER) for IDLE_ENTER
    main.o(i.main) refers to model_cmd_act.o(i.cmd_queue_is_empty) for cmd_queue_is_empty
    main.o(i.main) refers to model_cmd_act.o(i.rsp_queue_is_empty) for rsp_queue_is_empty
    main.o(i.main) refers to model_data_trs.o(i.door_data_queue_is_empty) for door_data_queue_is_empty
    main.o(i.main) refers to model_cmd_act.o(i.cmd_queue_pop) for cmd_queue_pop
    main.o(i.main) refers to nrf_log_frontend.o(i.nrf_log_frontend_hexdump) for nrf_log_frontend_hexdump
    main.o(i.main) refers to model_cmd_act.o(i.cmd_jump) for cmd_jump
    main.o(i.main) refers to model_cmd_act.o(i.rsp_queue_pop) for rsp_queue_pop
    main.o(i.main) refers to model_cmd_act.o(i.rsp_jump) for rsp_jump
    main.o(i.main) refers to model_data_trs.o(i.data_sending_procedure) for data_sending_procedure
    main.o(i.main) refers to power.o(i.SHUTDOWN_TO) for SHUTDOWN_TO
    main.o(i.main) refers to nrf_log_frontend.o(log_const_data) for m_nrf_log_app_logs_data_const
    main.o(i.main) refers to user_hardware.o(.data) for g_door_event_number
    main.o(i.main) refers to main.o(.data) for g_sm
    main.o(i.main) refers to main.o(.constdata) for .constdata
    main.o(.data) refers to main.o(.conststring) for .conststring
    event_id.o(.data) refers to event_id.o(.conststring) for .conststring
    model_ble.o(i.advertising_init) refers to memseta.o(.text) for __aeabi_memclr4
    model_ble.o(i.advertising_init) refers to ble_advdata.o(i.ble_advdata_encode) for ble_advdata_encode
    model_ble.o(i.advertising_init) refers to app_error_handler_keil.o(.emb_text) for app_error_handler
    model_ble.o(i.advertising_init) refers to model_ble.o(.data) for m_adv_uuids
    model_ble.o(i.advertising_start) refers to app_error_handler_keil.o(.emb_text) for app_error_handler
    model_ble.o(i.advertising_start) refers to nrf_log_frontend.o(i.nrf_log_frontend_std_0) for nrf_log_frontend_std_0
    model_ble.o(i.advertising_start) refers to model_ble.o(.data) for m_adv_handle
    model_ble.o(i.advertising_start) refers to nrf_log_frontend.o(log_const_data) for m_nrf_log_app_logs_data_const
    model_ble.o(i.app_timer_handler_auth_timeout) refers to nrf_log_frontend.o(i.nrf_log_frontend_std_0) for nrf_log_frontend_std_0
    model_ble.o(i.app_timer_handler_auth_timeout) refers to app_error_handler_keil.o(.emb_text) for app_error_handler
    model_ble.o(i.app_timer_handler_auth_timeout) refers to nrf_log_frontend.o(log_const_data) for m_nrf_log_app_logs_data_const
    model_ble.o(i.app_timer_handler_auth_timeout) refers to main.o(.data) for g_sm
    model_ble.o(i.assert_nrf_callback) refers to app_error_handler_keil.o(.emb_text) for app_error_handler
    model_ble.o(i.auth_request) refers to memcpya.o(.text) for __aeabi_memcpy4
    model_ble.o(i.auth_request) refers to model_ble.o(i.ble_data_send) for ble_data_send
    model_ble.o(i.auth_request) refers to nrf_log_frontend.o(i.nrf_log_frontend_hexdump) for nrf_log_frontend_hexdump
    model_ble.o(i.auth_request) refers to nrf_log_frontend.o(log_const_data) for m_nrf_log_app_logs_data_const
    model_ble.o(i.ble_data_send) refers to ble_nus.o(i.ble_nus_data_send) for ble_nus_data_send
    model_ble.o(i.ble_data_send) refers to model_ble.o(.data) for m_nus
    model_ble.o(i.ble_evt_handler) refers to ble_conn_state.o(i.ble_conn_state_role) for ble_conn_state_role
[...]
    0x0002e42c   0x0002e42c   0x00000058   Code   RO         1534    i.local_addr_get    model_bond.o
    0x0002e484   0x0002e484   0x00000090   Code   RO         1246    i.local_addr_query_handler  model_cmd_act.o
    0x0002e514   0x0002e514   0x000000c4   Code   RO         2630    i.local_db_apply_in_evt  gatt_cache_manager.o
    0x0002e5d8   0x0002e5d8   0x00000018   Code   RO         2631    i.local_db_update   gatt_cache_manager.o
    0x0002e5f0   0x0002e5f0   0x00000128   Code   RO         2632    i.local_db_update_in_evt  gatt_cache_manager.o
    0x0002e718   0x0002e718   0x000000cc   Code   RO         9661    i.log_skip          nrf_log_frontend.o
    0x0002e7e4   0x0002e7e4   0x000004d0   Code   RO            4    i.main              main.o
    0x0002ecb4   0x0002ecb4   0x00000076   Code   RO         1937    i.manuf_specific_data_encode  ble_advdata.o
    0x0002ed2a   0x0002ed2a   0x000000ca   Code   RO         8284    i.memobj_op         nrf_memobj.o
    0x0002edf4   0x0002edf4   0x00000038   Code   RO         9662    i.module_idx_get    nrf_log_frontend.o
    0x0002ee2c   0x0002ee2c   0x00000026   Code   RO         4122    i.mutex_lock        pm_buffer.o
    0x0002ee52   0x0002ee52   0x00000020   Code   RO         4123    i.mutex_lock_status_get  pm_buffer.o
    0x0002ee72   0x0002ee72   0x00000020   Code   RO         4124    i.mutex_unlock      pm_buffer.o
    0x0002ee92   0x0002ee92   0x000000c8   Code   RO         1938    i.name_encode       ble_advdata.o
    0x0002ef5a   0x0002ef5a   0x00000002   PAD
    0x0002ef5c   0x0002ef5c   0x00000020   Code   RO         4378    i.new_context_get   security_manager.o
    0x0002ef7c   0x0002ef7c   0x00000032   Code   RO         4379    i.new_evt           security_manager.o
    0x0002efae   0x0002efae   0x00000034   Code   RO         3593    i.next_id_get       peer_id.o
    0x0002efe2   0x0002efe2   0x00000002   PAD
    0x0002efe4   0x0002efe4   0x00000034   Code   RO        10634    i.nrf52_errata_136  system_nrf52.o
    0x0002f018   0x0002f018   0x00000034   Code   RO        10722    i.nrf52_errata_249  system_nrf52.o
    0x0002f04c   0x0002f04c   0x00000034   Code   RO        10737    i.nrf52_errata_36   system_nrf52.o
    0x0002f080   0x0002f080   0x00000034   Code   RO        10760    i.nrf52_errata_66   system_nrf52.o
    0x0002f0b4   0x0002f0b4   0x00000016   Code   RO         7650    i.nrf_atfifo_clear  nrf_atfifo.o
    0x0002f0ca   0x0002f0ca   0x00000028   Code   RO         7652    i.nrf_atfifo_init   nrf_atfifo.o
    0x0002f0f2   0x0002f0f2   0x0000001c   Code   RO         7653    i.nrf_atfifo_item_alloc  nrf_atfifo.o
    0x0002f10e   0x0002f10e   0x0000001c   Code   RO         7654    i.nrf_atfifo_item_free  nrf_atfifo.o
    0x0002f12a   0x0002f12a   0x0000001c   Code   RO         7655    i.nrf_atfifo_item_get  nrf_atfifo.o
    0x0002f146   0x0002f146   0x0000001c   Code   RO         7656    i.nrf_atfifo_item_put  nrf_atfifo.o
    0x0002f162   0x0002f162   0x0000001e   Code   RO         7721    i.nrf_atflags_clear  nrf_atflags.o
    0x0002f180   0x0002f180   0x0000002e   Code   RO         7723    i.nrf_atflags_fetch_set  nrf_atflags.o
    0x0002f1ae   0x0002f1ae   0x00000060   Code   RO         7725    i.nrf_atflags_find_and_set_flag  nrf_atflags.o
    0x0002f20e   0x0002f20e   0x0000001e   Code   RO         7726    i.nrf_atflags_get   nrf_atflags.o
    0x0002f22c   0x0002f22c   0x0000001e   Code   RO         7728    i.nrf_atflags_set   nrf_atflags.o
    0x0002f24a   0x0002f24a   0x0000000e   Code   RO         7789    i.nrf_atomic_flag_clear_fetch  nrf_atomic.o
    0x0002f258   0x0002f258   0x0000000e   Code   RO         7790    i.nrf_atomic_flag_set  nrf_atomic.o
    0x0002f266   0x0002f266   0x0000000e   Code   RO         7791    i.nrf_atomic_flag_set_fetch  nrf_atomic.o
    0x0002f274   0x0002f274   0x00000016   Code   RO         7792    i.nrf_atomic_u32_add  nrf_atomic.o
    0x0002f28a   0x0002f28a   0x00000016   Code   RO         7793    i.nrf_atomic_u32_and  nrf_atomic.o
    0x0002f2a0   0x0002f2a0   0x00000016   Code   RO         7795    i.nrf_atomic_u32_fetch_add  nrf_atomic.o
    0x0002f2b6   0x0002f2b6   0x00000016   Code   RO         7796    i.nrf_atomic_u32_fetch_and  nrf_atomic.o
    0x0002f2cc   0x0002f2cc   0x00000016   Code   RO         7797    i.nrf_atomic_u32_fetch_or  nrf_atomic.o
    0x0002f2e2   0x0002f2e2   0x00000016   Code   RO         7798    i.nrf_atomic_u32_fetch_store  nrf_atomic.o
    0x0002f2f8   0x0002f2f8   0x00000016   Code   RO         7802    i.nrf_atomic_u32_or  nrf_atomic.o
    0x0002f30e   0x0002f30e   0x00000016   Code   RO         7804    i.nrf_atomic_u32_sub  nrf_atomic.o
    0x0002f324   0x0002f324   0x00000052   Code   RO         7926    i.nrf_balloc_alloc  nrf_balloc.o
    0x0002f376   0x0002f376   0x00000010   Code   RO         7927    i.nrf_balloc_block2idx  nrf_balloc.o
    0x0002f386   0x0002f386   0x00000030   Code   RO         7928    i.nrf_balloc_free   nrf_balloc.o
    0x0002f3b6   0x0002f3b6   0x0000000c   Code   RO         7929    i.nrf_balloc_idx2block  nrf_balloc.o
    0x0002f3c2   0x0002f3c2   0x00000016   Code   RO         5121    i.nrf_bitmask_bit_is_set  nrfx_gpiote.o
    0x0002f3d8   0x0002f3d8   0x0000001e   Code   RO         3084    i.nrf_ble_gatt_att_mtu_periph_set  nrf_ble_gatt.o
    0x0002f3f6   0x0002f3f6   0x00000034   Code   RO         3088    i.nrf_ble_gatt_init  nrf_ble_gatt.o
    0x0002f42a   0x0002f42a   0x00000002   PAD
    0x0002f42c   0x0002f42c   0x0000012c   Code   RO         3089    i.nrf_ble_gatt_on_ble_evt  nrf_ble_gatt.o
    0x0002f558   0x0002f558   0x00000020   Code   RO         3203    i.nrf_ble_qwr_conn_handle_assign  nrf_ble_qwr.o
    0x0002f578   0x0002f578   0x00000032   Code   RO         3204    i.nrf_ble_qwr_init  nrf_ble_qwr.o
    0x0002f5aa   0x0002f5aa   0x0000007c   Code   RO         3205    i.nrf_ble_qwr_on_ble_evt  nrf_ble_qwr.o
    0x0002f626   0x0002f626   0x00000012   Code   RO         4953    i.nrf_clock_event_check  nrfx_clock.o
    0x0002f638   0x0002f638   0x00000012   Code   RO         4954    i.nrf_clock_event_clear  nrfx_clock.o
    0x0002f64a   0x0002f64a   0x00000002   PAD
    0x0002f64c   0x0002f64c   0x0000000c   Code   RO         4955    i.nrf_clock_int_disable  nrfx_clock.o
    0x0002f658   0x0002f658   0x00000008   Code   RO         4957    i.nrf_clock_task_trigger  nrfx_clock.o
    0x0002f660   0x0002f660   0x0000004c   Code   RO         4596    i.nrf_drv_clock_init  nrf_drv_clock.o
    0x0002f6ac   0x0002f6ac   0x00000030   Code   RO         4600    i.nrf_drv_clock_lfclk_release  nrf_drv_clock.o
    0x0002f6dc   0x0002f6dc   0x0000008c   Code   RO         4758    i.nrf_drv_uart_init  nrf_drv_uart.o
    0x0002f768   0x0002f768   0x0000002a   Code   RO         7973    i.nrf_fprintf       nrf_fprintf.o
    0x0002f792   0x0002f792   0x0000001c   Code   RO         7974    i.nrf_fprintf_buffer_flush  nrf_fprintf.o
    0x0002f7ae   0x0002f7ae   0x000001f0   Code   RO         8014    i.nrf_fprintf_fmt   nrf_fprintf_format.o
    0x0002f99e   0x0002f99e   0x00000002   PAD
    0x0002f9a0   0x0002f9a0   0x00000170   Code   RO         8060    i.nrf_fstorage_erase  nrf_fstorage.o
    0x0002fb10   0x0002fb10   0x000000ac   Code   RO         8061    i.nrf_fstorage_init  nrf_fstorage.o
    0x0002fbbc   0x0002fbbc   0x0000001c   Code   RO         8154    i.nrf_fstorage_sdh_req_handler  nrf_fstorage_sd.o
    0x0002fbd8   0x0002fbd8   0x0000002c   Code   RO         8155    i.nrf_fstorage_sdh_state_handler  nrf_fstorage_sd.o
    0x0002fc04   0x0002fc04   0x0000008c   Code   RO         8156    i.nrf_fstorage_sys_evt_handler  nrf_fstorage_sd.o
    0x0002fc90   0x0002fc90   0x00000264   Code   RO         8067    i.nrf_fstorage_write  nrf_fstorage.o
    0x0002fef4   0x0002fef4   0x00000034   Code   RO         5122    i.nrf_gpio_cfg      nrfx_gpiote.o
    0x0002ff28   0x0002ff28   0x00000034   Code   RO         5547    i.nrf_gpio_cfg      nrfx_uart.o
    0x0002ff5c   0x0002ff5c   0x00000034   Code   RO         5798    i.nrf_gpio_cfg      nrfx_uarte.o
    0x0002ff90   0x0002ff90   0x00000018   Code   RO         5123    i.nrf_gpio_cfg_default  nrfx_gpiote.o
    0x0002ffa8   0x0002ffa8   0x00000018   Code   RO         5548    i.nrf_gpio_cfg_default  nrfx_uart.o
    0x0002ffc0   0x0002ffc0   0x00000018   Code   RO         5799    i.nrf_gpio_cfg_default  nrfx_uarte.o
    0x0002ffd8   0x0002ffd8   0x0000001a   Code   RO         5549    i.nrf_gpio_cfg_input  nrfx_uart.o
    0x0002fff2   0x0002fff2   0x0000001a   Code   RO         5800    i.nrf_gpio_cfg_input  nrfx_uarte.o
    0x0003000c   0x0003000c   0x00000018   Code   RO         5550    i.nrf_gpio_cfg_output  nrfx_uart.o
    0x00030024   0x00030024   0x00000018   Code   RO         5801    i.nrf_gpio_cfg_output  nrfx_uarte.o
    0x0003003c   0x0003003c   0x0000003a   Code   RO         5124    i.nrf_gpio_cfg_sense_set  nrfx_gpiote.o
    0x00030076   0x00030076   0x00000002   PAD
    0x00030078   0x00030078   0x00000034   Code   RO         5125    i.nrf_gpio_latches_read_and_clear  nrfx_gpiote.o
    0x000300ac   0x000300ac   0x00000020   Code   RO          677    i.nrf_gpio_pin_port_decode  user_hardware.o
    0x000300cc   0x000300cc   0x00000020   Code   RO         5127    i.nrf_gpio_pin_port_decode  nrfx_gpiote.o
    0x000300ec   0x000300ec   0x00000020   Code   RO         5551    i.nrf_gpio_pin_port_decode  nrfx_uart.o
    0x0003010c   0x0003010c   0x00000020   Code   RO         5802    i.nrf_gpio_pin_port_decode  nrfx_uarte.o
    0x0003012c   0x0003012c   0x00000030   Code   RO         5128    i.nrf_gpio_pin_present_check  nrfx_gpiote.o
    0x0003015c   0x0003015c   0x0000001a   Code   RO          678    i.nrf_gpio_pin_read  user_hardware.o
    0x00030176   0x00030176   0x0000001a   Code   RO         5129    i.nrf_gpio_pin_read  nrfx_gpiote.o
    0x00030190   0x00030190   0x0000001a   Code   RO          679    i.nrf_gpio_pin_set  user_hardware.o
    0x000301aa   0x000301aa   0x0000001a   Code   RO         5552    i.nrf_gpio_pin_set  nrfx_uart.o
    0x000301c4   0x000301c4   0x0000001a   Code   RO         5803    i.nrf_gpio_pin_set  nrfx_uarte.o
    0x000301de   0x000301de   0x00000002   PAD
    0x000301e0   0x000301e0   0x0000000c   Code   RO         5131    i.nrf_gpiote_event_addr_get  nrfx_gpiote.o
    0x000301ec   0x000301ec   0x0000001c   Code   RO         5132    i.nrf_gpiote_event_clear  nrfx_gpiote.o
    0x00030208   0x00030208   0x00000016   Code   RO         5133    i.nrf_gpiote_event_is_set  nrfx_gpiote.o
    0x0003021e   0x0003021e   0x00000002   PAD
    0x00030220   0x00030220   0x0000000c   Code   RO         5134    i.nrf_gpiote_int_enable  nrfx_gpiote.o
    0x0003022c   0x0003022c   0x00000010   Code   RO         5136    i.nrf_gpiote_te_default  nrfx_gpiote.o
    0x0003023c   0x0003023c   0x00000002   Code   RO         9435    i.nrf_log_backend_rtt_flush  nrf_log_backend_rtt.o
    0x0003023e   0x0003023e   0x00000002   Code   RO         9437    i.nrf_log_backend_rtt_panic_set  nrf_log_backend_rtt.o
    0x00030240   0x00030240   0x00000020   Code   RO         9438    i.nrf_log_backend_rtt_put  nrf_log_backend_rtt.o
    0x00030260   0x00030260   0x000000f2   Code   RO         9503    i.nrf_log_backend_serial_put  nrf_log_backend_serial.o
    0x00030352   0x00030352   0x00000002   Code   RO         9537    i.nrf_log_backend_uart_flush  nrf_log_backend_uart.o
    0x00030354   0x00030354   0x00000038   Code   RO         9539    i.nrf_log_backend_uart_panic_set  nrf_log_backend_uart.o
    0x0003038c   0x0003038c   0x00000020   Code   RO         9540    i.nrf_log_backend_uart_put  nrf_log_backend_uart.o
    0x000303ac   0x000303ac   0x00000038   Code   RO         9665    i.nrf_log_color_id_get  nrf_log_frontend.o
    0x000303e4   0x000303e4   0x0000031c   Code   RO         9666    i.nrf_log_frontend_dequeue  nrf_log_frontend.o
    0x00030700   0x00030700   0x000000e8   Code   RO         9667    i.nrf_log_frontend_hexdump  nrf_log_frontend.o
    0x000307e8   0x000307e8   0x00000014   Code   RO         9668    i.nrf_log_frontend_std_0  nrf_log_frontend.o
    0x000307fc   0x000307fc   0x00000018   Code   RO         9669    i.nrf_log_frontend_std_1  nrf_log_frontend.o
    0x00030814   0x00030814   0x00000020   Code   RO         9670    i.nrf_log_frontend_std_2  nrf_log_frontend.o
    0x00030834   0x00030834   0x00000028   Code   RO         9671    i.nrf_log_frontend_std_3  nrf_log_frontend.o
    0x0003085c   0x0003085c   0x0000002c   Code   RO         9672    i.nrf_log_frontend_std_4  nrf_log_frontend.o
    0x00030888   0x00030888   0x00000038   Code   RO         9673    i.nrf_log_frontend_std_5  nrf_log_frontend.o
    0x000308c0   0x000308c0   0x0000003c   Code   RO         9674    i.nrf_log_frontend_std_6  nrf_log_frontend.o
    0x000308fc   0x000308fc   0x000000bc   Code   RO         9859    i.nrf_log_hexdump_entry_process  nrf_log_str_formatter.o
    0x000309b8   0x000309b8   0x00000014   Code   RO         9676    i.nrf_log_module_cnt_get  nrf_log_frontend.o
    0x000309cc   0x000309cc   0x00000024   Code   RO         9680    i.nrf_log_module_name_get  nrf_log_frontend.o
    0x000309f0   0x000309f0   0x00000034   Code   RO         9681    i.nrf_log_panic     nrf_log_frontend.o
    0x00030a24   0x00030a24   0x000000c8   Code   RO         9860    i.nrf_log_std_entry_process  nrf_log_str_formatter.o
    0x00030aec   0x00030aec   0x0000007a   Code   RO         8285    i.nrf_memobj_alloc  nrf_memobj.o
    0x00030b66   0x00030b66   0x00000040   Code   RO         8286    i.nrf_memobj_free   nrf_memobj.o
    0x00030ba6   0x00030ba6   0x00000010   Code   RO         8287    i.nrf_memobj_get    nrf_memobj.o
    0x00030bb6   0x00030bb6   0x0000001e   Code   RO         8289    i.nrf_memobj_put    nrf_memobj.o
    0x00030bd4   0x00030bd4   0x00000022   Code   RO         8290    i.nrf_memobj_read   nrf_memobj.o
    0x00030bf6   0x00030bf6   0x00000022   Code   RO         8291    i.nrf_memobj_write  nrf_memobj.o
    0x00030c18   0x00030c18   0x00000016   Code   RO         2633    i.nrf_mtx_unlock    gatt_cache_manager.o
    0x00030c2e   0x00030c2e   0x00000016   Code   RO         8362    i.nrf_mtx_unlock    nrf_pwr_mgmt.o
    0x00030c44   0x00030c44   0x00000040   Code   RO         8364    i.nrf_pwr_mgmt_init  nrf_pwr_mgmt.o
    0x00030c84   0x00030c84   0x0000006c   Code   RO         8365    i.nrf_pwr_mgmt_run  nrf_pwr_mgmt.o
    0x00030cf0   0x00030cf0   0x00000064   Code   RO         8366    i.nrf_pwr_mgmt_shutdown  nrf_pwr_mgmt.o
    0x00030d54   0x00030d54   0x00000010   Code   RO         9012    i.nrf_queue_available_get  nrf_queue.o
    0x00030d64   0x00030d64   0x0000009c   Code   RO         9013    i.nrf_queue_generic_pop  nrf_queue.o
    0x00030e00   0x00030e00   0x00000016   Code   RO         9015    i.nrf_queue_is_empty  nrf_queue.o
    0x00030e16   0x00030e16   0x00000020   Code   RO         9016    i.nrf_queue_is_full  nrf_queue.o
    0x00030e36   0x00030e36   0x00000010   Code   RO         9019    i.nrf_queue_next_idx  nrf_queue.o
    0x00030e46   0x00030e46   0x000000cc   Code   RO         9021    i.nrf_queue_push    nrf_queue.o
    0x00030f12   0x00030f12   0x00000022   Code   RO         9024    i.nrf_queue_utilization_get  nrf_queue.o
    0x00030f34   0x00030f34   0x00000038   Code   RO          384    i.nrf_qwr_error_handler  model_ble.o
    0x00030f6c   0x00030f6c   0x0000000c   Code   RO         6963    i.nrf_rtc_cc_get    drv_rtc.o
    0x00030f78   0x00030f78   0x0000000a   Code   RO         6964    i.nrf_rtc_cc_set    drv_rtc.o
    0x00030f82   0x00030f82   0x00000008   Code   RO         6965    i.nrf_rtc_counter_get  drv_rtc.o
    0x00030f8a   0x00030f8a   0x0000000e   Code   RO         6966    i.nrf_rtc_event_clear  drv_rtc.o
    0x00030f98   0x00030f98   0x00000006   Code   RO         6967    i.nrf_rtc_event_disable  drv_rtc.o
    0x00030f9e   0x00030f9e   0x00000006   Code   RO         6968    i.nrf_rtc_event_enable  drv_rtc.o
    0x00030fa4   0x00030fa4   0x00000006   Code   RO         6969    i.nrf_rtc_int_disable  drv_rtc.o
    0x00030faa   0x00030faa   0x00000006   Code   RO         6970    i.nrf_rtc_int_enable  drv_rtc.o
    0x00030fb0   0x00030fb0   0x00000006   Code   RO         6971    i.nrf_rtc_task_trigger  drv_rtc.o
    0x00030fb6   0x00030fb6   0x00000002   PAD
    0x00030fb8   0x00030fb8   0x00000010   Code   RO         6028    i.nrf_saadc_buffer_init  nrfx_saadc.o
    0x00030fc8   0x00030fc8   0x00000018   Code   RO         6029    i.nrf_saadc_channel_input_set  nrfx_saadc.o
    0x00030fe0   0x00030fe0   0x00000014   Code   RO         6030    i.nrf_saadc_event_check  nrfx_saadc.o
    0x00030ff4   0x00030ff4   0x00000018   Code   RO         6031    i.nrf_saadc_event_clear  nrfx_saadc.o
    0x0003100c   0x0003100c   0x0000000c   Code   RO         6032    i.nrf_saadc_int_disable  nrfx_saadc.o
    0x00031018   0x00031018   0x0000000c   Code   RO         6033    i.nrf_saadc_int_enable  nrfx_saadc.o
    0x00031024   0x00031024   0x0000000c   Code   RO         6035    i.nrf_saadc_task_trigger  nrfx_saadc.o
    0x00031030   0x00031030   0x00000018   Code   RO         9264    i.nrf_sdh_ble_app_ram_start_get  nrf_sdh_ble.o
    0x00031048   0x00031048   0x0000019c   Code   RO         9265    i.nrf_sdh_ble_default_cfg_set  nrf_sdh_ble.o
    0x000311e4   0x000311e4   0x0000014c   Code   RO         9266    i.nrf_sdh_ble_enable  nrf_sdh_ble.o
    0x00031330   0x00031330   0x000000bc   Code   RO         9267    i.nrf_sdh_ble_evts_poll  nrf_sdh_ble.o
    0x000313ec   0x000313ec   0x00000064   Code   RO         9135    i.nrf_sdh_disable_request  nrf_sdh.o
    0x00031450   0x00031450   0x00000084   Code   RO         9136    i.nrf_sdh_enable_request  nrf_sdh.o
    0x000314d4   0x000314d4   0x00000030   Code   RO         9137    i.nrf_sdh_evts_poll  nrf_sdh.o
    0x00031504   0x00031504   0x0000000c   Code   RO         9138    i.nrf_sdh_is_enabled  nrf_sdh.o
    0x00031510   0x00031510   0x00000028   Code   RO         9140    i.nrf_sdh_request_continue  nrf_sdh.o
    0x00031538   0x00031538   0x00000098   Code   RO         9323    i.nrf_sdh_soc_evts_poll  nrf_sdh_soc.o
    0x000315d0   0x000315d0   0x00000006   Code   RO         9143    i.nrf_section_iter_get  nrf_sdh.o
    0x000315d6   0x000315d6   0x00000014   Code   RO         8502    i.nrf_section_iter_init  nrf_section_iter.o
    0x000315ea   0x000315ea   0x0000002e   Code   RO         8503    i.nrf_section_iter_item_set  nrf_section_iter.o
    0x00031618   0x00031618   0x0000002e   Code   RO         8504    i.nrf_section_iter_next  nrf_section_iter.o
    0x00031646   0x00031646   0x00000028   Code   RO         8537    i.nrf_sortlist_add  nrf_sortlist.o
    0x0003166e   0x0003166e   0x00000008   Code   RO         8539    i.nrf_sortlist_peek  nrf_sortlist.o
    0x00031676   0x00031676   0x00000018   Code   RO         8540    i.nrf_sortlist_pop  nrf_sortlist.o
    0x0003168e   0x0003168e   0x00000026   Code   RO         8541    i.nrf_sortlist_remove  nrf_sortlist.o
    0x000316b4   0x000316b4   0x00000040   Code   RO         8593    i.nrf_strerror_find  nrf_strerror.o
    0x000316f4   0x000316f4   0x0000001c   Code   RO         8594    i.nrf_strerror_get  nrf_strerror.o
    0x00031710   0x00031710   0x0000000e   Code   RO         6189    i.nrf_timer_compare_event_get  nrfx_timer.o
    0x0003171e   0x0003171e   0x0000000a   Code   RO         6190    i.nrf_timer_compare_int_get  nrfx_timer.o
    0x00031728   0x00031728   0x0000000e   Code   RO         6191    i.nrf_timer_event_clear  nrfx_timer.o
    0x00031736   0x00031736   0x00000006   Code   RO         6192    i.nrf_timer_int_disable  nrfx_timer.o
    0x0003173c   0x0003173c   0x00000006   Code   RO         6193    i.nrf_timer_int_enable  nrfx_timer.o
    0x00031742   0x00031742   0x0000000c   Code   RO         6194    i.nrf_timer_shorts_disable  nrfx_timer.o
    0x0003174e   0x0003174e   0x00000006   Code   RO         6195    i.nrf_timer_task_trigger  nrfx_timer.o
    0x00031754   0x00031754   0x0000000c   Code   RO         5553    i.nrf_uart_errorsrc_get_and_clear  nrfx_uart.o
    0x00031760   0x00031760   0x0000000e   Code   RO         5554    i.nrf_uart_event_check  nrfx_uart.o
    0x0003176e   0x0003176e   0x0000000e   Code   RO         5555    i.nrf_uart_event_clear  nrfx_uart.o
    0x0003177c   0x0003177c   0x0000000c   Code   RO         5556    i.nrf_uart_hwfc_pins_set  nrfx_uart.o
    0x00031788   0x00031788   0x00000006   Code   RO         5557    i.nrf_uart_int_disable  nrfx_uart.o
    0x0003178e   0x0003178e   0x00000006   Code   RO         5558    i.nrf_uart_int_enable  nrfx_uart.o
    0x00031794   0x00031794   0x00000012   Code   RO         5559    i.nrf_uart_int_enable_check  nrfx_uart.o
    0x000317a6   0x000317a6   0x00000006   Code   RO         5560    i.nrf_uart_task_trigger  nrfx_uart.o
    0x000317ac   0x000317ac   0x0000000e   Code   RO         5561    i.nrf_uart_txrx_pins_set  nrfx_uart.o
    0x000317ba   0x000317ba   0x0000000c   Code   RO         5804    i.nrf_uarte_errorsrc_get_and_clear  nrfx_uarte.o
    0x000317c6   0x000317c6   0x0000000e   Code   RO         5805    i.nrf_uarte_event_check  nrfx_uarte.o
    0x000317d4   0x000317d4   0x0000000e   Code   RO         5806    i.nrf_uarte_event_clear  nrfx_uarte.o
    0x000317e2   0x000317e2   0x0000000c   Code   RO         5807    i.nrf_uarte_hwfc_pins_set  nrfx_uarte.o
    0x000317ee   0x000317ee   0x00000006   Code   RO         5808    i.nrf_uarte_int_disable  nrfx_uarte.o
    0x000317f4   0x000317f4   0x00000006   Code   RO         5809    i.nrf_uarte_int_enable  nrfx_uarte.o
    0x000317fa   0x000317fa   0x0000000a   Code   RO         5810    i.nrf_uarte_rx_amount_get  nrfx_uarte.o
    0x00031804   0x00031804   0x0000000c   Code   RO         5811    i.nrf_uarte_shorts_disable  nrfx_uarte.o
    0x00031810   0x00031810   0x00000006   Code   RO         5812    i.nrf_uarte_task_trigger  nrfx_uarte.o
    0x00031816   0x00031816   0x0000000a   Code   RO         5813    i.nrf_uarte_tx_amount_get  nrfx_uarte.o
    0x00031820   0x00031820   0x0000000e   Code   RO         5814    i.nrf_uarte_txrx_pins_set  nrfx_uarte.o
    0x0003182e   0x0003182e   0x00000002   PAD
    0x00031830   0x00031830   0x00000014   Code   RO         6357    i.nrf_wdt_reload_request_set  nrfx_wdt.o
    0x00031844   0x00031844   0x00000014   Code   RO         4603    i.nrf_wdt_started   nrf_drv_clock.o
    0x00031858   0x00031858   0x00000014   Code   RO         4962    i.nrfx_clock_enable  nrfx_clock.o
    0x0003186c   0x0003186c   0x00000020   Code   RO         4965    i.nrfx_clock_init   nrfx_clock.o
    0x0003188c   0x0003188c   0x0000002c   Code   RO         4968    i.nrfx_clock_lfclk_stop  nrfx_clock.o
    0x000318b8   0x000318b8   0x00000018   Code   RO         6036    i.nrfx_coredep_delay_us  nrfx_saadc.o
    0x000318d0   0x000318d0   0x00000018   Code   RO         6972    i.nrfx_coredep_delay_us  drv_rtc.o
    0x000318e8   0x000318e8   0x00000008   Code   RO         4970    i.nrfx_get_irq_number  nrfx_clock.o
    0x000318f0   0x000318f0   0x00000008   Code   RO         5137    i.nrfx_get_irq_number  nrfx_gpiote.o
    0x000318f8   0x000318f8   0x00000008   Code   RO         5562    i.nrfx_get_irq_number  nrfx_uart.o
    0x00031900   0x00031900   0x00000008   Code   RO         5815    i.nrfx_get_irq_number  nrfx_uarte.o
    0x00031908   0x00031908   0x00000008   Code   RO         6196    i.nrfx_get_irq_number  nrfx_timer.o
    0x00031910   0x00031910   0x00000054   Code   RO         5142    i.nrfx_gpiote_in_event_disable  nrfx_gpiote.o
    0x00031964   0x00031964   0x000000ac   Code   RO         5143    i.nrfx_gpiote_in_event_enable  nrfx_gpiote.o
    0x00031a10   0x00031a10   0x000000f8   Code   RO         5145    i.nrfx_gpiote_in_init  nrfx_gpiote.o
    0x00031b08   0x00031b08   0x00000050   Code   RO         5147    i.nrfx_gpiote_in_uninit  nrfx_gpiote.o
    0x00031b58   0x00031b58   0x000000d8   Code   RO         5148    i.nrfx_gpiote_init  nrfx_gpiote.o
    0x00031c30   0x00031c30   0x00000014   Code   RO         5149    i.nrfx_gpiote_is_init  nrfx_gpiote.o
    0x00031c44   0x00031c44   0x00000014   Code   RO         5816    i.nrfx_is_in_ram    nrfx_uarte.o
    0x00031c58   0x00031c58   0x000000b0   Code   RO         4971    i.nrfx_power_clock_irq_init  nrfx_clock.o
    0x00031d08   0x00031d08   0x0000004e   Code   RO         5491    i.nrfx_prs_acquire  nrfx_prs.o
    0x00031d56   0x00031d56   0x00000016   Code   RO         5492    i.nrfx_prs_release  nrfx_prs.o
    0x00031d6c   0x00031d6c   0x000000ac   Code   RO         6040    i.nrfx_saadc_channel_init  nrfx_saadc.o
    0x00031e18   0x00031e18   0x000000f8   Code   RO         6042    i.nrfx_saadc_init   nrfx_saadc.o
    0x00031f10   0x00031f10   0x000000fc   Code   RO         6046    i.nrfx_saadc_sample_convert  nrfx_saadc.o
    0x0003200c   0x0003200c   0x00000048   Code   RO         6199    i.nrfx_timer_compare  nrfx_timer.o
    0x00032054   0x00032054   0x00000024   Code   RO         6202    i.nrfx_timer_disable  nrfx_timer.o
    0x00032078   0x00032078   0x00000024   Code   RO         6203    i.nrfx_timer_enable  nrfx_timer.o
    0x0003209c   0x0003209c   0x00000042   Code   RO         6204    i.nrfx_timer_extended_compare  nrfx_timer.o
    0x000320de   0x000320de   0x00000002   PAD
    0x000320e0   0x000320e0   0x000000fc   Code   RO         6206    i.nrfx_timer_init   nrfx_timer.o
    0x000321dc   0x000321dc   0x00000020   Code   RO         6207    i.nrfx_timer_is_enabled  nrfx_timer.o
    0x000321fc   0x000321fc   0x00000014   Code   RO         5563    i.nrfx_uart_0_irq_handler  nrfx_uart.o
    0x00032210   0x00032210   0x00000088   Code   RO         5565    i.nrfx_uart_init    nrfx_uart.o
    0x00032298   0x00032298   0x0000008c   Code   RO         5571    i.nrfx_uart_tx      nrfx_uart.o
    0x00032324   0x00032324   0x00000024   Code   RO         5573    i.nrfx_uart_tx_in_progress  nrfx_uart.o
    0x00032348   0x00032348   0x00000044   Code   RO         5574    i.nrfx_uart_uninit  nrfx_uart.o
    0x0003238c   0x0003238c   0x00000014   Code   RO         5817    i.nrfx_uarte_0_irq_handler  nrfx_uarte.o
    0x000323a0   0x000323a0   0x00000080   Code   RO         5819    i.nrfx_uarte_init   nrfx_uarte.o
    0x00032420   0x00032420   0x000000c0   Code   RO         5823    i.nrfx_uarte_tx     nrfx_uarte.o
    0x000324e0   0x000324e0   0x00000020   Code   RO         5825    i.nrfx_uarte_tx_in_progress  nrfx_uarte.o
    0x00032500   0x00032500   0x00000094   Code   RO         5826    i.nrfx_uarte_uninit  nrfx_uarte.o
    0x00032594   0x00032594   0x00000054   Code   RO         6358    i.nrfx_wdt_channel_alloc  nrfx_wdt.o
    0x000325e8   0x000325e8   0x0000000c   Code   RO         6359    i.nrfx_wdt_channel_feed  nrfx_wdt.o
    0x000325f4   0x000325f4   0x00000024   Code   RO         6360    i.nrfx_wdt_enable   nrfx_wdt.o
    0x00032618   0x00032618   0x000000c8   Code   RO         6362    i.nrfx_wdt_init     nrfx_wdt.o
    0x000326e0   0x000326e0   0x000002b8   Code   RO          385    i.nus_data_handler  model_ble.o
    0x00032998   0x00032998   0x00000014   Code   RO        10906    i.nvmc_config       system_nrf52.o
    0x000329ac   0x000329ac   0x00000010   Code   RO        10907    i.nvmc_wait         system_nrf52.o
    0x000329bc   0x000329bc   0x00000014   Code   RO         6678    i.on_compare1_evt   app_timer2.o
    0x000329d0   0x000329d0   0x00000020   Code   RO         6679    i.on_compare_evt    app_timer2.o
    0x000329f0   0x000329f0   0x0000004c   Code   RO          386    i.on_conn_params_evt  model_ble.o
    0x00032a3c   0x00032a3c   0x00000030   Code   RO         2211    i.on_conn_params_update  ble_conn_params.o
    0x00032a6c   0x00032a6c   0x00000070   Code   RO         2212    i.on_connect        ble_conn_params.o
    0x00032adc   0x00032adc   0x000000d4   Code   RO         9360    i.on_connect        ble_nus.o
    0x00032bb0   0x00032bb0   0x0000013c   Code   RO         3090    i.on_connected_evt  nrf_ble_gatt.o
    0x00032cec   0x00032cec   0x00000150   Code   RO         3091    i.on_data_length_update_evt  nrf_ble_gatt.o
    0x00032e3c   0x00032e3c   0x00000090   Code   RO         3092    i.on_data_length_update_request_evt  nrf_ble_gatt.o
    0x00032ecc   0x00032ecc   0x00000032   Code   RO         2213    i.on_disconnect     ble_conn_params.o
    0x00032efe   0x00032efe   0x00000014   Code   RO         3093    i.on_disconnected_evt  nrf_ble_gatt.o
    0x00032f12   0x00032f12   0x00000002   PAD
    0x00032f14   0x00032f14   0x0000017c   Code   RO         3094    i.on_exchange_mtu_request_evt  nrf_ble_gatt.o
    0x00033090   0x00033090   0x000000c0   Code   RO         3095    i.on_exchange_mtu_rsp_evt  nrf_ble_gatt.o
    0x00033150   0x00033150   0x000000a8   Code   RO         9361    i.on_hvx_tx_complete  ble_nus.o
    0x000331f8   0x000331f8   0x00000024   Code   RO         8157    i.on_operation_failure  nrf_fstorage_sd.o
    0x0003321c   0x0003321c   0x00000060   Code   RO         8158    i.on_operation_success  nrf_fstorage_sd.o
    0x0003327c   0x0003327c   0x0000001c   Code   RO         6680    i.on_overflow_evt   app_timer2.o
    0x00033298   0x00033298   0x0000006a   Code   RO         3206    i.on_rw_authorize_request  nrf_ble_qwr.o
    0x00033302   0x00033302   0x00000002   Code   RO         3207    i.on_user_mem_release  nrf_ble_qwr.o
    0x00033304   0x00033304   0x00000020   Code   RO         3208    i.on_user_mem_request  nrf_ble_qwr.o
    0x00033324   0x00033324   0x00000058   Code   RO         2214    i.on_write          ble_conn_params.o
    0x0003337c   0x0003337c   0x000000f4   Code   RO         9362    i.on_write          ble_nus.o
    0x00033470   0x00033470   0x00000008   Code   RO         1154    i.pack_bigendian16  data_transfer.o
    0x00033478   0x00033478   0x0000001a   Code   RO         1155    i.pack_bigendian32  data_transfer.o
    0x00033492   0x00033492   0x00000002   PAD
    0x00033494   0x00033494   0x00000034   Code   RO         7203    i.page_can_tag      fds.o
    0x000334c8   0x000334c8   0x00000048   Code   RO         7204    i.page_from_record  fds.o
    0x00033510   0x00033510   0x00000034   Code   RO         7205    i.page_has_space    fds.o
    0x00033544   0x00033544   0x00000030   Code   RO         7206    i.page_identify     fds.o
    0x00033574   0x00033574   0x0000001c   Code   RO         7207    i.page_offsets_update  fds.o
    0x00033590   0x00033590   0x00000078   Code   RO         7208    i.page_scan         fds.o
    0x00033608   0x00033608   0x00000020   Code   RO         7209    i.page_tag_write_data  fds.o
    0x00033628   0x00033628   0x00000024   Code   RO         7210    i.page_tag_write_swap  fds.o
    0x0003364c   0x0003364c   0x00000170   Code   RO         7211    i.pages_init        fds.o
    0x000337bc   0x000337bc   0x00000014   Code   RO         4192    i.pairing           security_dispatcher.o
    0x000337d0   0x000337d0   0x00000080   Code   RO         4193    i.pairing_failure   security_dispatcher.o
    0x00033850   0x00033850   0x00000034   Code   RO         4194    i.pairing_success_evt_send  security_dispatcher.o
    0x00033884   0x00033884   0x00000010   Code   RO         4380    i.params_reply_pending_handle  security_manager.o
    0x00033894   0x00033894   0x00000022   Code   RO         4381    i.params_req_send   security_manager.o
    0x000338b6   0x000338b6   0x00000002   PAD
    0x000338b8   0x000338b8   0x00000104   Code   RO         1247    i.payload_resolve   model_cmd_act.o
    0x000339bc   0x000339bc   0x00000020   Code   RO         3438    i.pdb_evt_send      peer_database.o
    0x000339dc   0x000339dc   0x00000088   Code   RO         3439    i.pdb_init          peer_database.o
    0x00033a64   0x00033a64   0x0000006c   Code   RO         3440    i.pdb_pds_evt_handler  peer_database.o
    0x00033ad0   0x00033ad0   0x00000016   Code   RO         3441    i.pdb_peer_data_ptr_get  peer_database.o
    0x00033ae6   0x00033ae6   0x00000002   PAD
    0x00033ae8   0x00033ae8   0x000000ac   Code   RO         3442    i.pdb_peer_free     peer_database.o
    0x00033b94   0x00033b94   0x000000f0   Code   RO         3443    i.pdb_write_buf_get  peer_database.o
    0x00033c84   0x00033c84   0x00000020   Code   RO         3444    i.pdb_write_buf_release  peer_database.o
    0x00033ca4   0x00033ca4   0x00000044   Code   RO         3445    i.pdb_write_buf_store  peer_database.o
    0x00033ce8   0x00033ce8   0x00000024   Code   RO         3262    i.pds_evt_send      peer_data_storage.o
    0x00033d0c   0x00033d0c   0x000000b0   Code   RO         3263    i.pds_init          peer_data_storage.o
    0x00033dbc   0x00033dbc   0x0000000c   Code   RO         3264    i.pds_next_deleted_peer_id_get  peer_data_storage.o
    0x00033dc8   0x00033dc8   0x0000000c   Code   RO         3265    i.pds_next_peer_id_get  peer_data_storage.o
    0x00033dd4   0x00033dd4   0x00000008   Code   RO         3266    i.pds_peer_count_get  peer_data_storage.o
    0x00033ddc   0x00033ddc   0x0000006c   Code   RO         3268    i.pds_peer_data_iterate  peer_data_storage.o
    0x00033e48   0x00033e48   0x00000010   Code   RO         3269    i.pds_peer_data_iterate_prepare  peer_data_storage.o
    0x00033e58   0x00033e58   0x0000009a   Code   RO         3270    i.pds_peer_data_read  peer_data_storage.o
    0x00033ef2   0x00033ef2   0x00000002   PAD
    0x00033ef4   0x00033ef4   0x000000d4   Code   RO         3271    i.pds_peer_data_store  peer_data_storage.o
    0x00033fc8   0x00033fc8   0x0000000c   Code   RO         3272    i.pds_peer_id_allocate  peer_data_storage.o
    0x00033fd4   0x00033fd4   0x0000001e   Code   RO         3273    i.pds_peer_id_free  peer_data_storage.o
    0x00033ff2   0x00033ff2   0x0000000c   Code   RO         3274    i.pds_peer_id_is_allocated  peer_data_storage.o
    0x00033ffe   0x00033ffe   0x0000001c   Code   RO         3446    i.peer_data_const_point_to_buffer  peer_database.o
    0x0003401a   0x0003401a   0x00000002   PAD
    0x0003401c   0x0003401c   0x000000a8   Code   RO         3276    i.peer_data_delete_process  peer_data_storage.o
    0x000340c4   0x000340c4   0x00000040   Code   RO         3277    i.peer_data_find    peer_data_storage.o
    0x00034104   0x00034104   0x00000026   Code   RO         3278    i.peer_data_id_is_valid  peer_data_storage.o
    0x0003412a   0x0003412a   0x0000000a   Code   RO         3279    i.peer_data_id_to_record_key  peer_data_storage.o
    0x00034134   0x00034134   0x0000001a   Code   RO         3447    i.peer_data_point_to_buffer  peer_database.o
    0x0003414e   0x0003414e   0x00000002   PAD
    0x00034150   0x00034150   0x00000014   Code   RO         3594    i.peer_id_allocate  peer_id.o
    0x00034164   0x00034164   0x0000002c   Code   RO         3595    i.peer_id_delete    peer_id.o
    0x00034190   0x00034190   0x0000001c   Code   RO         3596    i.peer_id_free      peer_id.o
    0x000341ac   0x000341ac   0x00000014   Code   RO         3597    i.peer_id_get_next_deleted  peer_id.o
    0x000341c0   0x000341c0   0x00000038   Code   RO         3598    i.peer_id_get_next_used  peer_id.o
    0x000341f8   0x000341f8   0x00000010   Code   RO         3599    i.peer_id_init      peer_id.o
    0x00034208   0x00034208   0x0000001c   Code   RO         3600    i.peer_id_is_allocated  peer_id.o
    0x00034224   0x00034224   0x0000001c   Code   RO         3601    i.peer_id_is_deleted  peer_id.o
    0x00034240   0x00034240   0x00000024   Code   RO         3602    i.peer_id_n_ids     peer_id.o
    0x00034264   0x00034264   0x0000000a   Code   RO         3280    i.peer_id_to_file_id  peer_data_storage.o
    0x0003426e   0x0003426e   0x00000046   Code   RO         3281    i.peer_ids_load     peer_data_storage.o
    0x000342b4   0x000342b4   0x0000011c   Code   RO         1535    i.peer_manager_init  model_bond.o
    0x000343d0   0x000343d0   0x00000090   Code   RO          680    i.peri_on_board_init  user_hardware.o
    0x00034460   0x00034460   0x0000001c   Code   RO         5165    i.pin_configured_check  nrfx_gpiote.o
    0x0003447c   0x0003447c   0x00000020   Code   RO         5166    i.pin_configured_clear  nrfx_gpiote.o
    0x0003449c   0x0003449c   0x00000020   Code   RO         5167    i.pin_configured_set  nrfx_gpiote.o
    0x000344bc   0x000344bc   0x0000001c   Code   RO         5168    i.pin_in_use_by_gpiote  nrfx_gpiote.o
    0x000344d8   0x000344d8   0x00000018   Code   RO         5169    i.pin_in_use_by_port  nrfx_gpiote.o
    0x000344f0   0x000344f0   0x00000020   Code   RO         5170    i.pin_in_use_by_te  nrfx_gpiote.o
    0x00034510   0x00034510   0x0000000c   Code   RO         5171    i.pin_in_use_clear  nrfx_gpiote.o
    0x0003451c   0x0003451c   0x00000034   Code   RO          681    i.pin_magnet_event  user_hardware.o
    0x00034550   0x00034550   0x0000007e   Code   RO         5575    i.pins_to_default   nrfx_uart.o
    0x000345ce   0x000345ce   0x0000007e   Code   RO         5827    i.pins_to_default   nrfx_uarte.o
    0x0003464c   0x0003464c   0x00000062   Code   RO         4125    i.pm_buffer_block_acquire  pm_buffer.o
    0x000346ae   0x000346ae   0x0000002a   Code   RO         4126    i.pm_buffer_init    pm_buffer.o
    0x000346d8   0x000346d8   0x00000030   Code   RO         4127    i.pm_buffer_ptr_get  pm_buffer.o
    0x00034708   0x00034708   0x00000028   Code   RO         4128    i.pm_buffer_release  pm_buffer.o
    0x00034730   0x00034730   0x00000024   Code   RO         3696    i.pm_conn_sec_status_get  peer_manager.o
    0x00034754   0x00034754   0x0000002c   Code   RO         3697    i.pm_conn_secure    peer_manager.o
    0x00034780   0x00034780   0x0000021c   Code   RO         1536    i.pm_evt_handler    model_bond.o
    0x0003499c   0x0003499c   0x0000000c   Code   RO         3699    i.pm_gcm_evt_handler  peer_manager.o
    0x000349a8   0x000349a8   0x0000000c   Code   RO         3700    i.pm_gscm_evt_handler  peer_manager.o
    0x000349b4   0x000349b4   0x0000007c   Code   RO         4023    i.pm_handler_disconnect_on_sec_failure  peer_manager_handler.o
    0x00034a30   0x00034a30   0x00000358   Code   RO         4024    i.pm_handler_flash_clean  peer_manager_handler.o
    0x00034d88   0x00034d88   0x0000001c   Code   RO         4025    i.pm_handler_flash_clean_on_return  peer_manager_handler.o
    0x00034da4   0x00034da4   0x00000064   Code   RO         4026    i.pm_handler_on_pm_evt  peer_manager_handler.o
    0x00034e08   0x00034e08   0x000003d8   Code   RO         4027    i.pm_handler_pm_evt_log  peer_manager_handler.o
    0x000351e0   0x000351e0   0x00000028   Code   RO         3701    i.pm_id_addr_get    peer_manager.o
    0x00035208   0x00035208   0x0000000c   Code   RO         3703    i.pm_im_evt_handler  peer_manager.o
    0x00035214   0x00035214   0x00000248   Code   RO         3704    i.pm_init           peer_manager.o
    0x0003545c   0x0003545c   0x0000017c   Code   RO         3708    i.pm_pdb_evt_handler  peer_manager.o
    0x000355d8   0x000355d8   0x00000018   Code   RO         3709    i.pm_peer_count     peer_manager.o
    0x000355f0   0x000355f0   0x00000018   Code   RO         3712    i.pm_peer_data_bonding_load  peer_manager.o
    0x00035608   0x00035608   0x0000004c   Code   RO         3715    i.pm_peer_data_load  peer_manager.o
    0x00035654   0x00035654   0x00000020   Code   RO         3719    i.pm_peer_delete    peer_manager.o
    0x00035674   0x00035674   0x00000030   Code   RO         3720    i.pm_peer_id_get    peer_manager.o
    0x000356a4   0x000356a4   0x00000144   Code   RO         3723    i.pm_peer_rank_highest  peer_manager.o
    0x000357e8   0x000357e8   0x00000114   Code   RO         3724    i.pm_peer_ranks_get  peer_manager.o
    0x000358fc   0x000358fc   0x000000b4   Code   RO         3725    i.pm_peers_delete   peer_manager.o
    0x000359b0   0x000359b0   0x00000040   Code   RO         3728    i.pm_register       peer_manager.o
    0x000359f0   0x000359f0   0x00000024   Code   RO         3730    i.pm_sec_params_set  peer_manager.o
    0x00035a14   0x00035a14   0x00000016   Code   RO         3731    i.pm_sm_evt_handler  peer_manager.o
    0x00035a2a   0x00035a2a   0x00000002   PAD
    0x00035a2c   0x00035a2c   0x000000c4   Code   RO         5172    i.port_event_handle  nrfx_gpiote.o
    0x00035af0   0x00035af0   0x00000010   Code   RO         5173    i.port_handler_pin_get  nrfx_gpiote.o
    0x00035b00   0x00035b00   0x00000010   Code   RO         5174    i.port_handler_polarity_get  nrfx_gpiote.o
    0x00035b10   0x00035b10   0x00000048   Code   RO         9862    i.postfix_process   nrf_log_str_formatter.o
    0x00035b58   0x00035b58   0x0000003c   Code   RO          630    i.power_management_init  power.o
    0x00035b94   0x00035b94   0x0000005c   Code   RO          631    i.power_reset_reason_get  power.o
    0x00035bf0   0x00035bf0   0x000000a4   Code   RO         9863    i.prefix_process    nrf_log_str_formatter.o
    0x00035c94   0x00035c94   0x00000018   Code   RO         5493    i.prs_box_get       nrfx_prs.o
    0x00035cac   0x00035cac   0x00000020   Code   RO         7212    i.queue_buf_get     fds.o
    0x00035ccc   0x00035ccc   0x00000014   Code   RO         7213    i.queue_buf_store   fds.o
    0x00035ce0   0x00035ce0   0x00000014   Code   RO         7214    i.queue_free        fds.o
    0x00035cf4   0x00035cf4   0x00000018   Code   RO         8159    i.queue_free        nrf_fstorage_sd.o
    0x00035d0c   0x00035d0c   0x00000018   Code   RO         7215    i.queue_has_next    fds.o
    0x00035d24   0x00035d24   0x0000001c   Code   RO         7216    i.queue_init        fds.o
    0x00035d40   0x00035d40   0x00000014   Code   RO         7217    i.queue_load        fds.o
    0x00035d54   0x00035d54   0x0000002c   Code   RO         8160    i.queue_load_next   nrf_fstorage_sd.o
    0x00035d80   0x00035d80   0x000000c4   Code   RO         7218    i.queue_process     fds.o
    0x00035e44   0x00035e44   0x00000090   Code   RO         8161    i.queue_process     nrf_fstorage_sd.o
    0x00035ed4   0x00035ed4   0x00000018   Code   RO         7219    i.queue_start       fds.o
    0x00035eec   0x00035eec   0x0000001c   Code   RO         8162    i.queue_start       nrf_fstorage_sd.o
    0x00035f08   0x00035f08   0x0000001e   Code   RO         9027    i.queue_utilization_get  nrf_queue.o
    0x00035f26   0x00035f26   0x00000002   PAD
    0x00035f28   0x00035f28   0x00000010   Code   RO         9268    i.ram_end_address_get  nrf_sdh_ble.o
    0x00035f38   0x00035f38   0x0000001c   Code   RO         4030    i.rank_highest      peer_manager_handler.o
    0x00035f54   0x00035f54   0x00000008   Code   RO         3734    i.rank_init         peer_manager.o
    0x00035f5c   0x00035f5c   0x00000040   Code   RO         3735    i.rank_vars_update  peer_manager.o
    0x00035f9c   0x00035f9c   0x0000001c   Code   RO         8163    i.read              nrf_fstorage_sd.o
    0x00035fb8   0x00035fb8   0x00000078   Code   RO         3448    i.reattempt_previous_operations  peer_database.o
    0x00036030   0x00036030   0x00000028   Code   RO         2324    i.record_activate   ble_conn_state.o
    0x00036058   0x00036058   0x00000094   Code   RO         7220    i.record_find       fds.o
    0x000360ec   0x000360ec   0x0000003c   Code   RO         7221    i.record_find_and_delete  fds.o
    0x00036128   0x00036128   0x0000007c   Code   RO         7222    i.record_find_by_desc  fds.o
    0x000361a4   0x000361a4   0x00000078   Code   RO         7223    i.record_find_next  fds.o
    0x0003621c   0x0003621c   0x00000040   Code   RO         7224    i.record_header_flag_dirty  fds.o
    0x0003625c   0x0003625c   0x0000002c   Code   RO         7225    i.record_header_write_begin  fds.o
    0x00036288   0x00036288   0x00000038   Code   RO         7226    i.record_header_write_finalize  fds.o
    0x000362c0   0x000362c0   0x00000038   Code   RO         7227    i.record_header_write_id  fds.o
    0x000362f8   0x000362f8   0x00000010   Code   RO         7228    i.record_id_new     fds.o
    0x00036308   0x00036308   0x0000002e   Code   RO         1827    i.record_inflie_countget  hal_flash.o
    0x00036336   0x00036336   0x00000002   PAD
    0x00036338   0x00036338   0x00000020   Code   RO         2325    i.record_invalidate  ble_conn_state.o
    0x00036358   0x00036358   0x00000006   Code   RO         3282    i.record_key_to_peer_data_id  peer_data_storage.o
    0x0003635e   0x0003635e   0x00000018   Code   RO         3283    i.record_key_within_pm_range  peer_data_storage.o
    0x00036376   0x00036376   0x00000002   PAD
    0x00036378   0x00036378   0x00000048   Code   RO         2326    i.record_purge_disconnected  ble_conn_state.o
    0x000363c0   0x000363c0   0x00000014   Code   RO         2327    i.record_set_disconnected  ble_conn_state.o
    0x000363d4   0x000363d4   0x00000084   Code   RO         1828    i.record_write      hal_flash.o
    0x00036458   0x00036458   0x00000030   Code   RO         7229    i.record_write_data  fds.o
    0x00036488   0x00036488   0x000000a4   Code   RO         7230    i.records_stat      fds.o
    0x0003652c   0x0003652c   0x00000014   Code   RO         3603    i.release           peer_id.o
    0x00036540   0x00036540   0x00000038   Code   RO         1248    i.remote_reset_handler  model_cmd_act.o
    0x00036578   0x00036578   0x00000006   Code   RO         8164    i.rmap              nrf_fstorage_sd.o
    0x0003657e   0x0003657e   0x00000002   PAD
    0x00036580   0x00036580   0x00000118   Code   RO          387    i.rsp_auth_handler  model_ble.o
    0x00036698   0x00036698   0x00000064   Code   RO          963    i.rsp_data_handler  model_data_trs.o
    0x000366fc   0x000366fc   0x00000044   Code   RO         1249    i.rsp_jump          model_cmd_act.o
    0x00036740   0x00036740   0x00000010   Code   RO         1252    i.rsp_queue_is_empty  model_cmd_act.o
    0x00036750   0x00036750   0x00000014   Code   RO         1257    i.rsp_queue_pop     model_cmd_act.o
    0x00036764   0x00036764   0x00000014   Code   RO         1258    i.rsp_queue_push    model_cmd_act.o
    0x00036778   0x00036778   0x0000003e   Code   RO         6681    i.rtc_irq           app_timer2.o
    0x000367b6   0x000367b6   0x00000002   PAD
    0x000367b8   0x000367b8   0x00000084   Code   RO         6682    i.rtc_schedule      app_timer2.o
    0x0003683c   0x0003683c   0x000000c0   Code   RO         6683    i.rtc_update        app_timer2.o
    0x000368fc   0x000368fc   0x0000003e   Code   RO         5576    i.rx_byte           nrfx_uart.o
    0x0003693a   0x0003693a   0x0000001c   Code   RO         5577    i.rx_done_event     nrfx_uart.o
    0x00036956   0x00036956   0x0000001c   Code   RO         5828    i.rx_done_event     nrfx_uarte.o
    0x00036972   0x00036972   0x00000002   PAD
    0x00036974   0x00036974   0x00000090   Code   RO         1776    i.saadc_init        hal_saadc.o
    0x00036a04   0x00036a04   0x00000074   Code   RO         1777    i.saadc_samples_blocking_mean  hal_saadc.o
    0x00036a78   0x00036a78   0x00000020   Code   RO         2634    i.sc_send_pending_handle  gatt_cache_manager.o
    0x00036a98   0x00036a98   0x0000007c   Code   RO         9144    i.sd_nvic_DisableIRQ  nrf_sdh.o
    0x00036b14   0x00036b14   0x000000a4   Code   RO         9145    i.sd_nvic_EnableIRQ  nrf_sdh.o
    0x00036bb8   0x00036bb8   0x00000068   Code   RO         6831    i.sd_nvic_critical_region_enter  app_util_platform.o
    0x00036c20   0x00036c20   0x00000090   Code   RO         4604    i.sd_state_evt_handler  nrf_drv_clock.o
    0x00036cb0   0x00036cb0   0x0000003c   Code   RO         9146    i.sdh_request_observer_notify  nrf_sdh.o
    0x00036cec   0x00036cec   0x00000034   Code   RO         9147    i.sdh_state_observer_notify  nrf_sdh.o
    0x00036d20   0x00036d20   0x000000f8   Code   RO         4195    i.sec_info_request_process  security_dispatcher.o
    0x00036e18   0x00036e18   0x00000110   Code   RO         4196    i.sec_keyset_fill   security_dispatcher.o
    0x00036f28   0x00036f28   0x00000030   Code   RO         4197    i.sec_params_request_process  security_dispatcher.o
    0x00036f58   0x00036f58   0x000000e8   Code   RO         4382    i.sec_params_verify  security_manager.o
    0x00037040   0x00037040   0x00000058   Code   RO         4198    i.sec_proc_start    security_dispatcher.o
    0x00037098   0x00037098   0x00000068   Code   RO         4383    i.sec_req_process   security_manager.o
    0x00037100   0x00037100   0x00000028   Code   RO         4199    i.sec_start_send    security_dispatcher.o
    0x00037128   0x00037128   0x00000022   Code   RO         4200    i.send_config_req   security_dispatcher.o
    0x0003714a   0x0003714a   0x00000002   PAD
    0x0003714c   0x0003714c   0x00000018   Code   RO         2215    i.send_error_evt    ble_conn_params.o
    0x00037164   0x00037164   0x00000028   Code   RO         4201    i.send_params_req   security_dispatcher.o
    0x0003718c   0x0003718c   0x00000024   Code   RO         4202    i.send_storage_full_evt  security_dispatcher.o
    0x000371b0   0x000371b0   0x00000028   Code   RO         2635    i.send_unexpected_error  gatt_cache_manager.o
    0x000371d8   0x000371d8   0x00000028   Code   RO         3284    i.send_unexpected_error  peer_data_storage.o
    0x00037200   0x00037200   0x00000028   Code   RO         4203    i.send_unexpected_error  security_dispatcher.o
    0x00037228   0x00037228   0x0000001e   Code   RO         4384    i.send_unexpected_error  security_manager.o
    0x00037246   0x00037246   0x00000024   Code   RO         2216    i.send_update_request  ble_conn_params.o
    0x0003726a   0x0003726a   0x00000002   PAD
    0x0003726c   0x0003726c   0x00000084   Code   RO         9439    i.serial_tx         nrf_log_backend_rtt.o
    0x000372f0   0x000372f0   0x00000088   Code   RO         9541    i.serial_tx         nrf_log_backend_uart.o
    0x00037378   0x00037378   0x00000074   Code   RO         2636    i.service_changed_cccd  gatt_cache_manager.o
    0x000373ec   0x000373ec   0x00000020   Code   RO         2637    i.service_changed_needed  gatt_cache_manager.o
    0x0003740c   0x0003740c   0x00000018   Code   RO         2638    i.service_changed_pending_flags_check  gatt_cache_manager.o
    0x00037424   0x00037424   0x000000a8   Code   RO         2818    i.service_changed_pending_set  gatts_cache_manager.o
    0x000374cc   0x000374cc   0x00000124   Code   RO         2639    i.service_changed_send_in_evt  gatt_cache_manager.o
    0x000375f0   0x000375f0   0x00000096   Code   RO         1939    i.service_data_encode  ble_advdata.o
    0x00037686   0x00037686   0x00000002   PAD
    0x00037688   0x00037688   0x0000009c   Code   RO          388    i.services_init     model_ble.o
    0x00037724   0x00037724   0x000000be   Code   RO         2501    i.set_security_req  ble_srv_common.o
    0x000377e2   0x000377e2   0x00000002   PAD
    0x000377e4   0x000377e4   0x000000cc   Code   RO         8367    i.shutdown_process  nrf_pwr_mgmt.o
    0x000378b0   0x000378b0   0x00000034   Code   RO         4385    i.sm_ble_evt_handler  security_manager.o
    0x000378e4   0x000378e4   0x0000009a   Code   RO         4387    i.sm_conn_sec_status_get  security_manager.o
    0x0003797e   0x0003797e   0x00000002   PAD
    0x00037980   0x00037980   0x00000064   Code   RO         4388    i.sm_init           security_manager.o
    0x000379e4   0x000379e4   0x00000018   Code   RO         4390    i.sm_link_secure    security_manager.o
    0x000379fc   0x000379fc   0x00000058   Code   RO         4391    i.sm_pdb_evt_handler  security_manager.o
    0x00037a54   0x00037a54   0x00000030   Code   RO         4392    i.sm_sec_is_sufficient  security_manager.o
    0x00037a84   0x00037a84   0x00000048   Code   RO         4394    i.sm_sec_params_set  security_manager.o
    0x00037acc   0x00037acc   0x00000032   Code   RO         4395    i.sm_smd_evt_handler  security_manager.o
    0x00037afe   0x00037afe   0x0000004c   Code   RO         4204    i.smd_ble_evt_handler  security_dispatcher.o
    0x00037b4a   0x00037b4a   0x00000002   PAD
    0x00037b4c   0x00037b4c   0x0000007c   Code   RO         4206    i.smd_init          security_dispatcher.o
    0x00037bc8   0x00037bc8   0x00000028   Code   RO         4207    i.smd_link_secure   security_dispatcher.o
    0x00037bf0   0x00037bf0   0x000000c0   Code   RO         4208    i.smd_params_reply  security_dispatcher.o
    0x00037cb0   0x00037cb0   0x00000040   Code   RO         4396    i.smd_params_reply_perform  security_manager.o
    0x00037cf0   0x00037cf0   0x0000001c   Code   RO         4605    i.soc_evt_handler   nrf_drv_clock.o
    0x00037d0c   0x00037d0c   0x00000060   Code   RO         9148    i.softdevice_evt_irq_disable  nrf_sdh.o
    0x00037d6c   0x00037d6c   0x00000060   Code   RO         9149    i.softdevices_evt_irq_enable  nrf_sdh.o
    0x00037dcc   0x00037dcc   0x00000018   Code   RO         6684    i.sorted_list_stop_all  app_timer2.o
    0x00037de4   0x00037de4   0x00000018   Code   RO         6685    i.sortlist_pop      app_timer2.o
    0x00037dfc   0x00037dfc   0x00000064   Code   RO         9683    i.std_header_set    nrf_log_frontend.o
    0x00037e60   0x00037e60   0x00000070   Code   RO         9684    i.std_n             nrf_log_frontend.o
    0x00037ed0   0x00037ed0   0x00000144   Code   RO         1263    i.storage_clear_handler  model_cmd_act.o
    0x00038014   0x00038014   0x00000078   Code   RO         2640    i.store_car_value   gatt_cache_manager.o
    0x0003808c   0x0003808c   0x00000074   Code   RO         8015    i.string_print      nrf_fprintf_format.o
    0x00038100   0x00038100   0x00000020   Code   RO         1156    i.stringtolower     data_transfer.o
    0x00038120   0x00038120   0x0000000a   Code   RO         6973    i.ticks_sub         drv_rtc.o
    0x0003812a   0x0003812a   0x00000002   PAD
    0x0003812c   0x0003812c   0x000001d0   Code   RO          682    i.timer_event_handler  user_hardware.o
    0x000382fc   0x000382fc   0x000000b4   Code   RO         6686    i.timer_expire      app_timer2.o
    0x000383b0   0x000383b0   0x00000064   Code   RO         1629    i.timer_init        hal_timer.o
    0x00038414   0x00038414   0x00000098   Code   RO         6687    i.timer_req_process  app_timer2.o
    0x000384ac   0x000384ac   0x00000040   Code   RO         6688    i.timer_req_schedule  app_timer2.o
    0x000384ec   0x000384ec   0x0000000c   Code   RO         1630    i.timer_start       hal_timer.o
    0x000384f8   0x000384f8   0x0000000c   Code   RO         1631    i.timer_stop        hal_timer.o
    0x00038504   0x00038504   0x00000002   Code   RO         9864    i.timestamp_print   nrf_log_str_formatter.o
    0x00038506   0x00038506   0x00000036   Code   RO         5579    i.tx_blocking       nrfx_uart.o
    0x0003853c   0x0003853c   0x00000026   Code   RO         5580    i.tx_byte           nrfx_uart.o
    0x00038562   0x00038562   0x00000020   Code   RO         5581    i.tx_done_event     nrfx_uart.o
    0x00038582   0x00038582   0x00000020   Code   RO         5829    i.tx_done_event     nrfx_uarte.o
    0x000385a2   0x000385a2   0x00000036   Code   RO         1940    i.tx_power_level_encode  ble_advdata.o
    0x000385d8   0x000385d8   0x00000050   Code   RO          389    i.tx_power_set      model_ble.o
    0x00038628   0x00038628   0x00000038   Code   RO         4759    i.uart_evt_handler  nrf_drv_uart.o
    0x00038660   0x00038660   0x0000000c   Code   RO         9542    i.uart_evt_handler  nrf_log_backend_uart.o
    0x0003866c   0x0003866c   0x0000006c   Code   RO         9543    i.uart_init         nrf_log_backend_uart.o
    0x000386d8   0x000386d8   0x0000014e   Code   RO         5582    i.uart_irq_handler  nrfx_uart.o
    0x00038826   0x00038826   0x00000002   PAD
    0x00038828   0x00038828   0x00000038   Code   RO         4760    i.uarte_evt_handler  nrf_drv_uart.o
    0x00038860   0x00038860   0x00000134   Code   RO         5830    i.uarte_irq_handler  nrfx_uarte.o
    0x00038994   0x00038994   0x0000000c   Code   RO         2502    i.uint16_decode     ble_srv_common.o
    0x000389a0   0x000389a0   0x0000000c   Code   RO         1941    i.uint16_encode     ble_advdata.o
    0x000389ac   0x000389ac   0x00000024   Code   RO         8165    i.uninit            nrf_fstorage_sd.o
    0x000389d0   0x000389d0   0x0000000e   Code   RO         1157    i.unpack_bigendian16  data_transfer.o
    0x000389de   0x000389de   0x00000018   Code   RO         1158    i.unpack_bigendian32  data_transfer.o
    0x000389f6   0x000389f6   0x00000002   PAD
    0x000389f8   0x000389f8   0x000000b8   Code   RO         8016    i.unsigned_print    nrf_fprintf_format.o
    0x00038ab0   0x00038ab0   0x00000034   Code   RO         2641    i.update_pending_flags_check  gatt_cache_manager.o
    0x00038ae4   0x00038ae4   0x00000074   Code   RO         2217    i.update_timeout_handler  ble_conn_params.o
    0x00038b58   0x00038b58   0x00000014   Code   RO         2328    i.user_flag_is_acquired  ble_conn_state.o
    0x00038b6c   0x00038b6c   0x0000002c   Code   RO         3209    i.user_mem_reply    nrf_ble_qwr.o
    0x00038b98   0x00038b98   0x00000030   Code   RO         1196    i.user_protocol_pack  model_user_protocol.o
    0x00038bc8   0x00038bc8   0x00000058   Code   RO         1197    i.user_protocol_unpack  model_user_protocol.o
    0x00038c20   0x00038c20   0x0000004e   Code   RO         1942    i.uuid_list_encode  ble_advdata.o
    0x00038c6e   0x00038c6e   0x000000d6   Code   RO         1943    i.uuid_list_sized_encode  ble_advdata.o
    0x00038d44   0x00038d44   0x0000000c   Code   RO         1691    i.watchdog_feed     hal_watchdog.o
    0x00038d50   0x00038d50   0x00000074   Code   RO          683    i.watchdog_module_init  user_hardware.o
    0x00038dc4   0x00038dc4   0x00000002   Code   RO          684    i.wdt_event_handler  user_hardware.o
    0x00038dc6   0x00038dc6   0x00000006   Code   RO         8166    i.wmap              nrf_fstorage_sd.o
    0x00038dcc   0x00038dcc   0x00000054   Code   RO         8167    i.write             nrf_fstorage_sd.o
    0x00038e20   0x00038e20   0x00000038   Code   RO         3449    i.write_buf_length_words_set  peer_database.o
    0x00038e58   0x00038e58   0x00000160   Code   RO         3450    i.write_buf_store   peer_database.o
    0x00038fb8   0x00038fb8   0x00000070   Code   RO         3451    i.write_buf_store_in_event  peer_database.o
    0x00039028   0x00039028   0x00000024   Code   RO         3452    i.write_buffer_record_acquire  peer_database.o
    0x0003904c   0x0003904c   0x0000004c   Code   RO         3453    i.write_buffer_record_find  peer_database.o
    0x00039098   0x00039098   0x00000034   Code   RO         3454    i.write_buffer_record_find_next  peer_database.o
    0x000390cc   0x000390cc   0x00000030   Code   RO         3455    i.write_buffer_record_find_stored  peer_database.o
    0x000390fc   0x000390fc   0x0000000e   Code   RO         3456    i.write_buffer_record_find_unused  peer_database.o
    0x0003910a   0x0003910a   0x00000024   Code   RO         3457    i.write_buffer_record_invalidate  peer_database.o
    0x0003912e   0x0003912e   0x00000002   PAD
    0x00039130   0x00039130   0x00000028   Code   RO         3458    i.write_buffer_record_release  peer_database.o
    0x00039158   0x00039158   0x000000e8   Code   RO         7231    i.write_enqueue     fds.o
    0x00039240   0x00039240   0x000000c8   Code   RO         7232    i.write_execute     fds.o
    0x00039308   0x00039308   0x00000058   Code   RO         8168    i.write_execute     nrf_fstorage_sd.o
    0x00039360   0x00039360   0x00000024   Code   RO         7233    i.write_space_free  fds.o
    0x00039384   0x00039384   0x0000007c   Code   RO         7234    i.write_space_reserve  fds.o
    0x00039400   0x00039400   0x00000006   Data   RO            5    .constdata          main.o
    0x00039406   0x00039406   0x00000002   PAD
    0x00039408   0x00039408   0x00000004   Data   RO          391    .constdata          model_ble.o
    0x0003940c   0x0003940c   0x00000004   PAD
    0x00039410   0x00039410   0x00000032   Data   RO          685    .constdata          user_hardware.o
    0x00039442   0x00039442   0x00000002   PAD
    0x00039444   0x00039444   0x00000004   Data   RO          859    .constdata          model_calendar.o
    0x00039448   0x00039448   0x00000004   Data   RO          965    .constdata          model_data_trs.o
    0x0003944c   0x0003944c   0x0000002a   Data   RO         1265    .constdata          model_cmd_act.o
    0x00039476   0x00039476   0x00000002   PAD
    0x00039478   0x00039478   0x00000018   Data   RO         1692    .constdata          hal_watchdog.o
    0x00039490   0x00039490   0x0000000b   Data   RO         1728    .constdata          hal_gpio.o
    0x0003949b   0x0003949b   0x00000001   PAD
    0x0003949c   0x0003949c   0x0000000d   Data   RO         1778    .constdata          hal_saadc.o
    0x000394a9   0x000394a9   0x00000003   PAD
    0x000394ac   0x000394ac   0x0000006c   Data   RO         2642    .constdata          gatt_cache_manager.o
    0x00039518   0x00039518   0x00000018   Data   RO         2819    .constdata          gatts_cache_manager.o
    0x00039530   0x00039530   0x00000008   Data   RO         2931    .constdata          id_manager.o
    0x00039538   0x00039538   0x00000016   Data   RO         3096    .constdata          nrf_ble_gatt.o
    0x0003954e   0x0003954e   0x00000002   PAD
    0x00039550   0x00039550   0x00000018   Data   RO         3285    .constdata          peer_data_storage.o
    0x00039568   0x00039568   0x00000010   Data   RO         3460    .constdata          peer_database.o
    0x00039578   0x00039578   0x0000002c   Data   RO         3737    .constdata          peer_manager.o
    0x000395a4   0x000395a4   0x00000038   Data   RO         4033    .constdata          peer_manager_handler.o
    0x000395dc   0x000395dc   0x00000078   Data   RO         4210    .constdata          security_dispatcher.o
    0x00039654   0x00039654   0x00000005   Data   RO         4397    .constdata          security_manager.o
    0x00039659   0x00039659   0x00000003   PAD
    0x0003965c   0x0003965c   0x00000042   Data   RO         5176    .constdata          nrfx_gpiote.o
    0x0003969e   0x0003969e   0x00000002   PAD
    0x000396a0   0x000396a0   0x0000002e   Data   RO         5584    .constdata          nrfx_uart.o
    0x000396ce   0x000396ce   0x00000002   PAD
    0x000396d0   0x000396d0   0x00000034   Data   RO         5832    .constdata          nrfx_uarte.o
    0x00039704   0x00039704   0x0000000c   PAD
    0x00039710   0x00039710   0x000000aa   Data   RO         6050    .constdata          nrfx_saadc.o
    0x000397ba   0x000397ba   0x00000002   PAD
    0x000397bc   0x000397bc   0x00000014   Data   RO         6690    .constdata          app_timer2.o
    0x000397d0   0x000397d0   0x00000006   Data   RO         6974    .constdata          drv_rtc.o
    0x000397d6   0x000397d6   0x00000002   PAD
    0x000397d8   0x000397d8   0x00000018   Data   RO         7236    .constdata          fds.o
    0x000397f0   0x000397f0   0x00000010   Data   RO         8017    .constdata          nrf_fprintf_format.o
    0x00039800   0x00039800   0x0000005e   Data   RO         8068    .constdata          nrf_fstorage.o
    0x0003985e   0x0003985e   0x00000002   PAD
    0x00039860   0x00039860   0x00000030   Data   RO         8170    .constdata          nrf_fstorage_sd.o
    0x00039890   0x00039890   0x00000024   Data   RO         8369    .constdata          nrf_pwr_mgmt.o
    0x000398b4   0x000398b4   0x0000013c   Data   RO         8595    .constdata          nrf_strerror.o
    0x000399f0   0x000399f0   0x00000058   Data   RO         9150    .constdata          nrf_sdh.o
    0x00039a48   0x00039a48   0x00000030   Data   RO         9269    .constdata          nrf_sdh_ble.o
    0x00039a78   0x00039a78   0x0000001c   Data   RO         9324    .constdata          nrf_sdh_soc.o
    0x00039a94   0x00039a94   0x00000010   Data   RO         9363    .constdata          ble_nus.o
    0x00039aa4   0x00039aa4   0x0000000c   PAD
    0x00039ab0   0x00039ab0   0x00000016   Data   RO         9441    .constdata          nrf_log_backend_rtt.o
    0x00039ac6   0x00039ac6   0x00000002   PAD
    0x00039ac8   0x00039ac8   0x0000002c   Data   RO         9545    .constdata          nrf_log_backend_uart.o
    0x00039af4   0x00039af4   0x00000081   Data   RO        12508    .constdata          mc_w.l(ctype_o.o)
    0x00039b75   0x00039b75   0x00000003   PAD
    0x00039b78   0x00039b78   0x00000004   Data   RO        12509    .constdata          mc_w.l(ctype_o.o)
    0x00039b7c   0x00039b7c   0x00000020   Data   RO            6    .conststring        main.o
    0x00039b9c   0x00039b9c   0x0000190f   Data   RO          351    .conststring        event_id.o
    0x0003b4ab   0x0003b4ab   0x00000001   PAD
    0x0003b4ac   0x0003b4ac   0x00000047   Data   RO          686    .conststring        user_hardware.o
    0x0003b4f3   0x0003b4f3   0x00000001   PAD
    0x0003b4f4   0x0003b4f4   0x0000010d   Data   RO         1266    .conststring        model_cmd_act.o
    0x0003b601   0x0003b601   0x00000003   PAD
    0x0003b604   0x0003b604   0x000001a4   Data   RO         2643    .conststring        gatt_cache_manager.o
    0x0003b7a8   0x0003b7a8   0x0000019c   Data   RO         2820    .conststring        gatts_cache_manager.o
    0x0003b944   0x0003b944   0x0000013e   Data   RO         3097    .conststring        nrf_ble_gatt.o
    0x0003ba82   0x0003ba82   0x00000002   PAD
    0x0003ba84   0x0003ba84   0x000000e8   Data   RO         3286    .conststring        peer_data_storage.o
    0x0003bb6c   0x0003bb6c   0x00000180   Data   RO         3461    .conststring        peer_database.o
    0x0003bcec   0x0003bcec   0x00000090   Data   RO         3738    .conststring        peer_manager.o
    0x0003bd7c   0x0003bd7c   0x000003df   Data   RO         4034    .conststring        peer_manager_handler.o
    0x0003c15b   0x0003c15b   0x00000001   PAD
    0x0003c15c   0x0003c15c   0x000002b2   Data   RO         4211    .conststring        security_dispatcher.o
    0x0003c40e   0x0003c40e   0x00000002   PAD
    0x0003c410   0x0003c410   0x0000017b   Data   RO         4398    .conststring        security_manager.o
    0x0003c58b   0x0003c58b   0x00000001   PAD
    0x0003c58c   0x0003c58c   0x0000004f   Data   RO         8069    .conststring        nrf_fstorage.o
    0x0003c5db   0x0003c5db   0x00000001   PAD
    0x0003c5dc   0x0003c5dc   0x0000022a   Data   RO         8596    .conststring        nrf_strerror.o
    0x0003c806   0x0003c806   0x00000002   PAD
    0x0003c808   0x0003c808   0x000001cf   Data   RO         9270    .conststring        nrf_sdh_ble.o
    0x0003c9d7   0x0003c9d7   0x00000001   PAD
    0x0003c9d8   0x0003c9d8   0x00000046   Data   RO         9546    .conststring        nrf_log_backend_uart.o
    0x0003ca1e   0x0003ca1e   0x00000002   PAD
    0x0003ca20   0x0003ca20   0x00000066   Data   RO         9865    .conststring        nrf_log_str_formatter.o
    0x0003ca86   0x0003ca86   0x00000002   PAD
    0x0003ca88   0x0003ca88   0x00000011   Data   RO         2644    .conststrlit        gatt_cache_manager.o
    0x0003ca99   0x0003ca99   0x00000003   PAD
    0x0003ca9c   0x0003ca9c   0x00000012   Data   RO         2821    .conststrlit        gatts_cache_manager.o
    0x0003caae   0x0003caae   0x00000002   PAD
    0x0003cab0   0x0003cab0   0x00000010   Data   RO         2933    .conststrlit        id_manager.o
    0x0003cac0   0x0003cac0   0x0000000d   Data   RO         3098    .conststrlit        nrf_ble_gatt.o
    0x0003cacd   0x0003cacd   0x00000003   PAD
    0x0003cad0   0x0003cad0   0x00000011   Data   RO         3287    .conststrlit        peer_data_storage.o
    0x0003cae1   0x0003cae1   0x00000003   PAD
    0x0003cae4   0x0003cae4   0x00000011   Data   RO         3462    .conststrlit        peer_database.o
    0x0003caf5   0x0003caf5   0x00000003   PAD
    0x0003caf8   0x0003caf8   0x0000000d   Data   RO         3739    .conststrlit        peer_manager.o
    0x0003cb05   0x0003cb05   0x00000003   PAD
    0x0003cb08   0x0003cb08   0x00000015   Data   RO         4035    .conststrlit        peer_manager_handler.o
    0x0003cb1d   0x0003cb1d   0x00000003   PAD
    0x0003cb20   0x0003cb20   0x00000011   Data   RO         4212    .conststrlit        security_dispatcher.o
    0x0003cb31   0x0003cb31   0x00000003   PAD
    0x0003cb34   0x0003cb34   0x00000010   Data   RO         4399    .conststrlit        security_manager.o
    0x0003cb44   0x0003cb44   0x00000006   Data   RO         4608    .conststrlit        nrf_drv_clock.o
    0x0003cb4a   0x0003cb4a   0x00000002   PAD
    0x0003cb4c   0x0003cb4c   0x00000006   Data   RO         4973    .conststrlit        nrfx_clock.o
    0x0003cb52   0x0003cb52   0x00000002   PAD
    0x0003cb54   0x0003cb54   0x00000007   Data   RO         5177    .conststrlit        nrfx_gpiote.o
    0x0003cb5b   0x0003cb5b   0x00000001   PAD
    0x0003cb5c   0x0003cb5c   0x00000004   Data   RO         5495    .conststrlit        nrfx_prs.o
    0x0003cb60   0x0003cb60   0x00000005   Data   RO         5585    .conststrlit        nrfx_uart.o
    0x0003cb65   0x0003cb65   0x00000003   PAD
    0x0003cb68   0x0003cb68   0x00000006   Data   RO         5833    .conststrlit        nrfx_uarte.o
    0x0003cb6e   0x0003cb6e   0x00000002   PAD
    0x0003cb70   0x0003cb70   0x00000006   Data   RO         6051    .conststrlit        nrfx_saadc.o
    0x0003cb76   0x0003cb76   0x00000002   PAD
    0x0003cb78   0x0003cb78   0x00000006   Data   RO         6213    .conststrlit        nrfx_timer.o
    0x0003cb7e   0x0003cb7e   0x00000002   PAD
    0x0003cb80   0x0003cb80   0x00000004   Data   RO         6364    .conststrlit        nrfx_wdt.o
    0x0003cb84   0x0003cb84   0x0000000b   Data   RO         6445    .conststrlit        app_button.o
    0x0003cb8f   0x0003cb8f   0x00000001   PAD
    0x0003cb90   0x0003cb90   0x0000000a   Data   RO         6691    .conststrlit        app_timer2.o
    0x0003cb9a   0x0003cb9a   0x00000002   PAD
    0x0003cb9c   0x0003cb9c   0x0000000d   Data   RO         8070    .conststrlit        nrf_fstorage.o
    0x0003cba9   0x0003cba9   0x00000003   PAD
    0x0003cbac   0x0003cbac   0x00000009   Data   RO         8370    .conststrlit        nrf_pwr_mgmt.o
    0x0003cbb5   0x0003cbb5   0x00000003   PAD
    0x0003cbb8   0x0003cbb8   0x00000009   Data   RO         8542    .conststrlit        nrf_sortlist.o
    0x0003cbc1   0x0003cbc1   0x00000003   PAD
    0x0003cbc4   0x0003cbc4   0x00000008   Data   RO         9151    .conststrlit        nrf_sdh.o
    0x0003cbcc   0x0003cbcc   0x0000000c   Data   RO         9271    .conststrlit        nrf_sdh_ble.o
    0x0003cbd8   0x0003cbd8   0x0000000c   Data   RO         9325    .conststrlit        nrf_sdh_soc.o
    0x0003cbe4   0x0003cbe4   0x00000008   Data   RO         9364    .conststrlit        ble_nus.o
    0x0003cbec   0x0003cbec   0x00000021   Data   RO         9612    .conststrlit        nrf_log_default_backends.o
    0x0003cc0d   0x0003cc0d   0x00000003   PAD
    0x0003cc10   0x0003cc10   0x00000004   Data   RO         9687    .conststrlit        nrf_log_frontend.o
    0x0003cc14   0x0003cc14   0x00000020   Data   RO        12849    Region$$Table       anon$$obj.o
    0x0003cc34   0x0003cc34   0x00000020   Data   RO         9614    log_backends        nrf_log_default_backends.o
    0x0003cc54   0x0003cc54   0x00000008   Data   RO         2646    log_const_data      gatt_cache_manager.o
    0x0003cc5c   0x0003cc5c   0x00000008   Data   RO         2823    log_const_data      gatts_cache_manager.o
    0x0003cc64   0x0003cc64   0x00000008   Data   RO         2935    log_const_data      id_manager.o
    0x0003cc6c   0x0003cc6c   0x00000008   Data   RO         3099    log_const_data      nrf_ble_gatt.o
    0x0003cc74   0x0003cc74   0x00000008   Data   RO         3289    log_const_data      peer_data_storage.o
    0x0003cc7c   0x0003cc7c   0x00000008   Data   RO         3464    log_const_data      peer_database.o
    0x0003cc84   0x0003cc84   0x00000008   Data   RO         3741    log_const_data      peer_manager.o
    0x0003cc8c   0x0003cc8c   0x00000008   Data   RO         4037    log_const_data      peer_manager_handler.o
    0x0003cc94   0x0003cc94   0x00000008   Data   RO         4214    log_const_data      security_dispatcher.o
    0x0003cc9c   0x0003cc9c   0x00000008   Data   RO         4401    log_const_data      security_manager.o
    0x0003cca4   0x0003cca4   0x00000008   Data   RO         4609    log_const_data      nrf_drv_clock.o
    0x0003ccac   0x0003ccac   0x00000008   Data   RO         4975    log_const_data      nrfx_clock.o
    0x0003ccb4   0x0003ccb4   0x00000008   Data   RO         5178    log_const_data      nrfx_gpiote.o
    0x0003ccbc   0x0003ccbc   0x00000008   Data   RO         5497    log_const_data      nrfx_prs.o
    0x0003ccc4   0x0003ccc4   0x00000008   Data   RO         5586    log_const_data      nrfx_uart.o
    0x0003cccc   0x0003cccc   0x00000008   Data   RO         5834    log_const_data      nrfx_uarte.o
    0x0003ccd4   0x0003ccd4   0x00000008   Data   RO         6052    log_const_data      nrfx_saadc.o
    0x0003ccdc   0x0003ccdc   0x00000008   Data   RO         6214    log_const_data      nrfx_timer.o
    0x0003cce4   0x0003cce4   0x00000008   Data   RO         6366    log_const_data      nrfx_wdt.o
    0x0003ccec   0x0003ccec   0x00000008   Data   RO         6447    log_const_data      app_button.o
    0x0003ccf4   0x0003ccf4   0x00000008   Data   RO         6693    log_const_data      app_timer2.o
    0x0003ccfc   0x0003ccfc   0x00000008   Data   RO         8071    log_const_data      nrf_fstorage.o
    0x0003cd04   0x0003cd04   0x00000008   Data   RO         8372    log_const_data      nrf_pwr_mgmt.o
    0x0003cd0c   0x0003cd0c   0x00000008   Data   RO         8543    log_const_data      nrf_sortlist.o
    0x0003cd14   0x0003cd14   0x00000008   Data   RO         9153    log_const_data      nrf_sdh.o
    0x0003cd1c   0x0003cd1c   0x00000008   Data   RO         9273    log_const_data      nrf_sdh_ble.o
    0x0003cd24   0x0003cd24   0x00000008   Data   RO         9326    log_const_data      nrf_sdh_soc.o
    0x0003cd2c   0x0003cd2c   0x00000008   Data   RO         9365    log_const_data      ble_nus.o
    0x0003cd34   0x0003cd34   0x00000008   Data   RO         9689    log_const_data      nrf_log_frontend.o
    0x0003cd3c   0x0003cd3c   0x00000014   Data   RO         9690    nrf_balloc          nrf_log_frontend.o
    0x0003cd50   0x0003cd50   0x00000028   Data   RO          968    nrf_queue           model_data_trs.o
    0x0003cd78   0x0003cd78   0x00000028   Data   RO         1268    nrf_queue           model_cmd_act.o
    0x0003cda0   0x0003cda0   0x00000008   Data   RO         2330    sdh_ble_observers0  ble_conn_state.o
    0x0003cda8   0x0003cda8   0x00000008   Data   RO          393    sdh_ble_observers1  model_ble.o
    0x0003cdb0   0x0003cdb0   0x00000008   Data   RO         2220    sdh_ble_observers1  ble_conn_params.o
    0x0003cdb8   0x0003cdb8   0x00000008   Data   RO         3742    sdh_ble_observers1  peer_manager.o
    0x0003cdc0   0x0003cdc0   0x00000008   Data   RO        10413    sdh_ble_observers1  bsp_btn_ble.o
    0x0003cdc8   0x0003cdc8   0x00000018   Data   RO          394    sdh_ble_observers2  model_ble.o
    0x0003cde0   0x0003cde0   0x00000008   Data   RO          395    sdh_ble_observers3  model_ble.o
    0x0003cde8   0x0003cde8   0x00000008   Data   RO         8172    sdh_req_observers0  nrf_fstorage_sd.o
    0x0003cdf0   0x0003cdf0   0x00000008   Data   RO         4610    sdh_soc_observers0  nrf_drv_clock.o
    0x0003cdf8   0x0003cdf8   0x00000008   Data   RO         8173    sdh_soc_observers0  nrf_fstorage_sd.o
    0x0003ce00   0x0003ce00   0x00000008   Data   RO         9274    sdh_stack_observers0  nrf_sdh_ble.o
    0x0003ce08   0x0003ce08   0x00000008   Data   RO         9327    sdh_stack_observers0  nrf_sdh_soc.o
    0x0003ce10   0x0003ce10   0x00000008   Data   RO         4611    sdh_state_observers0  nrf_drv_clock.o
    0x0003ce18   0x0003ce18   0x00000008   Data   RO         8174    sdh_state_observers0  nrf_fstorage_sd.o


    Execution Region RW_IRAM1 (Exec base: 0x20003b00, Load base: 0x0003ce20, Size: 0x00003ce0, Max: 0x0001c500, ABSOLUTE, COMPRESSED[0x00000474])

    Exec Addr    Load Addr    Size         Type   Attr      Idx    E Section Name        Object

    0x20003b00   COMPRESSED   0x00000014   Data   RW            7    .data               main.o
    0x20003b14   COMPRESSED   0x000003e4   Data   RW          352    .data               event_id.o
    0x20003ef8   COMPRESSED   0x00000072   Data   RW          392    .data               model_ble.o
    0x20003f6a   COMPRESSED   0x00000006   PAD
    0x20003f70   COMPRESSED   0x0000002e   Data   RW          687    .data               user_hardware.o
    0x20003f9e   COMPRESSED   0x00000002   PAD
    0x20003fa0   COMPRESSED   0x00000028   Data   RW          860    .data               model_calendar.o
    0x20003fc8   COMPRESSED   0x00000028   Data   RW          967    .data               model_data_trs.o
    0x20003ff0   COMPRESSED   0x000000a0   Data   RW         1267    .data               model_cmd_act.o
    0x20004090   COMPRESSED   0x00000001   Data   RW         1537    .data               model_bond.o
    0x20004091   COMPRESSED   0x00000003   PAD
    0x20004094   COMPRESSED   0x00000055   Data   RW         1830    .data               hal_flash.o
    0x200040e9   COMPRESSED   0x00000001   PAD
    0x200040ea   COMPRESSED   0x00000008   Data   RW         2219    .data               ble_conn_params.o
    0x200040f2   COMPRESSED   0x00000002   PAD
    0x200040f4   COMPRESSED   0x00000013   Data   RW         2645    .data               gatt_cache_manager.o
    0x20004107   COMPRESSED   0x00000001   PAD
    0x20004108   COMPRESSED   0x0000000a   Data   RW         2822    .data               gatts_cache_manager.o
    0x20004112   COMPRESSED   0x00000002   PAD
    0x20004114   COMPRESSED   0x0000000c   Data   RW         3288    .data               peer_data_storage.o
    0x20004120   COMPRESSED   0x00000008   Data   RW         3463    .data               peer_database.o
    0x20004128   COMPRESSED   0x00000010   Data   RW         3740    .data               peer_manager.o
    0x20004138   COMPRESSED   0x000000d8   Data   RW         4036    .data               peer_manager_handler.o
    0x20004210   COMPRESSED   0x00000005   Data   RW         4213    .data               security_dispatcher.o
    0x20004215   COMPRESSED   0x00000003   PAD
    0x20004218   COMPRESSED   0x00000018   Data   RW         4400    .data               security_manager.o
    0x20004230   COMPRESSED   0x00000012   Data   RW         4761    .data               nrf_drv_uart.o
    0x20004242   COMPRESSED   0x00000002   PAD
    0x20004244   COMPRESSED   0x00000008   Data   RW         4974    .data               nrfx_clock.o
    0x2000424c   COMPRESSED   0x00000008   Data   RW         5496    .data               nrfx_prs.o
    0x20004254   COMPRESSED   0x00000008   Data   RW         6365    .data               nrfx_wdt.o
    0x2000425c   COMPRESSED   0x00000004   PAD
    0x20004260   COMPRESSED   0x00000024   Data   RW         6692    .data               app_timer2.o
    0x20004284   COMPRESSED   0x0000000c   Data   RW         6975    .data               drv_rtc.o
    0x20004290   COMPRESSED   0x00000030   Data   RW         7237    .data               fds.o
    0x200042c0   COMPRESSED   0x00000008   Data   RW         8171    .data               nrf_fstorage_sd.o
    0x200042c8   COMPRESSED   0x00000009   Data   RW         8371    .data               nrf_pwr_mgmt.o
    0x200042d1   COMPRESSED   0x00000003   Data   RW         9152    .data               nrf_sdh.o
    0x200042d4   COMPRESSED   0x00000001   Data   RW         9272    .data               nrf_sdh_ble.o
    0x200042d5   COMPRESSED   0x00000001   Data   RW         9442    .data               nrf_log_backend_rtt.o
    0x200042d6   COMPRESSED   0x00000002   PAD
    0x200042d8   COMPRESSED   0x00000016   Data   RW         9547    .data               nrf_log_backend_uart.o
    0x200042ee   COMPRESSED   0x00000002   PAD
    0x200042f0   COMPRESSED   0x00000010   Data   RW         9613    .data               nrf_log_default_backends.o
    0x20004300   COMPRESSED   0x00000014   Data   RW         9688    .data               nrf_log_frontend.o
    0x20004314   COMPRESSED   0x00000040   Data   RW         9866    .data               nrf_log_str_formatter.o
    0x20004354   COMPRESSED   0x00000008   Data   RW        10412    .data               bsp_btn_ble.o
    0x2000435c   COMPRESSED   0x00000004   Data   RW        10908    .data               system_nrf52.o
    0x20004360   COMPRESSED   0x00000014   Data   RW         7238    fs_data             fds.o
    0x20004374        -       0x000000a0   Zero   RW          390    .bss                model_ble.o
    0x20004414        -       0x00000228   Zero   RW          964    .bss                model_data_trs.o
    0x2000463c        -       0x00000148   Zero   RW         1264    .bss                model_cmd_act.o
    0x20004784   COMPRESSED   0x00000004   PAD
    0x20004788        -       0x00000084   Zero   RW         2218    .bss                ble_conn_params.o
    0x2000480c        -       0x0000007c   Zero   RW         2329    .bss                ble_conn_state.o
    0x20004888        -       0x000000d8   Zero   RW         2930    .bss                id_manager.o
    0x20004960        -       0x00000180   Zero   RW         3459    .bss                peer_database.o
    0x20004ae0        -       0x00000040   Zero   RW         3604    .bss                peer_id.o
    0x20004b20        -       0x0000000c   Zero   RW         3736    .bss                peer_manager.o
    0x20004b2c        -       0x00000040   Zero   RW         4209    .bss                security_dispatcher.o
    0x20004b6c        -       0x00000014   Zero   RW         4606    .bss                nrf_drv_clock.o
    0x20004b80        -       0x00000068   Zero   RW         5175    .bss                nrfx_gpiote.o
    0x20004be8        -       0x0000002c   Zero   RW         5583    .bss                nrfx_uart.o
    0x20004c14        -       0x00000048   Zero   RW         5831    .bss                nrfx_uarte.o
    0x20004c5c        -       0x00000030   Zero   RW         6049    .bss                nrfx_saadc.o
    0x20004c8c        -       0x0000000c   Zero   RW         6211    .bss                nrfx_timer.o
    0x20004c98        -       0x00000020   Zero   RW         6527    .bss                app_error.o
    0x20004cb8        -       0x00000068   Zero   RW         6689    .bss                app_timer2.o
    0x20004d20        -       0x0000000c   Zero   RW         6832    .bss                app_util_platform.o
    0x20004d2c        -       0x00000128   Zero   RW         7235    .bss                fds.o
    0x20004e54        -       0x000000b0   Zero   RW         8169    .bss                nrf_fstorage_sd.o
    0x20004f04        -       0x0000000c   Zero   RW         8368    .bss                nrf_pwr_mgmt.o
    0x20004f10        -       0x00000040   Zero   RW         9440    .bss                nrf_log_backend_rtt.o
    0x20004f50        -       0x00000080   Zero   RW         9544    .bss                nrf_log_backend_uart.o
    0x20004fd0        -       0x00000578   Zero   RW         9685    .bss                nrf_log_frontend.o
    0x20005548        -       0x00000288   Zero   RW         9943    .bss                segger_rtt.o
    0x200057d0        -       0x0000000c   Zero   RW        10307    .bss                bsp.o
    0x200057dc   COMPRESSED   0x00000004   PAD
    0x200057e0        -       0x00002000   Zero   RW        10513    STACK               arm_startup_nrf52833.o


==============================================================================

Image component sizes


      Code (inc. data)   RO Data    RW Data    ZI Data      Debug   Object Name

         0          0         19          0          0       1591   app_button.o
       136          4          0          0         32       3518   app_error.o
        26          0          0          0          0        564   app_error_handler_keil.o
       456        194          0          0          0       4866   app_error_weak.o
         0          0          0          0          0      37154   app_scheduler.o
      1336        120         38         36        104      19397   app_timer2.o
       200         24          0          0         12      11534   app_util_platform.o
        36          8        512          0       8192        940   arm_startup_nrf52833.o
      1638          0          0          0          0      53923   ble_advdata.o
       936         56          8          8        132      11975   ble_conn_params.o
      1022        146          8          0        124      19547   ble_conn_state.o
       108          0          0          0          0       1592   ble_link_ctx_manager.o
      1078        222         32          0          0       7444   ble_nus.o
       676          6          0          0          0      83845   ble_srv_common.o
        92          6          0          0         12       7260   bsp.o
       288          8          8          8          0       3808   bsp_btn_ble.o
       104          0          0          0          0       4472   data_transfer.o
      1010         98          6         12          0      53213   drv_rtc.o
         0          0       6415        996          0       1329   event_id.o
      5312        488         24         68        296      63178   fds.o
      2614        620        553         19          0      36363   gatt_cache_manager.o
      1048        146        462         10          0      17239   gatts_cache_manager.o
      2222        570          0         85          0       8179   hal_flash.o
       344         42         11          0          0      12842   hal_gpio.o
       260         76         13          0          0      13123   hal_saadc.o
       286         64          0          0          0       5975   hal_timer.o
       160         46         24          0          0       3216   hal_watchdog.o
      1090         34         32          0        216      18023   id_manager.o
      1232        436         38         20          0     184981   main.o
      4452       1708         44        114        160      50975   model_ble.o
      1140        366          0          1          0      12102   model_bond.o
       468         50          4         40          0       7807   model_calendar.o
      2786        686        351        160        328      24491   model_cmd_act.o
       996        306         44         40        552      11499   model_data_trs.o
       136          0          0          0          0       2220   model_user_protocol.o
       374          0          0          0          0       6756   nrf_atfifo.o
       232          0          0          0          0       4984   nrf_atflags.o
       444          0          0          0          0      10336   nrf_atomic.o
       158          0          0          0          0       3029   nrf_balloc.o
      2098        788        361          0          0      40113   nrf_ble_gatt.o
       390          0          0          0          0       6233   nrf_ble_qwr.o
       440         52         30          0         20      44768   nrf_drv_clock.o
       252         42          0         18          0      17792   nrf_drv_uart.o
        70          0          0          0          0       3597   nrf_fprintf.o
      1030          6         16          0          0       7186   nrf_fprintf_format.o
      1216        430        194          0          0       8172   nrf_fstorage.o
      1118        118         72          8        176      19199   nrf_fstorage_sd.o
       168         16         22          1         64       5874   nrf_log_backend_rtt.o
       242          0          0          0          0      10993   nrf_log_backend_serial.o
       346         62        114         22        128      15430   nrf_log_backend_uart.o
         0          0         65         16          0       2585   nrf_log_default_backends.o
      2290        126         32         20       1400      33448   nrf_log_frontend.o
       626        112        102         64          0       6020   nrf_log_str_formatter.o
       502          0          0          0          0       9000   nrf_memobj.o
       498         54         53          9         12      51654   nrf_pwr_mgmt.o
       510          0          0          0          0       7551   nrf_queue.o
         0          0          0          0          0       1088   nrf_ringbuf.o
       994        210        104          3          0      45278   nrf_sdh.o
       972        304        539          1          0       6539   nrf_sdh_ble.o
       152         68         56          0          0       2696   nrf_sdh_soc.o
       112          0          0          0          0       2820   nrf_section_iter.o
       110          0         17          0          0       4037   nrf_sortlist.o
        92         10        870          0          0       2747   nrf_strerror.o
       408         32         14          8          0      49056   nrfx_clock.o
      2066        156         81          0        104      75453   nrfx_gpiote.o
       140         14         12          8          0       4556   nrfx_prs.o
      1276         78        184          0         48      23503   nrfx_saadc.o
       686         40         14          0         12      20388   nrfx_timer.o
      1728         60         59          0         44      38648   nrfx_uart.o
      1754         68         66          0         72      35591   nrfx_uarte.o
       416         62         12          8          0       8972   nrfx_wdt.o
      1496        150        281         12          0      22783   peer_data_storage.o
      1838        276        425          8        384      22910   peer_database.o
       438         52          0          0         64      10487   peer_id.o
      2518        546        217         16         12      25453   peer_manager.o
      2676        940       1076        216          0      10611   peer_manager_handler.o
       330          0          0          0          0       6511   pm_buffer.o
       172         58          0          0          0       2924   power.o
      2368        290        835          5         64      32147   security_dispatcher.o
      1778        164        408         24          0      56242   security_manager.o
       350          6          0          0        648       7259   segger_rtt.o
       720         66          0          4          0      36676   system_nrf52.o
      1312        402        121         46          0      40428   user_hardware.o

    ----------------------------------------------------------------------
     73706      12388      15256       2164      13420    1710708   Object Totals
         0          0         32          0          0          0   (incl. Generated)
       112          0        126         30          8          0   (incl. Padding)

    ----------------------------------------------------------------------

      Code (inc. data)   RO Data    RW Data    ZI Data      Debug   Library Member Name

        94          0          0          0          0          0   __dclz77c.o
         8          4        133          0          0         68   ctype_o.o
         0          0          0          0          0          0   entry.o
         0          0          0          0          0          0   entry10a.o
         0          0          0          0          0          0   entry11a.o
         4          0          0          0          0          0   entry12b.o
         8          4          0          0          0          0   entry2.o
         4          0          0          0          0          0   entry5.o
         0          0          0          0          0          0   entry7b.o
         0          0          0          0          0          0   entry8b.o
         8          4          0          0          0          0   entry9a.o
        30          0          0          0          0          0   handlers.o
        36          8          0          0          0         68   init.o
        30          0          0          0          0         68   llshl.o
        32          0          0          0          0         68   llushr.o
        26          0          0          0          0         80   memcmp.o
        36          0          0          0          0         68   memcpya.o
        36          0          0          0          0        108   memseta.o
        14          0          0          0          0         68   strlen.o
        30          0          0          0          0         80   strncmp.o
        24          0          0          0          0         76   strncpy.o
        12          0          0          0          0         68   tolower.o
        98          0          0          0          0         92   uldiv.o

    ----------------------------------------------------------------------
       534         20        136          0          0        912   Library Totals
         4          0          3          0          0          0   (incl. Padding)

    ----------------------------------------------------------------------

      Code (inc. data)   RO Data    RW Data    ZI Data      Debug   Library Name

       530         20        133          0          0        912   mc_w.l

    ----------------------------------------------------------------------
       534         20        136          0          0        912   Library Totals

    ----------------------------------------------------------------------

==============================================================================


      Code (inc. data)   RO Data    RW Data    ZI Data      Debug   

     74240      12408      15392       2164      13420    1626892   Grand Totals
     74240      12408      15392       1140      13420    1626892   ELF Image Totals (compressed)
     74240      12408      15392       1140          0          0   ROM Totals

==============================================================================

    Total RO  Size (Code + RO Data)                89632 (  87.53kB)
    Total RW  Size (RW Data + ZI Data)             15584 (  15.22kB)
    Total ROM Size (Code + RO Data + RW Data)      90772 (  88.64kB)

==============================================================================

